Archive member included to satisfy reference by file (symbol)

d:/env_released_1.1.3/env/tools/gnu_gcc/arm_gcc/mingw/bin/../lib/gcc/arm-none-eabi/5.4.1/../../../../arm-none-eabi/lib/armv7-ar/thumb/softfp\libc.a(lib_a-assert.o)
                              build\drivers\iomux\uart_iomux_config.o (__assert_func)
d:/env_released_1.1.3/env/tools/gnu_gcc/arm_gcc/mingw/bin/../lib/gcc/arm-none-eabi/5.4.1/../../../../arm-none-eabi/lib/armv7-ar/thumb/softfp\libc.a(lib_a-atoi.o)
                              build\kernel\components\finsh\finsh_token.o (atoi)
d:/env_released_1.1.3/env/tools/gnu_gcc/arm_gcc/mingw/bin/../lib/gcc/arm-none-eabi/5.4.1/../../../../arm-none-eabi/lib/armv7-ar/thumb/softfp\libc.a(lib_a-fclose.o)
                              build\kernel\components\libc\compilers\newlib\stdio.o (fclose)
d:/env_released_1.1.3/env/tools/gnu_gcc/arm_gcc/mingw/bin/../lib/gcc/arm-none-eabi/5.4.1/../../../../arm-none-eabi/lib/armv7-ar/thumb/softfp\libc.a(lib_a-fflush.o)
                              d:/env_released_1.1.3/env/tools/gnu_gcc/arm_gcc/mingw/bin/../lib/gcc/arm-none-eabi/5.4.1/../../../../arm-none-eabi/lib/armv7-ar/thumb/softfp\libc.a(lib_a-fclose.o) (__sflush_r)
d:/env_released_1.1.3/env/tools/gnu_gcc/arm_gcc/mingw/bin/../lib/gcc/arm-none-eabi/5.4.1/../../../../arm-none-eabi/lib/armv7-ar/thumb/softfp\libc.a(lib_a-fileno.o)
                              build\kernel\components\libc\compilers\newlib\stdio.o (fileno)
d:/env_released_1.1.3/env/tools/gnu_gcc/arm_gcc/mingw/bin/../lib/gcc/arm-none-eabi/5.4.1/../../../../arm-none-eabi/lib/armv7-ar/thumb/softfp\libc.a(lib_a-findfp.o)
                              d:/env_released_1.1.3/env/tools/gnu_gcc/arm_gcc/mingw/bin/../lib/gcc/arm-none-eabi/5.4.1/../../../../arm-none-eabi/lib/armv7-ar/thumb/softfp\libc.a(lib_a-fclose.o) (__sinit)
d:/env_released_1.1.3/env/tools/gnu_gcc/arm_gcc/mingw/bin/../lib/gcc/arm-none-eabi/5.4.1/../../../../arm-none-eabi/lib/armv7-ar/thumb/softfp\libc.a(lib_a-fiprintf.o)
                              d:/env_released_1.1.3/env/tools/gnu_gcc/arm_gcc/mingw/bin/../lib/gcc/arm-none-eabi/5.4.1/../../../../arm-none-eabi/lib/armv7-ar/thumb/softfp\libc.a(lib_a-assert.o) (fiprintf)
d:/env_released_1.1.3/env/tools/gnu_gcc/arm_gcc/mingw/bin/../lib/gcc/arm-none-eabi/5.4.1/../../../../arm-none-eabi/lib/armv7-ar/thumb/softfp\libc.a(lib_a-fopen.o)
                              build\kernel\components\libc\compilers\newlib\stdio.o (fopen)
d:/env_released_1.1.3/env/tools/gnu_gcc/arm_gcc/mingw/bin/../lib/gcc/arm-none-eabi/5.4.1/../../../../arm-none-eabi/lib/armv7-ar/thumb/softfp\libc.a(lib_a-fseek.o)
                              d:/env_released_1.1.3/env/tools/gnu_gcc/arm_gcc/mingw/bin/../lib/gcc/arm-none-eabi/5.4.1/../../../../arm-none-eabi/lib/armv7-ar/thumb/softfp\libc.a(lib_a-fopen.o) (_fseek_r)
d:/env_released_1.1.3/env/tools/gnu_gcc/arm_gcc/mingw/bin/../lib/gcc/arm-none-eabi/5.4.1/../../../../arm-none-eabi/lib/armv7-ar/thumb/softfp\libc.a(lib_a-fseeko.o)
                              d:/env_released_1.1.3/env/tools/gnu_gcc/arm_gcc/mingw/bin/../lib/gcc/arm-none-eabi/5.4.1/../../../../arm-none-eabi/lib/armv7-ar/thumb/softfp\libc.a(lib_a-fseek.o) (_fseeko_r)
d:/env_released_1.1.3/env/tools/gnu_gcc/arm_gcc/mingw/bin/../lib/gcc/arm-none-eabi/5.4.1/../../../../arm-none-eabi/lib/armv7-ar/thumb/softfp\libc.a(lib_a-fwalk.o)
                              d:/env_released_1.1.3/env/tools/gnu_gcc/arm_gcc/mingw/bin/../lib/gcc/arm-none-eabi/5.4.1/../../../../arm-none-eabi/lib/armv7-ar/thumb/softfp\libc.a(lib_a-findfp.o) (_fwalk)
d:/env_released_1.1.3/env/tools/gnu_gcc/arm_gcc/mingw/bin/../lib/gcc/arm-none-eabi/5.4.1/../../../../arm-none-eabi/lib/armv7-ar/thumb/softfp\libc.a(lib_a-impure.o)
                              build\kernel\components\libc\compilers\newlib\stdio.o (_global_impure_ptr)
d:/env_released_1.1.3/env/tools/gnu_gcc/arm_gcc/mingw/bin/../lib/gcc/arm-none-eabi/5.4.1/../../../../arm-none-eabi/lib/armv7-ar/thumb/softfp\libc.a(lib_a-makebuf.o)
                              d:/env_released_1.1.3/env/tools/gnu_gcc/arm_gcc/mingw/bin/../lib/gcc/arm-none-eabi/5.4.1/../../../../arm-none-eabi/lib/armv7-ar/thumb/softfp\libc.a(lib_a-fseeko.o) (__smakebuf_r)
d:/env_released_1.1.3/env/tools/gnu_gcc/arm_gcc/mingw/bin/../lib/gcc/arm-none-eabi/5.4.1/../../../../arm-none-eabi/lib/armv7-ar/thumb/softfp\libc.a(lib_a-memcmp.o)
                              build\kernel\components\finsh\shell.o (memcmp)
d:/env_released_1.1.3/env/tools/gnu_gcc/arm_gcc/mingw/bin/../lib/gcc/arm-none-eabi/5.4.1/../../../../arm-none-eabi/lib/armv7-ar/thumb/softfp\libc.a(lib_a-memcpy.o)
                              build\kernel\components\drivers\src\ringbuffer.o (memcpy)
d:/env_released_1.1.3/env/tools/gnu_gcc/arm_gcc/mingw/bin/../lib/gcc/arm-none-eabi/5.4.1/../../../../arm-none-eabi/lib/armv7-ar/thumb/softfp\libc.a(lib_a-memset.o)
[...]
Memory Configuration

Name             Origin             Length             Attributes
*default*        0x00000000         0xffffffff

Linker script and memory map

LOAD d:/env_released_1.1.3/env/tools/gnu_gcc/arm_gcc/mingw/bin/../lib/gcc/arm-none-eabi/5.4.1/armv7-ar/thumb/softfp/crti.o
LOAD d:/env_released_1.1.3/env/tools/gnu_gcc/arm_gcc/mingw/bin/../lib/gcc/arm-none-eabi/5.4.1/armv7-ar/thumb/softfp/crtbegin.o
LOAD d:/env_released_1.1.3/env/tools/gnu_gcc/arm_gcc/mingw/bin/../lib/gcc/arm-none-eabi/5.4.1/../../../../arm-none-eabi/lib/armv7-ar/thumb/softfp/crt0.o
LOAD build\applications\application.o
LOAD build\applications\startup.o
LOAD build\drivers\board.o
LOAD build\drivers\serial.o
LOAD build\drivers\iomux\iomux_config.o
LOAD build\drivers\iomux\uart_iomux_config.o
LOAD build\platform\drivers\epit.o
LOAD build\platform\drivers\gpt.o
LOAD build\platform\drivers\imx_timer.o
LOAD build\platform\drivers\imx_i2c.o
LOAD build\platform\drivers\imx_uart.o
LOAD build\platform\cpu\armv7_cache.o
LOAD build\platform\cpu\ccm_pll2.o
LOAD build\platform\cpu\cortex_a_gcc.o
LOAD build\kernel\src\clock.o
LOAD build\kernel\src\components.o
LOAD build\kernel\src\device.o
LOAD build\kernel\src\idle.o
LOAD build\kernel\src\ipc.o
LOAD build\kernel\src\irq.o
LOAD build\kernel\src\kservice.o
LOAD build\kernel\src\mem.o
LOAD build\kernel\src\mempool.o
LOAD build\kernel\src\object.o
LOAD build\kernel\src\scheduler.o
LOAD build\kernel\src\signal.o
LOAD build\kernel\src\thread.o
LOAD build\kernel\src\timer.o
LOAD build\kernel\libcpu\arm\common\backtrace.o
LOAD build\kernel\libcpu\arm\common\div0.o
LOAD build\kernel\libcpu\arm\common\showmem.o
LOAD build\kernel\libcpu\arm\cortex-a\cache.o
LOAD build\kernel\libcpu\arm\cortex-a\cpu.o
LOAD build\kernel\libcpu\arm\cortex-a\gic.o
LOAD build\kernel\libcpu\arm\cortex-a\interrupt.o
LOAD build\kernel\libcpu\arm\cortex-a\mmu.o
LOAD build\kernel\libcpu\arm\cortex-a\pmu.o
LOAD build\kernel\libcpu\arm\cortex-a\stack.o
LOAD build\kernel\libcpu\arm\cortex-a\trap.o
LOAD build\kernel\libcpu\arm\cortex-a\context_gcc.o
LOAD build\kernel\libcpu\arm\cortex-a\cp15_gcc.o
LOAD build\kernel\libcpu\arm\cortex-a\start_gcc.o
LOAD build\kernel\libcpu\arm\cortex-a\vector_gcc.o
LOAD build\kernel\components\dfs\src\dfs.o
LOAD build\kernel\components\dfs\src\dfs_file.o
LOAD build\kernel\components\dfs\src\dfs_fs.o
LOAD build\kernel\components\dfs\src\dfs_posix.o
LOAD build\kernel\components\dfs\src\poll.o
LOAD build\kernel\components\dfs\src\select.o
LOAD build\kernel\components\dfs\filesystems\devfs\devfs.o
LOAD build\kernel\components\drivers\misc\pin.o
LOAD build\kernel\components\drivers\serial\serial.o
LOAD build\kernel\components\drivers\src\completion.o
LOAD build\kernel\components\drivers\src\dataqueue.o
LOAD build\kernel\components\drivers\src\pipe.o
LOAD build\kernel\components\drivers\src\ringblk_buf.o
LOAD build\kernel\components\drivers\src\ringbuffer.o
LOAD build\kernel\components\drivers\src\waitqueue.o
LOAD build\kernel\components\drivers\src\workqueue.o
LOAD build\kernel\components\finsh\shell.o
LOAD build\kernel\components\finsh\cmd.o
LOAD build\kernel\components\finsh\msh.o
LOAD build\kernel\components\finsh\msh_file.o
LOAD build\kernel\components\finsh\finsh_compiler.o
LOAD build\kernel\components\finsh\finsh_error.o
LOAD build\kernel\components\finsh\finsh_heap.o
LOAD build\kernel\components\finsh\finsh_init.o
LOAD build\kernel\components\finsh\finsh_node.o
LOAD build\kernel\components\finsh\finsh_ops.o
LOAD build\kernel\components\finsh\finsh_parser.o
LOAD build\kernel\components\finsh\finsh_var.o
LOAD build\kernel\components\finsh\finsh_vm.o
LOAD build\kernel\components\finsh\finsh_token.o
LOAD build\kernel\components\libc\compilers\newlib\libc.o
LOAD build\kernel\components\libc\compilers\newlib\libc_syms.o
LOAD build\kernel\components\libc\compilers\newlib\stdio.o
LOAD build\kernel\components\libc\compilers\newlib\syscalls.o
LOAD build\kernel\components\libc\compilers\newlib\time.o
LOAD d:/env_released_1.1.3/env/tools/gnu_gcc/arm_gcc/mingw/bin/../lib/gcc/arm-none-eabi/5.4.1/../../../../arm-none-eabi/lib/armv7-ar/thumb/softfp\libc.a
LOAD d:/env_released_1.1.3/env/tools/gnu_gcc/arm_gcc/mingw/bin/../lib/gcc/arm-none-eabi/5.4.1/../../../../arm-none-eabi/lib/armv7-ar/thumb/softfp\libm.a
START GROUP
LOAD d:/env_released_1.1.3/env/tools/gnu_gcc/arm_gcc/mingw/bin/../lib/gcc/arm-none-eabi/5.4.1/armv7-ar/thumb/softfp\libgcc.a
LOAD d:/env_released_1.1.3/env/tools/gnu_gcc/arm_gcc/mingw/bin/../lib/gcc/arm-none-eabi/5.4.1/../../../../arm-none-eabi/lib/armv7-ar/thumb/softfp\libc.a
END GROUP
LOAD d:/env_released_1.1.3/env/tools/gnu_gcc/arm_gcc/mingw/bin/../lib/gcc/arm-none-eabi/5.4.1/armv7-ar/thumb/softfp/crtend.o
LOAD d:/env_released_1.1.3/env/tools/gnu_gcc/arm_gcc/mingw/bin/../lib/gcc/arm-none-eabi/5.4.1/armv7-ar/thumb/softfp/crtn.o
                0x80100000                . = 0x80100000
                0x80100000                __text_start = .

.text           0x80100000    0x304cc
 *(.vectors)
 .vectors       0x80100000       0x40 build\kernel\libcpu\arm\cortex-a\vector_gcc.o
                0x80100000                system_vectors
 *(.text)
 .text          0x80100040      0x12c build\applications\application.o
                0x80100040                show_freq
                0x801000d4                init_thread
                0x8010010c                rt_application_init
 .text          0x8010016c       0x60 build\applications\startup.o
                0x8010016c                rtthread_startup
                0x801001b0                main
 .text          0x801001cc      0x168 build\drivers\board.o
                0x801001f8                rt_hw_timer_init
                0x8010030c                rt_hw_board_init
 .text          0x80100334      0x3e0 build\drivers\serial.o
                0x80100648                rt_hw_uart_init
 .text          0x80100714      0x1cc build\drivers\iomux\uart_iomux_config.o
                0x80100714                uart1_iomux_config
                0x8010078c                uart2_iomux_config
                0x801007a4                uart3_iomux_config
                0x801007bc                uart4_iomux_config
                0x801007d4                uart5_iomux_config
                0x801007ec                uart6_iomux_config
                0x80100804                uart7_iomux_config
                0x8010081c                uart8_iomux_config
                0x80100834                uart_iomux_config
 .text          0x801008e0      0x974 build\platform\drivers\epit.o
                0x80100974                epit_reload_counter
                0x801009d8                epit_get_counter_value
                0x80100a34                epit_set_compare_event
                0x80100a98                epit_get_compare_event
                0x80100b8c                epit_counter_disable
                0x80100d50                epit_counter_enable
                0x80100fac                epit_setup_interrupt
                0x8010103c                epit_init
 .text          0x80101254     0x3528 build\platform\drivers\imx_uart.o
                0x801012e8                uart_get_reffreq
                0x801013e0                uart_putchar
                0x80101590                uart_getchar
                0x80101754                uart_set_FIFO_mode
                0x80102630                uart_set_loopback_mode
                0x80102940                uart_setup_interrupt
                0x80102a0c                uart_init
 .text          0x8010477c      0xb70 build\platform\cpu\ccm_pll2.o
                0x8010477c                set_soc_core_voltage
                0x8010482c                setup_clk
                0x80104990                ccm_init
                0x80104a7c                get_main_clock
                0x80104cc4                get_peri_clock
                0x80104e70                ccm_ccgr_config
                0x80104edc                clock_gating_config
 .text          0x801052ec      0x164 build\platform\cpu\cortex_a_gcc.o
                0x801052ec                arm_set_interrupt_state
                0x80105310                cpu_get_current
                0x8010531c                enable_neon_fpu
                0x80105338                disable_strict_align_check
                0x8010534c                disable_L1_cache
                0x8010536c                get_arm_private_peripheral_base
                0x80105374                arm_unified_tlb_invalidate
                0x80105384                arm_unified_tlb_invalidate_is
                0x80105394                arm_branch_prediction_enable
                0x801053a4                arm_branch_prediction_disable
                0x801053b4                arm_branch_target_cache_invalidate
                0x801053c0                arm_branch_target_cache_invalidate_is
                0x801053cc                scu_enable
                0x801053e0                scu_join_smp
                0x801053f0                scu_leave_smp
                0x80105400                scu_get_cpus_in_smp
                0x80105414                scu_enable_maintenance_broadcast
                0x80105424                scu_disable_maintenance_broadcast
                0x80105434                scu_secure_invalidate
 .text          0x80105450      0x1fc build\kernel\src\clock.o
                0x80105450                rt_system_tick_init
                0x80105468                rt_tick_get
                0x8010548c                rt_tick_set
                0x801054c8                rt_tick_increase
                0x80105558                rt_tick_from_millisecond
 .text          0x8010564c      0x118 build\kernel\src\components.o
                0x801056bc                rt_components_board_init
                0x80105710                rt_components_init
 .text          0x80105764      0xb68 build\kernel\src\device.o
                0x801057fc                rt_device_register
                0x801058ac                rt_device_unregister
                0x8010595c                rt_device_init_all
                0x80105978                rt_device_find
                0x80105a68                rt_device_create
                0x80105af0                rt_device_destroy
                0x80105ba4                rt_device_init
                0x80105c68                rt_device_open
                0x80105e54                rt_device_close
                0x80105f60                rt_device_read
                0x8010603c                rt_device_write
                0x80106118                rt_device_control
                0x801061c4                rt_device_set_rx_indicate
                0x80106248                rt_device_set_tx_complete
 .text          0x801062cc      0x464 build\kernel\src\idle.o
                0x80106330                rt_thread_idle_sethook
                0x801063c4                rt_thread_idle_delhook
                0x801064a0                rt_thread_idle_excute
                0x8010663c                rt_thread_idle_init
                0x80106704                rt_thread_idle_gethandler
 .text          0x80106730     0x3b58 build\kernel\src\ipc.o
                0x801069dc                rt_sem_init
                0x80106a8c                rt_sem_detach
                0x80106b4c                rt_sem_create
                0x80106c34                rt_sem_delete
                0x80106d40                rt_sem_take
                0x80106f8c                rt_sem_trytake
                0x80106fb8                rt_sem_release
                0x801070c4                rt_sem_control
                0x80107198                rt_mutex_init
                0x80107244                rt_mutex_detach
                0x80107304                rt_mutex_create
                0x801073e4                rt_mutex_delete
                0x801074f0                rt_mutex_take
                0x80107800                rt_mutex_release
                0x80107aa4                rt_mutex_control
                0x80107b20                rt_event_init
                0x80107ba8                rt_event_detach
                0x80107c68                rt_event_create
                0x80107d24                rt_event_delete
                0x80107e30                rt_event_send
                0x80108068                rt_event_recv
                0x80108408                rt_event_control
                0x801084d0                rt_mb_init
                0x8010859c                rt_mb_detach
                0x8010866c                rt_mb_create
                0x801087a8                rt_mb_delete
                0x801088d4                rt_mb_send_wait
                0x80108c48                rt_mb_send
                0x80108c7c                rt_mb_recv
                0x80109048                rt_mb_control
                0x80109138                rt_mq_init
                0x801092a4                rt_mq_detach
                0x80109374                rt_mq_create
                0x80109544                rt_mq_delete
                0x80109670                rt_mq_send_wait
                0x80109a88                rt_mq_send
                0x80109ac4                rt_mq_urgent
                0x80109cec                rt_mq_recv
                0x8010a144                rt_mq_control
 .text          0x8010a288      0x17c build\kernel\src\irq.o
                0x8010a288                rt_interrupt_enter_sethook
                0x8010a2b8                rt_interrupt_leave_sethook
                0x8010a2e8                rt_interrupt_enter
                0x8010a358                rt_interrupt_leave
                0x8010a3c8                rt_interrupt_get_nest
 .text          0x8010a404     0x1de8 build\kernel\src\kservice.o
                0x8010a404                rt_get_errno
                0x8010a468                rt_set_errno
                0x8010a4d8                _rt_errno
                0x8010a534                rt_memset
                0x8010a694                rt_memcpy
                0x8010a82c                rt_memmove
                0x8010a928                rt_memcmp
                0x8010a9d0                rt_strstr
                0x8010aa7c                rt_strcasecmp
                0x8010ab38                rt_strncpy
                0x8010abf8                rt_strncmp
                0x8010ac88                rt_strcmp
                0x8010ad08                rt_strnlen
                0x8010ad7c                rt_strlen
                0x8010add0                rt_strdup
                0x8010ae34                rt_show_version
                0x8010b308                rt_vsnprintf
                0x8010bbd0                rt_snprintf
                0x8010bc20                rt_vsprintf
                0x8010bc5c                rt_sprintf
                0x8010bca4                rt_console_get_device
                0x8010bcc8                rt_console_set_device
                0x8010bd54                rt_hw_console_output
                0x8010bd74                rt_kputs
                0x8010be38                rt_kprintf
                0x8010bf2c                rt_malloc_align
                0x8010c024                rt_free_align
                0x8010c058                __rt_ffs
                0x8010c130                rt_assert_set_hook
                0x8010c160                rt_assert_handler
 .text          0x8010c1ec     0x1058 build\kernel\src\mem.o
                0x8010c1ec                rt_malloc_sethook
                0x8010c21c                rt_free_sethook
                0x8010c450                rt_system_heap_init
                0x8010c64c                rt_malloc
                0x8010cb4c                rt_realloc
                0x8010ce54                rt_calloc
                0x8010ceb8                rt_free
                0x8010d158                rt_memory_info
                0x8010d1e0                list_mem
 .text          0x8010d244      0xa04 build\kernel\src\object.o
                0x8010d304                rt_object_attach_sethook
                0x8010d334                rt_object_detach_sethook
                0x8010d364                rt_object_trytake_sethook
                0x8010d394                rt_object_take_sethook
                0x8010d3c4                rt_object_put_sethook
                0x8010d3f4                rt_system_object_init
                0x8010d40c                rt_object_get_information
                0x8010d48c                rt_object_get_length
                0x8010d540                rt_object_get_pointers
                0x8010d64c                rt_object_init
                0x8010d7a8                rt_object_detach
                0x8010d83c                rt_object_allocate
                0x8010d9a4                rt_object_delete
                0x8010da6c                rt_object_is_systemobject
                0x8010dacc                rt_object_get_type
                0x8010db1c                rt_object_find
 .text          0x8010dc48      0x8f4 build\kernel\src\scheduler.o
                0x8010dd80                rt_scheduler_sethook
                0x8010df10                rt_system_scheduler_init
                0x8010df78                rt_system_scheduler_start
                0x8010dfc8                rt_schedule
                0x8010e27c                rt_schedule_insert_thread
                0x8010e388                rt_schedule_remove_thread
                0x8010e43c                rt_enter_critical
                0x8010e484                rt_exit_critical
                0x8010e514                rt_critical_level
 .text          0x8010e53c     0x1098 build\kernel\src\thread.o
                0x8010e638                rt_thread_suspend_sethook
                0x8010e668                rt_thread_resume_sethook
                0x8010e698                rt_thread_inited_sethook
                0x8010e6c8                rt_thread_exit
                0x8010e914                rt_thread_init
                0x8010e9cc                rt_thread_self
                0x8010e9f0                rt_thread_startup
                0x8010eae4                rt_thread_detach
                0x8010ec2c                rt_thread_create
                0x8010ecd8                rt_thread_delete
                0x8010edf0                rt_thread_yield
                0x8010ee08                rt_thread_sleep
                0x8010eee0                rt_thread_delay
                0x8010ef08                rt_thread_delay_until
                0x8010f068                rt_thread_mdelay
                0x8010f09c                rt_thread_control
                0x8010f1f0                rt_thread_suspend
                0x8010f330                rt_thread_resume
                0x8010f41c                rt_thread_timeout
                0x8010f4e4                rt_thread_find
 .text          0x8010f5d4      0xce8 build\kernel\src\timer.o
                0x8010f70c                rt_timer_enter_sethook
                0x8010f73c                rt_timer_exit_sethook
                0x8010f8f4                rt_timer_init
                0x8010f96c                rt_timer_detach
                0x8010fa30                rt_timer_create
                0x8010fa9c                rt_timer_delete
                0x8010fb60                rt_timer_start
                0x8010feb0                rt_timer_stop
                0x8010ff9c                rt_timer_control
                0x801100d0                rt_timer_check
                0x8011022c                rt_timer_next_timeout_tick
                0x8011024c                rt_system_timer_init
                0x801102a4                rt_system_timer_thread_init
 .text          0x801102bc       0x58 build\kernel\libcpu\arm\cortex-a\cpu.o
                0x801102bc                rt_hw_cpu_shutdown
 .text          0x80110314     0x1178 build\kernel\libcpu\arm\cortex-a\gic.o
                0x80110314                arm_gic_get_active_irq
                0x801103c4                arm_gic_ack
                0x80110520                arm_gic_mask
                0x80110640                arm_gic_clear_pending
                0x80110760                arm_gic_clear_active
                0x80110880                arm_gic_set_cpu
                0x80110a38                arm_gic_umask
                0x80110b58                arm_gic_dump_type
                0x80110c6c                arm_gic_dump
                0x80110ea8                arm_gic_dist_init
                0x801111c8                arm_gic_cpu_init
                0x80111274                arm_gic_set_group
 .text          0x8011148c      0x20c build\kernel\libcpu\arm\cortex-a\interrupt.o
                0x801114e4                rt_hw_vector_init
                0x80111504                rt_hw_interrupt_init
                0x8011156c                rt_hw_interrupt_mask
                0x80111594                rt_hw_interrupt_umask
                0x801115bc                rt_hw_interrupt_get_irq
                0x801115dc                rt_hw_interrupt_ack
                0x80111604                rt_hw_interrupt_install
 .text          0x80111698      0x590 build\kernel\libcpu\arm\cortex-a\mmu.o
                0x80111698                rt_hw_cpu_dump_page_table_2nd
                0x80111844                rt_hw_cpu_dump_page_table
                0x80111a88                rt_hw_mmu_setmtt
                0x80111b40                rt_hw_set_domain_register
                0x80111b74                rt_hw_init_mmu_table
                0x80111be0                rt_hw_mmu_init
 .text          0x80111c28      0x22c build\kernel\libcpu\arm\cortex-a\stack.o
                0x80111c28                rt_hw_stack_init
 .text          0x80111e54      0x318 build\kernel\libcpu\arm\cortex-a\trap.o
                0x80111e54                rt_hw_show_register
                0x80111f64                rt_hw_trap_undef
                0x80111f9c                rt_hw_trap_swi
                0x80111fd4                rt_hw_trap_pabt
                0x8011200c                rt_hw_trap_dabt
                0x80112044                rt_hw_trap_resv
                0x8011207c                rt_hw_trap_irq
                0x80112104                rt_hw_trap_fiq
 .text          0x8011216c       0x1c build\kernel\libcpu\arm\cortex-a\context_gcc.o
                0x8011216c                rt_hw_interrupt_disable
                0x80112178                rt_hw_interrupt_enable
                0x80112180                rt_hw_context_switch_to
 .text          0x80112188      0x154 build\kernel\libcpu\arm\cortex-a\cp15_gcc.o
                0x80112188                rt_cpu_get_smp_id
                0x80112190                rt_cpu_vector_set_base
                0x801121a8                rt_hw_cpu_dcache_enable
                0x801121b8                rt_hw_cpu_icache_enable
                0x801121d0                rt_cpu_dcache_clean_flush
                0x80112264                rt_cpu_icache_flush
                0x80112278                rt_hw_cpu_dcache_disable
                0x80112294                rt_hw_cpu_icache_disable
                0x801122a4                rt_cpu_mmu_disable
                0x801122bc                rt_cpu_mmu_enable
                0x801122d0                rt_cpu_tlb_set
 .text          0x801122dc       0xcc build\kernel\libcpu\arm\cortex-a\start_gcc.o
                0x801122dc                _reset
 .text          0x801123a8      0xe24 build\kernel\components\dfs\src\dfs.o
                0x801123a8                dfs_init
                0x8011249c                dfs_lock
                0x80112504                dfs_unlock
                0x8011272c                fd_new
                0x801127e8                fd_get
                0x801128cc                fd_put
                0x801129bc                fd_is_open
                0x80112b50                dfs_subdir
                0x80112be0                dfs_normalize_path
                0x80112fac                dfs_fdtable_get
                0x80112fd8                list_fd
 .text          0x801131cc     0x1468 build\kernel\components\dfs\src\dfs_file.o
                0x801131cc                dfs_file_open
                0x8011340c                dfs_file_close
                0x801134a4                dfs_file_ioctl
                0x801135a8                dfs_file_read
                0x80113648                dfs_file_getdents
                0x801136cc                dfs_file_unlink
                0x8011382c                dfs_file_write
                0x801138a0                dfs_file_flush
                0x80113904                dfs_file_lseek
                0x8011398c                dfs_file_stat
                0x80113b84                dfs_file_rename
                0x80113d00                dfs_file_ftruncate
                0x80113db0                ls
                0x80113f74                rm
                0x80113fb4                cat
                0x80114418                copy
 .text          0x80114634      0xf44 build\kernel\components\dfs\src\dfs_fs.o
                0x80114634                dfs_register
                0x8011476c                dfs_filesystem_lookup
                0x801148c4                dfs_filesystem_get_mounted_path
                0x8011495c                dfs_filesystem_get_partition
                0x80114bb4                dfs_mount
                0x80114f60                dfs_unmount
                0x801150d4                dfs_mkfs
                0x8011527c                dfs_statfs
                0x801152ec                mkfs
                0x80115318                df
 .text          0x80115578      0xe08 build\kernel\components\dfs\src\dfs_posix.o
                0x80115578                open
                0x8011561c                close
                0x8011569c                read
                0x8011572c                write
                0x801157bc                lseek
                0x801158d8                rename
                0x80115928                unlink
                0x80115970                stat
                0x801159c0                fstat
                0x80115a88                fsync
                0x80115ae4                fcntl
                0x80115b90                ioctl
                0x80115be8                ftruncate
                0x80115c94                statfs
                0x80115ce4                mkdir
                0x80115d94                rmdir
                0x80115ddc                opendir
                0x80115ec4                readdir
                0x80115ff0                telldir
                0x8011606c                seekdir
                0x801160f0                rewinddir
                0x80116170                closedir
                0x80116200                chdir
                0x801162f8                access
                0x80116340                getcwd
 .text          0x80116380      0x924 build\kernel\components\dfs\filesystems\devfs\devfs.o
                0x80116380                dfs_device_fs_mount
                0x801163ac                dfs_device_fs_ioctl
                0x80116450                dfs_device_fs_read
                0x80116504                dfs_device_fs_write
                0x801165b8                dfs_device_fs_close
                0x801166a8                dfs_device_fs_open
                0x80116940                dfs_device_fs_stat
                0x80116ad4                dfs_device_fs_getdents
                0x80116c84                devfs_init
 .text          0x80116ca4      0x5fc build\kernel\components\drivers\misc\pin.o
                0x80116e94                rt_device_pin_register
                0x80116f8c                rt_pin_attach_irq
                0x80117034                rt_pin_detach_irq
                0x801170c0                rt_pin_irq_enable
                0x80117154                rt_pin_mode
                0x801171c4                rt_pin_write
                0x80117234                rt_pin_read
 .text          0x801172a0     0x22c8 build\kernel\components\drivers\serial\serial.o
                0x80119034                rt_hw_serial_register
                0x80119148                rt_hw_serial_isr
 .text          0x80119568      0x394 build\kernel\components\drivers\src\completion.o
                0x8011963c                rt_completion_init
                0x801196a8                rt_completion_wait
                0x80119848                rt_completion_done
 .text          0x801198fc      0xb20 build\kernel\components\drivers\src\dataqueue.o
                0x801199d0                rt_data_queue_init
                0x80119ac0                rt_data_queue_push
                0x80119da0                rt_data_queue_pop
                0x8011a11c                rt_data_queue_peak
                0x8011a25c                rt_data_queue_reset
                0x8011a36c                rt_data_queue_deinit
 .text          0x8011a41c      0x448 build\kernel\components\drivers\src\waitqueue.o
                0x8011a554                rt_wqueue_add
                0x8011a5a0                rt_wqueue_remove
                0x8011a5dc                __wqueue_default_wake
                0x8011a604                rt_wqueue_wakeup
                0x8011a6e8                rt_wqueue_wait
 .text          0x8011a864     0x172c build\kernel\components\finsh\shell.o
                0x8011a864                finsh_set_prompt
                0x8011a91c                finsh_get_prompt
                0x8011aa7c                finsh_get_prompt_mode
                0x8011aad0                finsh_set_prompt_mode
                0x8011abc8                finsh_set_echo
                0x8011ac38                finsh_get_echo
                0x8011acf4                finsh_run_line
                0x8011b0e4                finsh_thread_entry
                0x8011bdfc                finsh_system_function_init
                0x8011be40                finsh_system_var_init
                0x8011be84                finsh_system_init
 .text          0x8011bf90     0x1c20 build\kernel\components\finsh\cmd.o
                0x8011c030                hello
                0x8011c070                version
                0x8011c2c4                list_thread
                0x8011c618                list_sem
                0x8011c7fc                list_event
                0x8011c9c0                list_mutex
                0x8011cb3c                list_mailbox
                0x8011cd40                list_msgqueue
                0x8011cf24                list_mempool
                0x8011d144                list_timer
                0x8011d2e0                list_device
                0x8011d460                list
                0x8011d70c                list_prefix
 .text          0x8011dbb0      0xde8 build\kernel\components\finsh\msh.o
                0x8011dbb0                msh_is_used
                0x8011dc38                msh_help
                0x8011dd00                cmd_ps
                0x8011dd28                cmd_free
                0x8011e25c                msh_exec
                0x8011e3fc                msh_auto_complete_path
                0x8011e7d0                msh_auto_complete
 .text          0x8011e998      0xb78 build\kernel\components\finsh\msh_file.o
                0x8011eac8                msh_exec_script
                0x8011ed4c                cmd_ls
                0x8011eda0                cmd_cp
                0x8011ee10                cmd_mv
                0x8011f020                cmd_cat
                0x8011f0b4                cmd_rm
                0x8011f148                cmd_cd
                0x8011f1d8                cmd_pwd
                0x8011f210                cmd_mkdir
                0x8011f274                cmd_mkfs
                0x8011f368                cmd_df
                0x8011f41c                cmd_echo
 .text          0x8011f510     0x3bcc build\kernel\components\finsh\finsh_compiler.o
                0x80122fe4                finsh_compiler_run
 .text          0x801230dc       0xbc build\kernel\components\finsh\finsh_error.o
                0x801230dc                finsh_error_init
                0x80123108                finsh_error_set
                0x80123140                finsh_errno
                0x80123164                finsh_error_string
 .text          0x80123198      0x6f0 build\kernel\components\finsh\finsh_heap.o
                0x80123198                finsh_heap_init
                0x8012320c                finsh_heap_allocate
                0x8012333c                finsh_heap_free
 .text          0x80123888       0xbc build\kernel\components\finsh\finsh_init.o
                0x80123888                finsh_init
                0x801238c0                finsh_stack_bottom
                0x801238e4                finsh_flush
                0x80123914                finsh_reset
 .text          0x80123944      0x430 build\kernel\components\finsh\finsh_node.o
                0x80123944                finsh_node_init
                0x8012396c                finsh_node_allocate
                0x80123a38                finsh_node_new_id
                0x80123b70                finsh_node_new_char
                0x80123bc8                finsh_node_new_int
                0x80123c1c                finsh_node_new_long
                0x80123c70                finsh_node_new_string
                0x80123d20                finsh_node_new_ptr
 .text          0x80123d74     0x1c78 build\kernel\components\finsh\finsh_ops.o
                0x80123d74                OP_no_op
                0x80123d8c                OP_add_byte
                0x80123e04                OP_add_word
                0x80123e88                OP_add_dword
                0x80123efc                OP_sub_byte
                0x80123f74                OP_sub_word
                0x80123ff8                OP_sub_dword
                0x8012406c                OP_div_byte
                0x801240e8                OP_div_word
                0x80124168                OP_div_dword
                0x801241e0                OP_mod_byte
                0x8012425c                OP_mod_word
                0x801242dc                OP_mod_dword
                0x80124354                OP_mul_byte
                0x801243cc                OP_mul_word
                0x80124450                OP_mul_dword
                0x801244c4                OP_and_byte
                0x8012453c                OP_and_word
                0x801245b4                OP_and_dword
                0x80124628                OP_or_byte
                0x801246a0                OP_or_word
                0x80124718                OP_or_dword
                0x8012478c                OP_xor_byte
                0x80124804                OP_xor_word
                0x8012487c                OP_xor_dword
                0x801248f0                OP_bw_byte
                0x80124938                OP_bw_word
                0x80124980                OP_bw_dword
                0x801249c4                OP_shl_byte
                0x80124a40                OP_shl_word
                0x80124abc                OP_shl_dword
                0x80124b30                OP_shr_byte
                0x80124bac                OP_shr_word
                0x80124c28                OP_shr_dword
                0x80124c9c                OP_ld_byte
                0x80124d0c                OP_ld_word
                0x80124da4                OP_ld_dword
                0x80124e6c                OP_ld_value_byte
                0x80124f44                OP_ld_value_byte_stack
                0x80124f94                OP_ld_value_word
                0x8012506c                OP_ld_value_word_stack
                0x801250bc                OP_ld_value_dword
                0x80125194                OP_ld_value_dword_stack
                0x801251e4                OP_st_byte
                0x80125248                OP_st_word
                0x801252ac                OP_st_dword
                0x80125310                OP_pop
                0x80125344                OP_call
 .text          0x801259ec     0x1748 build\kernel\components\finsh\finsh_parser.o
                0x80126e90                finsh_parser_run
                0x80127104                finsh_parser_init
 .text          0x80127134      0x4c8 build\kernel\components\finsh\finsh_var.o
                0x80127134                finsh_var_init
                0x8012715c                finsh_var_insert
                0x801272bc                finsh_var_delete
                0x80127390                finsh_var_lookup
                0x80127450                finsh_sysvar_append
                0x80127514                finsh_sysvar_lookup
 .text          0x801275fc      0x25c build\kernel\components\finsh\finsh_vm.o
                0x801275fc                finsh_vm_run
                0x801276c0                finsh_syscall_append
                0x80127770                finsh_syscall_lookup
 .text          0x80127858     0x12b4 build\kernel\components\finsh\finsh_token.o
                0x80127858                finsh_token_init
                0x80127894                finsh_token_token
                0x801278e0                finsh_token_get_token
                0x80127918                token_get_string
 .text          0x80128b0c       0x58 build\kernel\components\libc\compilers\newlib\libc.o
                0x80128b0c                libc_system_init
 .text          0x80128b64      0x23c build\kernel\components\libc\compilers\newlib\stdio.o
                0x80128b64                libc_stdio_set_console
                0x80128d5c                libc_stdio_get_console
 .text          0x80128da0      0x93c build\kernel\components\libc\compilers\newlib\syscalls.o
                0x80128da0                __errno
                0x80128db8                _close_r
                0x80128de4                _execve_r
                0x80128e20                _fcntl_r
                0x80128e5c                _fork_r
                0x80128e8c                _fstat_r
                0x80128ec4                _getpid_r
                0x80128ee8                _isatty_r
                0x80128f3c                _kill_r
                0x80128f74                _link_r
                0x80128fac                _lseek_r
                0x80128fec                _mkdir_r
                0x80129028                _open_r
                0x80129068                _read_r
                0x801290a8                _rename_r
                0x801290e0                _sbrk_r
                0x80129108                _stat_r
                0x80129140                _times_r
                0x80129174                _unlink_r
                0x801291a4                _wait_r
                0x801291d8                _write_r
                0x801292f0                libc_get_time
                0x80129408                _gettimeofday_r
                0x80129498                _malloc_r
                0x801294e0                _realloc_r
                0x80129530                _calloc_r
                0x80129580                _free_r
                0x801295a8                exit
                0x801295f0                _system
                0x80129610                __libc_init_array
                0x80129628                abort
                0x80129674                getuid
                0x80129690                umask
                0x801296b4                flock
 .text          0x801296dc       0xec d:/env_released_1.1.3/env/tools/gnu_gcc/arm_gcc/mingw/bin/../lib/gcc/arm-none-eabi/5.4.1/../../../../arm-none-eabi/lib/armv7-ar/thumb/softfp\libc.a(lib_a-memcpy.o)
                0x801296dc                memcpy
 .text          0x801297c8      0x1bc d:/env_released_1.1.3/env/tools/gnu_gcc/arm_gcc/mingw/bin/../lib/gcc/arm-none-eabi/5.4.1/../../../../arm-none-eabi/lib/armv7-ar/thumb/softfp\libc.a(lib_a-strcmp.o)
                0x801297c8                strcmp
 *fill*         0x80129984        0x4 00000000
 .text          0x80129988      0x278 d:/env_released_1.1.3/env/tools/gnu_gcc/arm_gcc/mingw/bin/../lib/gcc/arm-none-eabi/5.4.1/armv7-ar/thumb/softfp\libgcc.a(_udivsi3.o)
                0x80129988                __aeabi_uidiv
                0x80129988                __udivsi3
                0x80129be4                __aeabi_uidivmod
 .text          0x80129c00      0x2b0 d:/env_released_1.1.3/env/tools/gnu_gcc/arm_gcc/mingw/bin/../lib/gcc/arm-none-eabi/5.4.1/armv7-ar/thumb/softfp\libgcc.a(_divsi3.o)
                0x80129c00                __divsi3
                0x80129c00                __aeabi_idiv
                0x80129e94                __aeabi_idivmod
 .text          0x80129eb0        0x4 d:/env_released_1.1.3/env/tools/gnu_gcc/arm_gcc/mingw/bin/../lib/gcc/arm-none-eabi/5.4.1/armv7-ar/thumb/softfp\libgcc.a(_dvmd_tls.o)
                0x80129eb0                __aeabi_idiv0
                0x80129eb0                __aeabi_ldiv0
 .text          0x80129eb4       0x30 d:/env_released_1.1.3/env/tools/gnu_gcc/arm_gcc/mingw/bin/../lib/gcc/arm-none-eabi/5.4.1/armv7-ar/thumb/softfp\libgcc.a(_aeabi_uldivmod.o)
                0x80129eb4                __aeabi_uldivmod
 .text          0x80129ee4      0x114 d:/env_released_1.1.3/env/tools/gnu_gcc/arm_gcc/mingw/bin/../lib/gcc/arm-none-eabi/5.4.1/armv7-ar/thumb/softfp\libgcc.a(_udivmoddi4.o)
                0x80129ee4                __udivmoddi4
 *(.text.*)
 .text.isr      0x80129ff8       0x68 build\kernel\libcpu\arm\cortex-a\context_gcc.o
                0x80129ff8                rt_hw_context_switch
                0x8012a01c                rt_hw_context_switch_interrupt
                0x8012a048                rt_hw_context_switch_exit
 .text.isr      0x8012a060      0x1d8 build\kernel\libcpu\arm\cortex-a\start_gcc.o
                0x8012a060                vector_fiq
                0x8012a080                vector_irq
                0x8012a100                vector_swi
                0x8012a140                vector_undef
                0x8012a180                vector_pabt
                0x8012a1c0                vector_dabt
                0x8012a200                vector_resv
 .text.__assert_func
                0x8012a238       0x48 d:/env_released_1.1.3/env/tools/gnu_gcc/arm_gcc/mingw/bin/../lib/gcc/arm-none-eabi/5.4.1/../../../../arm-none-eabi/lib/armv7-ar/thumb/softfp\libc.a(lib_a-assert.o)
                0x8012a238                __assert_func
 .text.atoi     0x8012a280        0x8 d:/env_released_1.1.3/env/tools/gnu_gcc/arm_gcc/mingw/bin/../lib/gcc/arm-none-eabi/5.4.1/../../../../arm-none-eabi/lib/armv7-ar/thumb/softfp\libc.a(lib_a-atoi.o)
                0x8012a280                atoi
 .text._fclose_r
                0x8012a288       0x84 d:/env_released_1.1.3/env/tools/gnu_gcc/arm_gcc/mingw/bin/../lib/gcc/arm-none-eabi/5.4.1/../../../../arm-none-eabi/lib/armv7-ar/thumb/softfp\libc.a(lib_a-fclose.o)
                0x8012a288                _fclose_r
 .text.fclose   0x8012a30c       0x10 d:/env_released_1.1.3/env/tools/gnu_gcc/arm_gcc/mingw/bin/../lib/gcc/arm-none-eabi/5.4.1/../../../../arm-none-eabi/lib/armv7-ar/thumb/softfp\libc.a(lib_a-fclose.o)
                0x8012a30c                fclose
 .text.__sflush_r
                0x8012a31c      0x150 d:/env_released_1.1.3/env/tools/gnu_gcc/arm_gcc/mingw/bin/../lib/gcc/arm-none-eabi/5.4.1/../../../../arm-none-eabi/lib/armv7-ar/thumb/softfp\libc.a(lib_a-fflush.o)
                0x8012a31c                __sflush_r
 .text._fflush_r
                0x8012a46c       0x2c d:/env_released_1.1.3/env/tools/gnu_gcc/arm_gcc/mingw/bin/../lib/gcc/arm-none-eabi/5.4.1/../../../../arm-none-eabi/lib/armv7-ar/thumb/softfp\libc.a(lib_a-fflush.o)
                0x8012a46c                _fflush_r
 .text.fflush   0x8012a498       0x28 d:/env_released_1.1.3/env/tools/gnu_gcc/arm_gcc/mingw/bin/../lib/gcc/arm-none-eabi/5.4.1/../../../../arm-none-eabi/lib/armv7-ar/thumb/softfp\libc.a(lib_a-fflush.o)
                0x8012a498                fflush
 .text.fileno   0x8012a4c0       0x34 d:/env_released_1.1.3/env/tools/gnu_gcc/arm_gcc/mingw/bin/../lib/gcc/arm-none-eabi/5.4.1/../../../../arm-none-eabi/lib/armv7-ar/thumb/softfp\libc.a(lib_a-fileno.o)
                0x8012a4c0                fileno
 .text._cleanup_r
                0x8012a4f4        0xc d:/env_released_1.1.3/env/tools/gnu_gcc/arm_gcc/mingw/bin/../lib/gcc/arm-none-eabi/5.4.1/../../../../arm-none-eabi/lib/armv7-ar/thumb/softfp\libc.a(lib_a-findfp.o)
                0x8012a4f4                _cleanup_r
 .text.__sinit.part.1
                0x8012a500      0x100 d:/env_released_1.1.3/env/tools/gnu_gcc/arm_gcc/mingw/bin/../lib/gcc/arm-none-eabi/5.4.1/../../../../arm-none-eabi/lib/armv7-ar/thumb/softfp\libc.a(lib_a-findfp.o)
 .text.__sfmoreglue
                0x8012a600       0x30 d:/env_released_1.1.3/env/tools/gnu_gcc/arm_gcc/mingw/bin/../lib/gcc/arm-none-eabi/5.4.1/../../../../arm-none-eabi/lib/armv7-ar/thumb/softfp\libc.a(lib_a-findfp.o)
                0x8012a600                __sfmoreglue
 .text.__sfp    0x8012a630       0x88 d:/env_released_1.1.3/env/tools/gnu_gcc/arm_gcc/mingw/bin/../lib/gcc/arm-none-eabi/5.4.1/../../../../arm-none-eabi/lib/armv7-ar/thumb/softfp\libc.a(lib_a-findfp.o)
                0x8012a630                __sfp
 .text.__sinit  0x8012a6b8        0xc d:/env_released_1.1.3/env/tools/gnu_gcc/arm_gcc/mingw/bin/../lib/gcc/arm-none-eabi/5.4.1/../../../../arm-none-eabi/lib/armv7-ar/thumb/softfp\libc.a(lib_a-findfp.o)
                0x8012a6b8                __sinit
 .text.__sfp_lock_acquire
                0x8012a6c4        0x4 d:/env_released_1.1.3/env/tools/gnu_gcc/arm_gcc/mingw/bin/../lib/gcc/arm-none-eabi/5.4.1/../../../../arm-none-eabi/lib/armv7-ar/thumb/softfp\libc.a(lib_a-findfp.o)
                0x8012a6c4                __sfp_lock_acquire
 .text.__sfp_lock_release
                0x8012a6c8        0x4 d:/env_released_1.1.3/env/tools/gnu_gcc/arm_gcc/mingw/bin/../lib/gcc/arm-none-eabi/5.4.1/../../../../arm-none-eabi/lib/armv7-ar/thumb/softfp\libc.a(lib_a-findfp.o)
                0x8012a6c8                __sfp_lock_release
 .text.fiprintf
                0x8012a6cc       0x2c d:/env_released_1.1.3/env/tools/gnu_gcc/arm_gcc/mingw/bin/../lib/gcc/arm-none-eabi/5.4.1/../../../../arm-none-eabi/lib/armv7-ar/thumb/softfp\libc.a(lib_a-fiprintf.o)
                0x8012a6cc                fiprintf
 .text._fopen_r
                0x8012a6f8       0x94 d:/env_released_1.1.3/env/tools/gnu_gcc/arm_gcc/mingw/bin/../lib/gcc/arm-none-eabi/5.4.1/../../../../arm-none-eabi/lib/armv7-ar/thumb/softfp\libc.a(lib_a-fopen.o)
                0x8012a6f8                _fopen_r
 .text.fopen    0x8012a78c       0x14 d:/env_released_1.1.3/env/tools/gnu_gcc/arm_gcc/mingw/bin/../lib/gcc/arm-none-eabi/5.4.1/../../../../arm-none-eabi/lib/armv7-ar/thumb/softfp\libc.a(lib_a-fopen.o)
                0x8012a78c                fopen
 .text._fseek_r
                0x8012a7a0        0x4 d:/env_released_1.1.3/env/tools/gnu_gcc/arm_gcc/mingw/bin/../lib/gcc/arm-none-eabi/5.4.1/../../../../arm-none-eabi/lib/armv7-ar/thumb/softfp\libc.a(lib_a-fseek.o)
                0x8012a7a0                _fseek_r
 .text._fseeko_r
                0x8012a7a4      0x2d4 d:/env_released_1.1.3/env/tools/gnu_gcc/arm_gcc/mingw/bin/../lib/gcc/arm-none-eabi/5.4.1/../../../../arm-none-eabi/lib/armv7-ar/thumb/softfp\libc.a(lib_a-fseeko.o)
                0x8012a7a4                _fseeko_r
 .text._fwalk   0x8012aa78       0x48 d:/env_released_1.1.3/env/tools/gnu_gcc/arm_gcc/mingw/bin/../lib/gcc/arm-none-eabi/5.4.1/../../../../arm-none-eabi/lib/armv7-ar/thumb/softfp\libc.a(lib_a-fwalk.o)
                0x8012aa78                _fwalk
 .text._fwalk_reent
                0x8012aac0       0x50 d:/env_released_1.1.3/env/tools/gnu_gcc/arm_gcc/mingw/bin/../lib/gcc/arm-none-eabi/5.4.1/../../../../arm-none-eabi/lib/armv7-ar/thumb/softfp\libc.a(lib_a-fwalk.o)
                0x8012aac0                _fwalk_reent
 .text.__swhatbuf_r
                0x8012ab10       0x60 d:/env_released_1.1.3/env/tools/gnu_gcc/arm_gcc/mingw/bin/../lib/gcc/arm-none-eabi/5.4.1/../../../../arm-none-eabi/lib/armv7-ar/thumb/softfp\libc.a(lib_a-makebuf.o)
                0x8012ab10                __swhatbuf_r
 .text.__smakebuf_r
                0x8012ab70       0x90 d:/env_released_1.1.3/env/tools/gnu_gcc/arm_gcc/mingw/bin/../lib/gcc/arm-none-eabi/5.4.1/../../../../arm-none-eabi/lib/armv7-ar/thumb/softfp\libc.a(lib_a-makebuf.o)
                0x8012ab70                __smakebuf_r
 .text.memcmp   0x8012ac00       0x60 d:/env_released_1.1.3/env/tools/gnu_gcc/arm_gcc/mingw/bin/../lib/gcc/arm-none-eabi/5.4.1/../../../../arm-none-eabi/lib/armv7-ar/thumb/softfp\libc.a(lib_a-memcmp.o)
                0x8012ac00                memcmp
 .text.memset   0x8012ac60       0xa4 d:/env_released_1.1.3/env/tools/gnu_gcc/arm_gcc/mingw/bin/../lib/gcc/arm-none-eabi/5.4.1/../../../../arm-none-eabi/lib/armv7-ar/thumb/softfp\libc.a(lib_a-memset.o)
                0x8012ac60                memset
 .text.putenv   0x8012ad04       0x10 d:/env_released_1.1.3/env/tools/gnu_gcc/arm_gcc/mingw/bin/../lib/gcc/arm-none-eabi/5.4.1/../../../../arm-none-eabi/lib/armv7-ar/thumb/softfp\libc.a(lib_a-putenv.o)
                0x8012ad04                putenv
 .text._putenv_r
                0x8012ad14       0x44 d:/env_released_1.1.3/env/tools/gnu_gcc/arm_gcc/mingw/bin/../lib/gcc/arm-none-eabi/5.4.1/../../../../arm-none-eabi/lib/armv7-ar/thumb/softfp\libc.a(lib_a-putenv_r.o)
                0x8012ad14                _putenv_r
 .text._puts_r  0x8012ad58       0x6c d:/env_released_1.1.3/env/tools/gnu_gcc/arm_gcc/mingw/bin/../lib/gcc/arm-none-eabi/5.4.1/../../../../arm-none-eabi/lib/armv7-ar/thumb/softfp\libc.a(lib_a-puts.o)
                0x8012ad58                _puts_r
 .text.puts     0x8012adc4       0x10 d:/env_released_1.1.3/env/tools/gnu_gcc/arm_gcc/mingw/bin/../lib/gcc/arm-none-eabi/5.4.1/../../../../arm-none-eabi/lib/armv7-ar/thumb/softfp\libc.a(lib_a-puts.o)
                0x8012adc4                puts
 .text.lflush   0x8012add4       0x14 d:/env_released_1.1.3/env/tools/gnu_gcc/arm_gcc/mingw/bin/../lib/gcc/arm-none-eabi/5.4.1/../../../../arm-none-eabi/lib/armv7-ar/thumb/softfp\libc.a(lib_a-refill.o)
 .text.__srefill_r
                0x8012ade8      0x11c d:/env_released_1.1.3/env/tools/gnu_gcc/arm_gcc/mingw/bin/../lib/gcc/arm-none-eabi/5.4.1/../../../../arm-none-eabi/lib/armv7-ar/thumb/softfp\libc.a(lib_a-refill.o)
                0x8012ade8                __srefill_r
 .text.__srget_r
                0x8012af04       0x34 d:/env_released_1.1.3/env/tools/gnu_gcc/arm_gcc/mingw/bin/../lib/gcc/arm-none-eabi/5.4.1/../../../../arm-none-eabi/lib/armv7-ar/thumb/softfp\libc.a(lib_a-rget.o)
                0x8012af04                __srget_r
 .text._setenv_r
                0x8012af38      0x188 d:/env_released_1.1.3/env/tools/gnu_gcc/arm_gcc/mingw/bin/../lib/gcc/arm-none-eabi/5.4.1/../../../../arm-none-eabi/lib/armv7-ar/thumb/softfp\libc.a(lib_a-setenv_r.o)
                0x8012af38                _setenv_r
 .text.setvbuf  0x8012b0c0      0x154 d:/env_released_1.1.3/env/tools/gnu_gcc/arm_gcc/mingw/bin/../lib/gcc/arm-none-eabi/5.4.1/../../../../arm-none-eabi/lib/armv7-ar/thumb/softfp\libc.a(lib_a-setvbuf.o)
                0x8012b0c0                setvbuf
 .text.snprintf
                0x8012b214       0x8c d:/env_released_1.1.3/env/tools/gnu_gcc/arm_gcc/mingw/bin/../lib/gcc/arm-none-eabi/5.4.1/../../../../arm-none-eabi/lib/armv7-ar/thumb/softfp\libc.a(lib_a-snprintf.o)
                0x8012b214                snprintf
 .text.__sread  0x8012b2a0       0x24 d:/env_released_1.1.3/env/tools/gnu_gcc/arm_gcc/mingw/bin/../lib/gcc/arm-none-eabi/5.4.1/../../../../arm-none-eabi/lib/armv7-ar/thumb/softfp\libc.a(lib_a-stdio.o)
                0x8012b2a0                __sread
 .text.__swrite
                0x8012b2c4       0x3c d:/env_released_1.1.3/env/tools/gnu_gcc/arm_gcc/mingw/bin/../lib/gcc/arm-none-eabi/5.4.1/../../../../arm-none-eabi/lib/armv7-ar/thumb/softfp\libc.a(lib_a-stdio.o)
                0x8012b2c4                __swrite
 .text.__sseek  0x8012b300       0x20 d:/env_released_1.1.3/env/tools/gnu_gcc/arm_gcc/mingw/bin/../lib/gcc/arm-none-eabi/5.4.1/../../../../arm-none-eabi/lib/armv7-ar/thumb/softfp\libc.a(lib_a-stdio.o)
                0x8012b300                __sseek
 .text.__sclose
                0x8012b320        0x8 d:/env_released_1.1.3/env/tools/gnu_gcc/arm_gcc/mingw/bin/../lib/gcc/arm-none-eabi/5.4.1/../../../../arm-none-eabi/lib/armv7-ar/thumb/softfp\libc.a(lib_a-stdio.o)
                0x8012b320                __sclose
 .text.strchr   0x8012b328       0xec d:/env_released_1.1.3/env/tools/gnu_gcc/arm_gcc/mingw/bin/../lib/gcc/arm-none-eabi/5.4.1/../../../../arm-none-eabi/lib/armv7-ar/thumb/softfp\libc.a(lib_a-strchr.o)
                0x8012b328                strchr
 .text.strcpy   0x8012b414       0xbc d:/env_released_1.1.3/env/tools/gnu_gcc/arm_gcc/mingw/bin/../lib/gcc/arm-none-eabi/5.4.1/../../../../arm-none-eabi/lib/armv7-ar/thumb/softfp\libc.a(lib_a-strcpy.o)
                0x8012b414                strcpy
 .text._strdup_r
                0x8012b4d0       0x28 d:/env_released_1.1.3/env/tools/gnu_gcc/arm_gcc/mingw/bin/../lib/gcc/arm-none-eabi/5.4.1/../../../../arm-none-eabi/lib/armv7-ar/thumb/softfp\libc.a(lib_a-strdup_r.o)
                0x8012b4d0                _strdup_r
 .text.strlen   0x8012b4f8       0x5c d:/env_released_1.1.3/env/tools/gnu_gcc/arm_gcc/mingw/bin/../lib/gcc/arm-none-eabi/5.4.1/../../../../arm-none-eabi/lib/armv7-ar/thumb/softfp\libc.a(lib_a-strlen-stub.o)
                0x8012b4f8                strlen
 .text.strncmp  0x8012b554       0xa0 d:/env_released_1.1.3/env/tools/gnu_gcc/arm_gcc/mingw/bin/../lib/gcc/arm-none-eabi/5.4.1/../../../../arm-none-eabi/lib/armv7-ar/thumb/softfp\libc.a(lib_a-strncmp.o)
                0x8012b554                strncmp
 .text.strncpy  0x8012b5f4       0x70 d:/env_released_1.1.3/env/tools/gnu_gcc/arm_gcc/mingw/bin/../lib/gcc/arm-none-eabi/5.4.1/../../../../arm-none-eabi/lib/armv7-ar/thumb/softfp\libc.a(lib_a-strncpy.o)
                0x8012b5f4                strncpy
 .text.strrchr  0x8012b664       0x24 d:/env_released_1.1.3/env/tools/gnu_gcc/arm_gcc/mingw/bin/../lib/gcc/arm-none-eabi/5.4.1/../../../../arm-none-eabi/lib/armv7-ar/thumb/softfp\libc.a(lib_a-strrchr.o)
                0x8012b664                strrchr
 .text.critical_factorization
                0x8012b688       0xb8 d:/env_released_1.1.3/env/tools/gnu_gcc/arm_gcc/mingw/bin/../lib/gcc/arm-none-eabi/5.4.1/../../../../arm-none-eabi/lib/armv7-ar/thumb/softfp\libc.a(lib_a-strstr.o)
 .text.two_way_long_needle
                0x8012b740      0x214 d:/env_released_1.1.3/env/tools/gnu_gcc/arm_gcc/mingw/bin/../lib/gcc/arm-none-eabi/5.4.1/../../../../arm-none-eabi/lib/armv7-ar/thumb/softfp\libc.a(lib_a-strstr.o)
 .text.strstr   0x8012b954      0x220 d:/env_released_1.1.3/env/tools/gnu_gcc/arm_gcc/mingw/bin/../lib/gcc/arm-none-eabi/5.4.1/../../../../arm-none-eabi/lib/armv7-ar/thumb/softfp\libc.a(lib_a-strstr.o)
                0x8012b954                strstr
 .text._strtol_l.isra.0
                0x8012bb74      0x144 d:/env_released_1.1.3/env/tools/gnu_gcc/arm_gcc/mingw/bin/../lib/gcc/arm-none-eabi/5.4.1/../../../../arm-none-eabi/lib/armv7-ar/thumb/softfp\libc.a(lib_a-strtol.o)
 .text.strtol   0x8012bcb8       0x30 d:/env_released_1.1.3/env/tools/gnu_gcc/arm_gcc/mingw/bin/../lib/gcc/arm-none-eabi/5.4.1/../../../../arm-none-eabi/lib/armv7-ar/thumb/softfp\libc.a(lib_a-strtol.o)
                0x8012bcb8                strtol
 .text._svfprintf_r
                0x8012bce8     0x1770 d:/env_released_1.1.3/env/tools/gnu_gcc/arm_gcc/mingw/bin/../lib/gcc/arm-none-eabi/5.4.1/../../../../arm-none-eabi/lib/armv7-ar/thumb/softfp\libc.a(lib_a-svfprintf.o)
                0x8012bce8                _svfprintf_r
 .text.__sprint_r.part.0
                0x8012d458       0x78 d:/env_released_1.1.3/env/tools/gnu_gcc/arm_gcc/mingw/bin/../lib/gcc/arm-none-eabi/5.4.1/../../../../arm-none-eabi/lib/armv7-ar/thumb/softfp\libc.a(lib_a-vfiprintf.o)
 .text._vfiprintf_r
                0x8012d4d0      0xe4c d:/env_released_1.1.3/env/tools/gnu_gcc/arm_gcc/mingw/bin/../lib/gcc/arm-none-eabi/5.4.1/../../../../arm-none-eabi/lib/armv7-ar/thumb/softfp\libc.a(lib_a-vfiprintf.o)
                0x8012d4d0                _vfiprintf_r
 .text.__sbprintf
                0x8012e31c       0x6c d:/env_released_1.1.3/env/tools/gnu_gcc/arm_gcc/mingw/bin/../lib/gcc/arm-none-eabi/5.4.1/../../../../arm-none-eabi/lib/armv7-ar/thumb/softfp\libc.a(lib_a-vfiprintf.o)
 .text.__swsetup_r
                0x8012e388       0xc8 d:/env_released_1.1.3/env/tools/gnu_gcc/arm_gcc/mingw/bin/../lib/gcc/arm-none-eabi/5.4.1/../../../../arm-none-eabi/lib/armv7-ar/thumb/softfp\libc.a(lib_a-wsetup.o)
                0x8012e388                __swsetup_r
 .text.quorem   0x8012e450      0x140 d:/env_released_1.1.3/env/tools/gnu_gcc/arm_gcc/mingw/bin/../lib/gcc/arm-none-eabi/5.4.1/../../../../arm-none-eabi/lib/armv7-ar/thumb/softfp\libc.a(lib_a-dtoa.o)
 .text._dtoa_r  0x8012e590      0xd1c d:/env_released_1.1.3/env/tools/gnu_gcc/arm_gcc/mingw/bin/../lib/gcc/arm-none-eabi/5.4.1/../../../../arm-none-eabi/lib/armv7-ar/thumb/softfp\libc.a(lib_a-dtoa.o)
                0x8012e590                _dtoa_r
 .text.__env_lock
                0x8012f2ac        0x4 d:/env_released_1.1.3/env/tools/gnu_gcc/arm_gcc/mingw/bin/../lib/gcc/arm-none-eabi/5.4.1/../../../../arm-none-eabi/lib/armv7-ar/thumb/softfp\libc.a(lib_a-envlock.o)
                0x8012f2ac                __env_lock
 .text.__env_unlock
                0x8012f2b0        0x4 d:/env_released_1.1.3/env/tools/gnu_gcc/arm_gcc/mingw/bin/../lib/gcc/arm-none-eabi/5.4.1/../../../../arm-none-eabi/lib/armv7-ar/thumb/softfp\libc.a(lib_a-envlock.o)
                0x8012f2b0                __env_unlock
 .text.__sflags
                0x8012f2b4       0x78 d:/env_released_1.1.3/env/tools/gnu_gcc/arm_gcc/mingw/bin/../lib/gcc/arm-none-eabi/5.4.1/../../../../arm-none-eabi/lib/armv7-ar/thumb/softfp\libc.a(lib_a-flags.o)
                0x8012f2b4                __sflags
 .text.__fputwc
                0x8012f32c       0xa0 d:/env_released_1.1.3/env/tools/gnu_gcc/arm_gcc/mingw/bin/../lib/gcc/arm-none-eabi/5.4.1/../../../../arm-none-eabi/lib/armv7-ar/thumb/softfp\libc.a(lib_a-fputwc.o)
                0x8012f32c                __fputwc
 .text._fputwc_r
                0x8012f3cc       0x28 d:/env_released_1.1.3/env/tools/gnu_gcc/arm_gcc/mingw/bin/../lib/gcc/arm-none-eabi/5.4.1/../../../../arm-none-eabi/lib/armv7-ar/thumb/softfp\libc.a(lib_a-fputwc.o)
                0x8012f3cc                _fputwc_r
 .text.__sfvwrite_r
                0x8012f3f4      0x324 d:/env_released_1.1.3/env/tools/gnu_gcc/arm_gcc/mingw/bin/../lib/gcc/arm-none-eabi/5.4.1/../../../../arm-none-eabi/lib/armv7-ar/thumb/softfp\libc.a(lib_a-fvwrite.o)
                0x8012f3f4                __sfvwrite_r
 .text._findenv_r
                0x8012f718       0x88 d:/env_released_1.1.3/env/tools/gnu_gcc/arm_gcc/mingw/bin/../lib/gcc/arm-none-eabi/5.4.1/../../../../arm-none-eabi/lib/armv7-ar/thumb/softfp\libc.a(lib_a-getenv_r.o)
                0x8012f718                _findenv_r
 .text.__locale_mb_cur_max
                0x8012f7a0       0x20 d:/env_released_1.1.3/env/tools/gnu_gcc/arm_gcc/mingw/bin/../lib/gcc/arm-none-eabi/5.4.1/../../../../arm-none-eabi/lib/armv7-ar/thumb/softfp\libc.a(lib_a-locale.o)
                0x8012f7a0                __locale_mb_cur_max
 .text.__locale_ctype_ptr_l
                0x8012f7c0        0x8 d:/env_released_1.1.3/env/tools/gnu_gcc/arm_gcc/mingw/bin/../lib/gcc/arm-none-eabi/5.4.1/../../../../arm-none-eabi/lib/armv7-ar/thumb/softfp\libc.a(lib_a-locale.o)
                0x8012f7c0                __locale_ctype_ptr_l
 .text._localeconv_r
                0x8012f7c8       0x20 d:/env_released_1.1.3/env/tools/gnu_gcc/arm_gcc/mingw/bin/../lib/gcc/arm-none-eabi/5.4.1/../../../../arm-none-eabi/lib/armv7-ar/thumb/softfp\libc.a(lib_a-localeconv.o)
                0x8012f7c8                _localeconv_r
 .text.malloc   0x8012f7e8       0x10 d:/env_released_1.1.3/env/tools/gnu_gcc/arm_gcc/mingw/bin/../lib/gcc/arm-none-eabi/5.4.1/../../../../arm-none-eabi/lib/armv7-ar/thumb/softfp\libc.a(lib_a-malloc.o)
                0x8012f7e8                malloc
 .text.__ascii_mbtowc
                0x8012f7f8       0x2c d:/env_released_1.1.3/env/tools/gnu_gcc/arm_gcc/mingw/bin/../lib/gcc/arm-none-eabi/5.4.1/../../../../arm-none-eabi/lib/armv7-ar/thumb/softfp\libc.a(lib_a-mbtowc_r.o)
                0x8012f7f8                __ascii_mbtowc
 .text.memchr   0x8012f824       0x8c d:/env_released_1.1.3/env/tools/gnu_gcc/arm_gcc/mingw/bin/../lib/gcc/arm-none-eabi/5.4.1/../../../../arm-none-eabi/lib/armv7-ar/thumb/softfp\libc.a(lib_a-memchr-stub.o)
                0x8012f824                memchr
 .text.memmove  0x8012f8b0       0xc4 d:/env_released_1.1.3/env/tools/gnu_gcc/arm_gcc/mingw/bin/../lib/gcc/arm-none-eabi/5.4.1/../../../../arm-none-eabi/lib/armv7-ar/thumb/softfp\libc.a(lib_a-memmove.o)
                0x8012f8b0                memmove
 .text._Balloc  0x8012f974       0x50 d:/env_released_1.1.3/env/tools/gnu_gcc/arm_gcc/mingw/bin/../lib/gcc/arm-none-eabi/5.4.1/../../../../arm-none-eabi/lib/armv7-ar/thumb/softfp\libc.a(lib_a-mprec.o)
                0x8012f974                _Balloc
 .text._Bfree   0x8012f9c4       0x14 d:/env_released_1.1.3/env/tools/gnu_gcc/arm_gcc/mingw/bin/../lib/gcc/arm-none-eabi/5.4.1/../../../../arm-none-eabi/lib/armv7-ar/thumb/softfp\libc.a(lib_a-mprec.o)
                0x8012f9c4                _Bfree
 .text.__multadd
                0x8012f9d8       0x88 d:/env_released_1.1.3/env/tools/gnu_gcc/arm_gcc/mingw/bin/../lib/gcc/arm-none-eabi/5.4.1/../../../../arm-none-eabi/lib/armv7-ar/thumb/softfp\libc.a(lib_a-mprec.o)
                0x8012f9d8                __multadd
 .text.__hi0bits
                0x8012fa60       0x40 d:/env_released_1.1.3/env/tools/gnu_gcc/arm_gcc/mingw/bin/../lib/gcc/arm-none-eabi/5.4.1/../../../../arm-none-eabi/lib/armv7-ar/thumb/softfp\libc.a(lib_a-mprec.o)
                0x8012fa60                __hi0bits
 .text.__lo0bits
                0x8012faa0       0x58 d:/env_released_1.1.3/env/tools/gnu_gcc/arm_gcc/mingw/bin/../lib/gcc/arm-none-eabi/5.4.1/../../../../arm-none-eabi/lib/armv7-ar/thumb/softfp\libc.a(lib_a-mprec.o)
                0x8012faa0                __lo0bits
 .text.__i2b    0x8012faf8       0x14 d:/env_released_1.1.3/env/tools/gnu_gcc/arm_gcc/mingw/bin/../lib/gcc/arm-none-eabi/5.4.1/../../../../arm-none-eabi/lib/armv7-ar/thumb/softfp\libc.a(lib_a-mprec.o)
                0x8012faf8                __i2b
 .text.__multiply
                0x8012fb0c      0x14c d:/env_released_1.1.3/env/tools/gnu_gcc/arm_gcc/mingw/bin/../lib/gcc/arm-none-eabi/5.4.1/../../../../arm-none-eabi/lib/armv7-ar/thumb/softfp\libc.a(lib_a-mprec.o)
                0x8012fb0c                __multiply
 .text.__pow5mult
                0x8012fc58       0xa4 d:/env_released_1.1.3/env/tools/gnu_gcc/arm_gcc/mingw/bin/../lib/gcc/arm-none-eabi/5.4.1/../../../../arm-none-eabi/lib/armv7-ar/thumb/softfp\libc.a(lib_a-mprec.o)
                0x8012fc58                __pow5mult
 .text.__lshift
                0x8012fcfc       0xb0 d:/env_released_1.1.3/env/tools/gnu_gcc/arm_gcc/mingw/bin/../lib/gcc/arm-none-eabi/5.4.1/../../../../arm-none-eabi/lib/armv7-ar/thumb/softfp\libc.a(lib_a-mprec.o)
                0x8012fcfc                __lshift
 .text.__mcmp   0x8012fdac       0x44 d:/env_released_1.1.3/env/tools/gnu_gcc/arm_gcc/mingw/bin/../lib/gcc/arm-none-eabi/5.4.1/../../../../arm-none-eabi/lib/armv7-ar/thumb/softfp\libc.a(lib_a-mprec.o)
                0x8012fdac                __mcmp
 .text.__mdiff  0x8012fdf0      0x124 d:/env_released_1.1.3/env/tools/gnu_gcc/arm_gcc/mingw/bin/../lib/gcc/arm-none-eabi/5.4.1/../../../../arm-none-eabi/lib/armv7-ar/thumb/softfp\libc.a(lib_a-mprec.o)
                0x8012fdf0                __mdiff
 .text.__d2b    0x8012ff14       0xb8 d:/env_released_1.1.3/env/tools/gnu_gcc/arm_gcc/mingw/bin/../lib/gcc/arm-none-eabi/5.4.1/../../../../arm-none-eabi/lib/armv7-ar/thumb/softfp\libc.a(lib_a-mprec.o)
                0x8012ff14                __d2b
 .text.__ssprint_r
                0x8012ffcc      0x108 d:/env_released_1.1.3/env/tools/gnu_gcc/arm_gcc/mingw/bin/../lib/gcc/arm-none-eabi/5.4.1/../../../../arm-none-eabi/lib/armv7-ar/thumb/softfp\libc.a(lib_a-svfiprintf.o)
                0x8012ffcc                __ssprint_r
 .text.__swbuf_r
                0x801300d4       0xa8 d:/env_released_1.1.3/env/tools/gnu_gcc/arm_gcc/mingw/bin/../lib/gcc/arm-none-eabi/5.4.1/../../../../arm-none-eabi/lib/armv7-ar/thumb/softfp\libc.a(lib_a-wbuf.o)
                0x801300d4                __swbuf_r
 .text._wcrtomb_r
                0x8013017c       0x64 d:/env_released_1.1.3/env/tools/gnu_gcc/arm_gcc/mingw/bin/../lib/gcc/arm-none-eabi/5.4.1/../../../../arm-none-eabi/lib/armv7-ar/thumb/softfp\libc.a(lib_a-wcrtomb.o)
                0x8013017c                _wcrtomb_r
 .text.__ascii_wctomb
                0x801301e0       0x18 d:/env_released_1.1.3/env/tools/gnu_gcc/arm_gcc/mingw/bin/../lib/gcc/arm-none-eabi/5.4.1/../../../../arm-none-eabi/lib/armv7-ar/thumb/softfp\libc.a(lib_a-wctomb_r.o)
                0x801301e0                __ascii_wctomb
 .text.__ascii_wctomb.__stub
                0x801301f8       0x18 linker stubs
                0x80130210                . = ALIGN (0x4)
                0x80130210                __fsymtab_start = .
 *(FSymTab)
 FSymTab        0x80130210        0xc build\kernel\src\mem.o
                0x80130210                __fsym_list_mem
 FSymTab        0x8013021c        0xc build\kernel\libcpu\arm\cortex-a\gic.o
                0x8013021c                __fsym_gic
 FSymTab        0x80130228        0xc build\kernel\components\dfs\src\dfs.o
                0x80130228                __fsym___cmd_list_fd
 FSymTab        0x80130234       0x30 build\kernel\components\dfs\src\dfs_file.o
                0x80130234                __fsym_ls
                0x80130240                __fsym_rm
                0x8013024c                __fsym_cat
                0x80130258                __fsym_copy
 FSymTab        0x80130264       0x18 build\kernel\components\dfs\src\dfs_fs.o
                0x80130264                __fsym_mkfs
                0x80130270                __fsym_df
 FSymTab        0x8013027c       0x18 build\kernel\components\dfs\src\dfs_posix.o
                0x8013027c                __fsym_mkdir
                0x80130288                __fsym_cd
 FSymTab        0x80130294       0x24 build\kernel\components\drivers\misc\pin.o
                0x80130294                __fsym_pinMode
                0x801302a0                __fsym_pinWrite
                0x801302ac                __fsym_pinRead
 FSymTab        0x801302b8      0x120 build\kernel\components\finsh\cmd.o
                0x801302b8                __fsym_hello
                0x801302c4                __fsym_clear
                0x801302d0                __fsym___cmd_clear
                0x801302dc                __fsym_version
                0x801302e8                __fsym___cmd_version
                0x801302f4                __fsym_list_thread
                0x80130300                __fsym___cmd_list_thread
                0x8013030c                __fsym_list_sem
                0x80130318                __fsym___cmd_list_sem
                0x80130324                __fsym_list_event
                0x80130330                __fsym___cmd_list_event
                0x8013033c                __fsym_list_mutex
                0x80130348                __fsym___cmd_list_mutex
                0x80130354                __fsym_list_mailbox
                0x80130360                __fsym___cmd_list_mailbox
                0x8013036c                __fsym_list_msgqueue
                0x80130378                __fsym___cmd_list_msgqueue
                0x80130384                __fsym_list_mempool
                0x80130390                __fsym___cmd_list_mempool
                0x8013039c                __fsym_list_timer
                0x801303a8                __fsym___cmd_list_timer
                0x801303b4                __fsym_list_device
                0x801303c0                __fsym___cmd_list_device
                0x801303cc                __fsym_list
 FSymTab        0x801303d8       0x3c build\kernel\components\finsh\msh.o
                0x801303d8                __fsym___cmd_exit
                0x801303e4                __fsym_msh
                0x801303f0                __fsym___cmd_help
                0x801303fc                __fsym___cmd_ps
                0x80130408                __fsym___cmd_free
 FSymTab        0x80130414       0x84 build\kernel\components\finsh\msh_file.o
                0x80130414                __fsym___cmd_ls
                0x80130420                __fsym___cmd_cp
                0x8013042c                __fsym___cmd_mv
                0x80130438                __fsym___cmd_cat
                0x80130444                __fsym___cmd_rm
                0x80130450                __fsym___cmd_cd
                0x8013045c                __fsym___cmd_pwd
                0x80130468                __fsym___cmd_mkdir
                0x80130474                __fsym___cmd_mkfs
                0x80130480                __fsym___cmd_df
                0x8013048c                __fsym___cmd_echo
                0x80130498                __fsymtab_end = .
                0x80130498                . = ALIGN (0x4)
                0x80130498                __vsymtab_start = .
 *(VSymTab)
 VSymTab        0x80130498       0x10 build\kernel\components\finsh\cmd.o
                0x80130498                __vsym_dummy
                0x801304a8                __vsymtab_end = .
                0x801304a8                . = ALIGN (0x4)
                0x801304a8                . = ALIGN (0x4)
                0x801304a8                __rtmsymtab_start = .
 *(RTMSymTab)
                0x801304a8                __rtmsymtab_end = .
                0x801304a8                . = ALIGN (0x4)
                0x801304a8                __rt_init_start = .
 *(SORT(.rti_fn*))
 .rti_fn.0      0x801304a8        0x4 build\kernel\src\components.o
                0x801304a8                __rt_init_rti_start
 .rti_fn.0.end  0x801304ac        0x4 build\kernel\src\components.o
                0x801304ac                __rt_init_rti_board_start
 .rti_fn.1      0x801304b0        0x4 build\drivers\board.o
                0x801304b0                __rt_init_rt_hw_timer_init
 .rti_fn.1      0x801304b4        0x4 build\drivers\serial.o
                0x801304b4                __rt_init_rt_hw_uart_init
 .rti_fn.1.end  0x801304b8        0x4 build\kernel\src\components.o
                0x801304b8                __rt_init_rti_board_end
 .rti_fn.2      0x801304bc        0x4 build\kernel\components\dfs\src\dfs.o
                0x801304bc                __rt_init_dfs_init
 .rti_fn.4      0x801304c0        0x4 build\kernel\components\libc\compilers\newlib\libc.o
                0x801304c0                __rt_init_libc_system_init
 .rti_fn.6      0x801304c4        0x4 build\kernel\components\finsh\shell.o
                0x801304c4                __rt_init_finsh_system_init
 .rti_fn.6.end  0x801304c8        0x4 build\kernel\src\components.o
                0x801304c8                __rt_init_rti_end
                0x801304cc                __rt_init_end = .
                0x801304cc                __text_end = .
                0x801304cc                __rodata_start = .

.glue_7         0x801304cc        0x0
 .glue_7        0x801304cc        0x0 linker stubs

.glue_7t        0x801304cc        0x0
 .glue_7t       0x801304cc        0x0 linker stubs

.vfp11_veneer   0x801304cc        0x0
 .vfp11_veneer  0x801304cc        0x0 linker stubs

.v4_bx          0x801304cc        0x0
 .v4_bx         0x801304cc        0x0 linker stubs

.init           0x801304cc        0x4
 .init          0x801304cc        0x4 d:/env_released_1.1.3/env/tools/gnu_gcc/arm_gcc/mingw/bin/../lib/gcc/arm-none-eabi/5.4.1/armv7-ar/thumb/softfp/crti.o
                0x801304cc                _init

.fini           0x801304d0        0x4
 .fini          0x801304d0        0x4 d:/env_released_1.1.3/env/tools/gnu_gcc/arm_gcc/mingw/bin/../lib/gcc/arm-none-eabi/5.4.1/armv7-ar/thumb/softfp/crti.o
                0x801304d0                _fini

.iplt           0x801304d4        0x0
 .iplt          0x801304d4        0x0 d:/env_released_1.1.3/env/tools/gnu_gcc/arm_gcc/mingw/bin/../lib/gcc/arm-none-eabi/5.4.1/armv7-ar/thumb/softfp/crtbegin.o

.rodata         0x801304d8     0x3e2d
 *(.rodata)
 .rodata        0x801304d8       0x5d build\applications\application.o
 *fill*         0x80130535        0x3 
 .rodata        0x80130538       0x12 build\drivers\board.o
                0x80130538                platform_mem_desc_size
 *fill*         0x8013054a        0x2 
 .rodata        0x8013054c       0x6e build\drivers\serial.o
 *fill*         0x801305ba        0x2 
 .rodata        0x801305bc       0x3e build\drivers\iomux\uart_iomux_config.o
 *fill*         0x801305fa        0x2 
 .rodata        0x801305fc        0x8 build\platform\drivers\epit.o
 .rodata        0x80130604        0x8 build\platform\drivers\imx_uart.o
 .rodata        0x8013060c       0x45 build\platform\cpu\ccm_pll2.o
                0x8013060c                PLL2_OUTPUT
                0x8013061c                PLL3_OUTPUT
                0x80130630                PLL4_OUTPUT
                0x80130634                PLL5_OUTPUT
 *fill*         0x80130651        0x3 
 .rodata        0x80130654      0x206 build\kernel\src\device.o
 *fill*         0x8013085a        0x2 
 .rodata        0x8013085c       0x4a build\kernel\src\idle.o
 *fill*         0x801308a6        0x2 
 .rodata        0x801308a8      0x6aa build\kernel\src\ipc.o
 *fill*         0x80130f52        0x2 
 .rodata        0x80130f54      0x1ed build\kernel\src\kservice.o
                0x80130fe4                __lowest_bit_bitmap
 *fill*         0x80131141        0x3 
 .rodata        0x80131144      0x33c build\kernel\src\mem.o
 .rodata        0x80131480      0x11f build\kernel\src\object.o
 *fill*         0x8013159f        0x1 
 .rodata        0x801315a0       0xba build\kernel\src\scheduler.o
 *fill*         0x8013165a        0x2 
 .rodata        0x8013165c      0x29b build\kernel\src\thread.o
 *fill*         0x801318f7        0x1 
 .rodata        0x801318f8      0x139 build\kernel\src\timer.o
 *fill*         0x80131a31        0x3 
 .rodata        0x80131a34       0x27 build\kernel\libcpu\arm\cortex-a\cpu.o
 *fill*         0x80131a5b        0x1 
 .rodata        0x80131a5c      0x1c2 build\kernel\libcpu\arm\cortex-a\gic.o
 *fill*         0x80131c1e        0x2 
 .rodata        0x80131c20      0x104 build\kernel\libcpu\arm\cortex-a\mmu.o
 .rodata        0x80131d24      0x13c build\kernel\libcpu\arm\cortex-a\trap.o
 .rodata        0x80131e60      0x157 build\kernel\components\dfs\src\dfs.o
 *fill*         0x80131fb7        0x1 
 .rodata        0x80131fb8      0x1cc build\kernel\components\dfs\src\dfs_file.o
 .rodata        0x80132184      0x1f9 build\kernel\components\dfs\src\dfs_fs.o
 *fill*         0x8013237d        0x3 
 .rodata        0x80132380        0x4 build\kernel\components\dfs\src\dfs_posix.o
 .rodata        0x80132384      0x123 build\kernel\components\dfs\filesystems\devfs\devfs.o
 *fill*         0x801324a7        0x1 
 .rodata        0x801324a8       0xb4 build\kernel\components\drivers\misc\pin.o
 .rodata        0x8013255c      0x365 build\kernel\components\drivers\serial\serial.o
 *fill*         0x801328c1        0x3 
 .rodata        0x801328c4       0xaf build\kernel\components\drivers\src\completion.o
 *fill*         0x80132973        0x1 
 .rodata        0x80132974       0xfd build\kernel\components\drivers\src\dataqueue.o
 *fill*         0x80132a71        0x3 
 .rodata        0x80132a74       0x3b build\kernel\components\drivers\src\waitqueue.o
 *fill*         0x80132aaf        0x1 
 .rodata        0x80132ab0       0xf3 build\kernel\components\finsh\shell.o
 *fill*         0x80132ba3        0x1 
 .rodata        0x80132ba4      0x6d8 build\kernel\components\finsh\cmd.o
 .rodata        0x8013327c       0x92 build\kernel\components\finsh\msh.o
 *fill*         0x8013330e        0x2 
 .rodata        0x80133310      0x229 build\kernel\components\finsh\msh_file.o
 *fill*         0x80133539        0x3 
 .rodata        0x8013353c       0xf2 build\kernel\components\finsh\finsh_error.o
 *fill*         0x8013362e        0x2 
 .rodata        0x80133630       0xc4 build\kernel\components\finsh\finsh_ops.o
                0x80133630                op_table
 .rodata        0x801336f4       0x80 build\kernel\components\finsh\finsh_token.o
 .rodata        0x80133774       0x17 build\kernel\components\libc\compilers\newlib\libc.o
 *fill*         0x8013378b        0x1 
 .rodata        0x8013378c       0x13 build\kernel\components\libc\compilers\newlib\stdio.o
 *fill*         0x8013379f        0x1 
 .rodata        0x801337a0       0x5d build\kernel\components\libc\compilers\newlib\syscalls.o
 *(.rodata.*)
 *fill*         0x801337fd        0x3 
 .rodata.name   0x80133800       0x2a build\kernel\src\mem.o
                0x80133800                __fsym_list_mem_name
                0x8013380c                __fsym_list_mem_desc
 *fill*         0x8013382a        0x2 
 .rodata.name   0x8013382c       0x14 build\kernel\libcpu\arm\cortex-a\gic.o
                0x8013382c                __fsym_gic_name
                0x80133830                __fsym_gic_desc
 .rodata.name   0x80133840       0x25 build\kernel\components\dfs\src\dfs.o
                0x80133840                __fsym___cmd_list_fd_name
                0x80133850                __fsym___cmd_list_fd_desc
 *fill*         0x80133865        0x3 
 .rodata.name   0x80133868       0x65 build\kernel\components\dfs\src\dfs_file.o
                0x80133868                __fsym_ls_name
                0x8013386c                __fsym_ls_desc
                0x80133884                __fsym_rm_name
                0x80133888                __fsym_rm_desc
                0x801338a4                __fsym_cat_name
                0x801338a8                __fsym_cat_desc
                0x801338b4                __fsym_copy_name
                0x801338bc                __fsym_copy_desc
 *fill*         0x801338cd        0x3 
 .rodata.name   0x801338d0       0x2e build\kernel\components\dfs\src\dfs_fs.o
                0x801338d0                __fsym_mkfs_name
                0x801338d8                __fsym_mkfs_desc
                0x801338ec                __fsym_df_name
                0x801338f0                __fsym_df_desc
 *fill*         0x801338fe        0x2 
 .rodata.name   0x80133900       0x41 build\kernel\components\dfs\src\dfs_posix.o
                0x80133900                __fsym_mkdir_name
                0x80133908                __fsym_mkdir_desc
                0x8013391c                __fsym_cd_name
                0x80133920                __fsym_cd_desc
 *fill*         0x80133941        0x3 
 .rodata.name   0x80133944       0x6e build\kernel\components\drivers\misc\pin.o
                0x80133944                __fsym_pinMode_name
                0x8013394c                __fsym_pinMode_desc
                0x80133964                __fsym_pinWrite_name
                0x80133970                __fsym_pinWrite_desc
                0x8013398c                __fsym_pinRead_name
                0x80133994                __fsym_pinRead_desc
 *fill*         0x801339b2        0x2 
 .rodata.name   0x801339b4      0x3e9 build\kernel\components\finsh\cmd.o
                0x801339b4                __fsym_hello_name
                0x801339bc                __fsym_hello_desc
                0x801339cc                __fsym_clear_name
                0x801339d4                __fsym_clear_desc
                0x801339f0                __fsym___cmd_clear_name
                0x801339fc                __fsym___cmd_clear_desc
                0x80133a18                __fsym_version_name
                0x80133a20                __fsym_version_desc
                0x80133a44                __fsym___cmd_version_name
                0x80133a54                __fsym___cmd_version_desc
                0x80133a78                __fsym_list_thread_name
                0x80133a84                __fsym_list_thread_desc
                0x80133a90                __fsym___cmd_list_thread_name
                0x80133aa4                __fsym___cmd_list_thread_desc
                0x80133ab0                __fsym_list_sem_name
                0x80133abc                __fsym_list_sem_desc
                0x80133ad8                __fsym___cmd_list_sem_name
                0x80133ae8                __fsym___cmd_list_sem_desc
                0x80133b04                __fsym_list_event_name
                0x80133b10                __fsym_list_event_desc
                0x80133b28                __fsym___cmd_list_event_name
                0x80133b3c                __fsym___cmd_list_event_desc
                0x80133b54                __fsym_list_mutex_name
                0x80133b60                __fsym_list_mutex_desc
                0x80133b78                __fsym___cmd_list_mutex_name
                0x80133b8c                __fsym___cmd_list_mutex_desc
                0x80133ba4                __fsym_list_mailbox_name
                0x80133bb4                __fsym_list_mailbox_desc
                0x80133bcc                __fsym___cmd_list_mailbox_name
                0x80133be0                __fsym___cmd_list_mailbox_desc
                0x80133bf8                __fsym_list_msgqueue_name
                0x80133c08                __fsym_list_msgqueue_desc
                0x80133c28                __fsym___cmd_list_msgqueue_name
                0x80133c3c                __fsym___cmd_list_msgqueue_desc
                0x80133c5c                __fsym_list_mempool_name
                0x80133c6c                __fsym_list_mempool_desc
                0x80133c88                __fsym___cmd_list_mempool_name
                0x80133c9c                __fsym___cmd_list_mempool_desc
                0x80133cb8                __fsym_list_timer_name
                0x80133cc4                __fsym_list_timer_desc
                0x80133cdc                __fsym___cmd_list_timer_name
                0x80133cf0                __fsym___cmd_list_timer_desc
                0x80133d08                __fsym_list_device_name
                0x80133d14                __fsym_list_device_desc
                0x80133d2c                __fsym___cmd_list_device_name
                0x80133d40                __fsym___cmd_list_device_desc
                0x80133d58                __fsym_list_name
                0x80133d60                __fsym_list_desc
                0x80133d7c                __vsym_dummy_name
                0x80133d84                __vsym_dummy_desc
 *fill*         0x80133d9d        0x3 
 .rodata.name   0x80133da0       0xc1 build\kernel\components\finsh\msh.o
                0x80133da0                __fsym___cmd_exit_name
                0x80133dac                __fsym___cmd_exit_desc
                0x80133dcc                __fsym_msh_name
                0x80133dd0                __fsym_msh_desc
                0x80133de4                __fsym___cmd_help_name
                0x80133df0                __fsym___cmd_help_desc
                0x80133e08                __fsym___cmd_ps_name
                0x80133e14                __fsym___cmd_ps_desc
                0x80133e30                __fsym___cmd_free_name
                0x80133e3c                __fsym___cmd_free_desc
 *fill*         0x80133e61        0x3 
 .rodata.name   0x80133e64      0x1b8 build\kernel\components\finsh\msh_file.o
                0x80133e64                __fsym___cmd_ls_name
                0x80133e70                __fsym___cmd_ls_desc
                0x80133e94                __fsym___cmd_cp_name
                0x80133ea0                __fsym___cmd_cp_desc
                0x80133eb8                __fsym___cmd_mv_name
                0x80133ec4                __fsym___cmd_mv_desc
                0x80133edc                __fsym___cmd_cat_name
                0x80133ee8                __fsym___cmd_cat_desc
                0x80133efc                __fsym___cmd_rm_name
                0x80133f08                __fsym___cmd_rm_desc
                0x80133f24                __fsym___cmd_cd_name
                0x80133f30                __fsym___cmd_cd_desc
                0x80133f54                __fsym___cmd_pwd_name
                0x80133f60                __fsym___cmd_pwd_desc
                0x80133f94                __fsym___cmd_mkdir_name
                0x80133fa0                __fsym___cmd_mkdir_desc
                0x80133fb8                __fsym___cmd_mkfs_name
                0x80133fc4                __fsym___cmd_mkfs_desc
                0x80133fe4                __fsym___cmd_df_name
                0x80133ff0                __fsym___cmd_df_desc
                0x80133ffc                __fsym___cmd_echo_name
                0x80134008                __fsym___cmd_echo_desc
 .rodata.str1.4
                0x8013401c       0x3f d:/env_released_1.1.3/env/tools/gnu_gcc/arm_gcc/mingw/bin/../lib/gcc/arm-none-eabi/5.4.1/../../../../arm-none-eabi/lib/armv7-ar/thumb/softfp\libc.a(lib_a-assert.o)
                                 0x43 (size before relaxing)
 *fill*         0x8013405b        0x1 
 .rodata._global_impure_ptr
                0x8013405c        0x4 d:/env_released_1.1.3/env/tools/gnu_gcc/arm_gcc/mingw/bin/../lib/gcc/arm-none-eabi/5.4.1/../../../../arm-none-eabi/lib/armv7-ar/thumb/softfp\libc.a(lib_a-impure.o)
                0x8013405c                _global_impure_ptr
 .rodata.str1.4
                0x80134060        0x2 d:/env_released_1.1.3/env/tools/gnu_gcc/arm_gcc/mingw/bin/../lib/gcc/arm-none-eabi/5.4.1/../../../../arm-none-eabi/lib/armv7-ar/thumb/softfp\libc.a(lib_a-puts.o)
 *fill*         0x80134062        0x2 
 .rodata.zeroes.7258
                0x80134064       0x10 d:/env_released_1.1.3/env/tools/gnu_gcc/arm_gcc/mingw/bin/../lib/gcc/arm-none-eabi/5.4.1/../../../../arm-none-eabi/lib/armv7-ar/thumb/softfp\libc.a(lib_a-svfprintf.o)
 .rodata.str1.4
                0x80134074       0x42 d:/env_released_1.1.3/env/tools/gnu_gcc/arm_gcc/mingw/bin/../lib/gcc/arm-none-eabi/5.4.1/../../../../arm-none-eabi/lib/armv7-ar/thumb/softfp\libc.a(lib_a-svfprintf.o)
 *fill*         0x801340b6        0x2 
 .rodata.blanks.7257
                0x801340b8       0x10 d:/env_released_1.1.3/env/tools/gnu_gcc/arm_gcc/mingw/bin/../lib/gcc/arm-none-eabi/5.4.1/../../../../arm-none-eabi/lib/armv7-ar/thumb/softfp\libc.a(lib_a-svfprintf.o)
 .rodata.zeroes.7252
                0x801340c8       0x10 d:/env_released_1.1.3/env/tools/gnu_gcc/arm_gcc/mingw/bin/../lib/gcc/arm-none-eabi/5.4.1/../../../../arm-none-eabi/lib/armv7-ar/thumb/softfp\libc.a(lib_a-vfiprintf.o)
 .rodata.blanks.7251
                0x801340d8       0x10 d:/env_released_1.1.3/env/tools/gnu_gcc/arm_gcc/mingw/bin/../lib/gcc/arm-none-eabi/5.4.1/../../../../arm-none-eabi/lib/armv7-ar/thumb/softfp\libc.a(lib_a-vfiprintf.o)
 .rodata.str1.4
                0x801340e8       0x2f d:/env_released_1.1.3/env/tools/gnu_gcc/arm_gcc/mingw/bin/../lib/gcc/arm-none-eabi/5.4.1/../../../../arm-none-eabi/lib/armv7-ar/thumb/softfp\libc.a(lib_a-vfiprintf.o)
 .rodata.str1.4
                0x801340e8       0x10 d:/env_released_1.1.3/env/tools/gnu_gcc/arm_gcc/mingw/bin/../lib/gcc/arm-none-eabi/5.4.1/../../../../arm-none-eabi/lib/armv7-ar/thumb/softfp\libc.a(lib_a-dtoa.o)
                                 0x12 (size before relaxing)
 .rodata.str1.4
                0x801340f8       0x10 d:/env_released_1.1.3/env/tools/gnu_gcc/arm_gcc/mingw/bin/../lib/gcc/arm-none-eabi/5.4.1/../../../../arm-none-eabi/lib/armv7-ar/thumb/softfp\libc.a(lib_a-locale.o)
                                 0x12 (size before relaxing)
 .rodata.__mprec_tens
                0x80134108       0xc8 d:/env_released_1.1.3/env/tools/gnu_gcc/arm_gcc/mingw/bin/../lib/gcc/arm-none-eabi/5.4.1/../../../../arm-none-eabi/lib/armv7-ar/thumb/softfp\libc.a(lib_a-mprec.o)
                0x80134108                __mprec_tens
 .rodata.__mprec_bigtens
                0x801341d0       0x28 d:/env_released_1.1.3/env/tools/gnu_gcc/arm_gcc/mingw/bin/../lib/gcc/arm-none-eabi/5.4.1/../../../../arm-none-eabi/lib/armv7-ar/thumb/softfp\libc.a(lib_a-mprec.o)
                0x801341d0                __mprec_bigtens
 .rodata.p05.6087
                0x801341f8        0xc d:/env_released_1.1.3/env/tools/gnu_gcc/arm_gcc/mingw/bin/../lib/gcc/arm-none-eabi/5.4.1/../../../../arm-none-eabi/lib/armv7-ar/thumb/softfp\libc.a(lib_a-mprec.o)
 .rodata._ctype_
                0x80134204      0x101 d:/env_released_1.1.3/env/tools/gnu_gcc/arm_gcc/mingw/bin/../lib/gcc/arm-none-eabi/5.4.1/../../../../arm-none-eabi/lib/armv7-ar/thumb/softfp\libc.a(lib_a-ctype_.o)
                0x80134204                _ctype_
                0x80134305                __rodata_end = .

.ARM.exidx      0x80134308        0x8
 .ARM.exidx     0x80134308        0x8 d:/env_released_1.1.3/env/tools/gnu_gcc/arm_gcc/mingw/bin/../lib/gcc/arm-none-eabi/5.4.1/armv7-ar/thumb/softfp\libgcc.a(_udivmoddi4.o)

.rel.dyn        0x80134310        0x0
 .rel.iplt      0x80134310        0x0 d:/env_released_1.1.3/env/tools/gnu_gcc/arm_gcc/mingw/bin/../lib/gcc/arm-none-eabi/5.4.1/armv7-ar/thumb/softfp/crtbegin.o
                0x80134310                . = ALIGN (0x4)

.ctors          0x80134310        0x0
                0x80134310                PROVIDE (__ctors_start__, .)
 *(SORT(.ctors.*))
 *(.ctors)
                0x80134310                PROVIDE (__ctors_end__, .)

.dtors          0x80134310        0x0
                [!provide]                PROVIDE (__dtors_start__, .)
 *(SORT(.dtors.*))
 *(.dtors)
                [!provide]                PROVIDE (__dtors_end__, .)
                0x80138000                . = ALIGN (0x4000)

.l1_page_table  0x80138000     0x4000
                0x80138000                __l1_page_table_start = .
                0x8013c000                . = (. + 0x4000)
 *fill*         0x80138000     0x4000 
                0x8013c000                . = ALIGN (0x8)
                0x8013c000                __data_start = .

.data           0x8013c000     0x139c
 *(.data)
 .data          0x8013c000       0x20 build\drivers\board.o
                0x8013c000                platform_mem_desc
 .data          0x8013c020        0x8 build\drivers\serial.o
 .data          0x8013c028        0x4 build\platform\cpu\ccm_pll2.o
                0x8013c028                g_arm_clk
 .data          0x8013c02c       0x90 build\kernel\src\object.o
 .data          0x8013c0bc      0x100 build\kernel\components\dfs\src\dfs.o
                0x8013c0bc                working_directory
 .data          0x8013c1bc        0x4 build\kernel\components\finsh\msh.o
 .data          0x8013c1c0       0x3c build\kernel\components\finsh\finsh_error.o
 *(.data.*)
 *fill*         0x8013c1fc        0x4 
 .data.share.isr
                0x8013c200      0xc00 build\kernel\libcpu\arm\cortex-a\start_gcc.o
                0x8013c200                stack_start
                0x8013ce00                stack_top
 .data.impure_data
                0x8013ce00      0x428 d:/env_released_1.1.3/env/tools/gnu_gcc/arm_gcc/mingw/bin/../lib/gcc/arm-none-eabi/5.4.1/../../../../arm-none-eabi/lib/armv7-ar/thumb/softfp\libc.a(lib_a-impure.o)
 .data._impure_ptr
                0x8013d228        0x4 d:/env_released_1.1.3/env/tools/gnu_gcc/arm_gcc/mingw/bin/../lib/gcc/arm-none-eabi/5.4.1/../../../../arm-none-eabi/lib/armv7-ar/thumb/softfp\libc.a(lib_a-impure.o)
                0x8013d228                _impure_ptr
 .data.environ  0x8013d22c        0x4 d:/env_released_1.1.3/env/tools/gnu_gcc/arm_gcc/mingw/bin/../lib/gcc/arm-none-eabi/5.4.1/../../../../arm-none-eabi/lib/armv7-ar/thumb/softfp\libc.a(lib_a-environ.o)
                0x8013d22c                environ
 .data.__global_locale
                0x8013d230      0x16c d:/env_released_1.1.3/env/tools/gnu_gcc/arm_gcc/mingw/bin/../lib/gcc/arm-none-eabi/5.4.1/../../../../arm-none-eabi/lib/armv7-ar/thumb/softfp\libc.a(lib_a-locale.o)
                0x8013d230                __global_locale
                0x8013d39c                __data_end = .

.igot.plt       0x8013d39c        0x0
 .igot.plt      0x8013d39c        0x0 d:/env_released_1.1.3/env/tools/gnu_gcc/arm_gcc/mingw/bin/../lib/gcc/arm-none-eabi/5.4.1/armv7-ar/thumb/softfp/crtbegin.o
                0x8013d3a0                . = ALIGN (0x8)
                0x8013d3a0                __bss_start = .

.bss            0x80140000     0x8cd8
 *(.bss)
 .bss           0x80140000       0x64 build\drivers\serial.o
 .bss           0x80140064        0x4 build\kernel\src\clock.o
 .bss           0x80140068      0x190 build\kernel\src\idle.o
 .bss           0x801401f8        0x9 build\kernel\src\irq.o
                0x80140200                rt_interrupt_nest
 *fill*         0x80140201        0x3 
 .bss           0x80140204       0x88 build\kernel\src\kservice.o
 .bss           0x8014028c       0x40 build\kernel\src\mem.o
 .bss           0x801402cc        0x8 build\kernel\src\object.o
 .bss           0x801402d4        0x8 build\kernel\src\scheduler.o
 .bss           0x801402dc        0xc build\kernel\src\thread.o
 .bss           0x801402e8       0x14 build\kernel\src\timer.o
 .bss           0x801402fc       0x10 build\kernel\libcpu\arm\cortex-a\gic.o
 .bss           0x8014030c        0xc build\kernel\libcpu\arm\cortex-a\interrupt.o
                0x8014030c                rt_interrupt_from_thread
                0x80140310                rt_interrupt_to_thread
                0x80140314                rt_thread_switch_interrupt_flag
 *fill*         0x80140318     0x3ce8 