Archive member included to satisfy reference by file (symbol)

d:/env_released_1.1.3/env/tools/gnu_gcc/arm_gcc/mingw/bin/../lib/gcc/arm-none-eabi/5.4.1/../../../../arm-none-eabi/lib/armv7-ar/thumb/softfp\libc.a(lib_a-assert.o)
                              build\drivers\iomux\uart_iomux_config.o (__assert_func)
d:/env_released_1.1.3/env/tools/gnu_gcc/arm_gcc/mingw/bin/../lib/gcc/arm-none-eabi/5.4.1/../../../../arm-none-eabi/lib/armv7-ar/thumb/softfp\libc.a(lib_a-atoi.o)
                              build\kernel\components\finsh\finsh_token.o (atoi)
d:/env_released_1.1.3/env/tools/gnu_gcc/arm_gcc/mingw/bin/../lib/gcc/arm-none-eabi/5.4.1/../../../../arm-none-eabi/lib/armv7-ar/thumb/softfp\libc.a(lib_a-fclose.o)
                              build\kernel\components\libc\compilers\newlib\stdio.o (fclose)
d:/env_released_1.1.3/env/tools/gnu_gcc/arm_gcc/mingw/bin/../lib/gcc/arm-none-eabi/5.4.1/../../../../arm-none-eabi/lib/armv7-ar/thumb/softfp\libc.a(lib_a-fflush.o)
                              d:/env_released_1.1.3/env/tools/gnu_gcc/arm_gcc/mingw/bin/../lib/gcc/arm-none-eabi/5.4.1/../../../../arm-none-eabi/lib/armv7-ar/thumb/softfp\libc.a(lib_a-fclose.o) (__sflush_r)
d:/env_released_1.1.3/env/tools/gnu_gcc/arm_gcc/mingw/bin/../lib/gcc/arm-none-eabi/5.4.1/../../../../arm-none-eabi/lib/armv7-ar/thumb/softfp\libc.a(lib_a-fileno.o)
                              build\kernel\components\libc\compilers\newlib\stdio.o (fileno)
d:/env_released_1.1.3/env/tools/gnu_gcc/arm_gcc/mingw/bin/../lib/gcc/arm-none-eabi/5.4.1/../../../../arm-none-eabi/lib/armv7-ar/thumb/softfp\libc.a(lib_a-findfp.o)
                              d:/env_released_1.1.3/env/tools/gnu_gcc/arm_gcc/mingw/bin/../lib/gcc/arm-none-eabi/5.4.1/../../../../arm-none-eabi/lib/armv7-ar/thumb/softfp\libc.a(lib_a-fclose.o) (__sinit)
d:/env_released_1.1.3/env/tools/gnu_gcc/arm_gcc/mingw/bin/../lib/gcc/arm-none-eabi/5.4.1/../../../../arm-none-eabi/lib/armv7-ar/thumb/softfp\libc.a(lib_a-fiprintf.o)
                              d:/env_released_1.1.3/env/tools/gnu_gcc/arm_gcc/mingw/bin/../lib/gcc/arm-none-eabi/5.4.1/../../../../arm-none-eabi/lib/armv7-ar/thumb/softfp\libc.a(lib_a-assert.o) (fiprintf)
d:/env_released_1.1.3/env/tools/gnu_gcc/arm_gcc/mingw/bin/../lib/gcc/arm-none-eabi/5.4.1/../../../../arm-none-eabi/lib/armv7-ar/thumb/softfp\libc.a(lib_a-fopen.o)
                              build\kernel\components\libc\compilers\newlib\stdio.o (fopen)
d:/env_released_1.1.3/env/tools/gnu_gcc/arm_gcc/mingw/bin/../lib/gcc/arm-none-eabi/5.4.1/../../../../arm-none-eabi/lib/armv7-ar/thumb/softfp\libc.a(lib_a-fseek.o)
                              d:/env_released_1.1.3/env/tools/gnu_gcc/arm_gcc/mingw/bin/../lib/gcc/arm-none-eabi/5.4.1/../../../../arm-none-eabi/lib/armv7-ar/thumb/softfp\libc.a(lib_a-fopen.o) (_fseek_r)
d:/env_released_1.1.3/env/tools/gnu_gcc/arm_gcc/mingw/bin/../lib/gcc/arm-none-eabi/5.4.1/../../../../arm-none-eabi/lib/armv7-ar/thumb/softfp\libc.a(lib_a-fseeko.o)
                              d:/env_released_1.1.3/env/tools/gnu_gcc/arm_gcc/mingw/bin/../lib/gcc/arm-none-eabi/5.4.1/../../../../arm-none-eabi/lib/armv7-ar/thumb/softfp\libc.a(lib_a-fseek.o) (_fseeko_r)
d:/env_released_1.1.3/env/tools/gnu_gcc/arm_gcc/mingw/bin/../lib/gcc/arm-none-eabi/5.4.1/../../../../arm-none-eabi/lib/armv7-ar/thumb/softfp\libc.a(lib_a-fwalk.o)
                              d:/env_released_1.1.3/env/tools/gnu_gcc/arm_gcc/mingw/bin/../lib/gcc/arm-none-eabi/5.4.1/../../../../arm-none-eabi/lib/armv7-ar/thumb/softfp\libc.a(lib_a-findfp.o) (_fwalk)
d:/env_released_1.1.3/env/tools/gnu_gcc/arm_gcc/mingw/bin/../lib/gcc/arm-none-eabi/5.4.1/../../../../arm-none-eabi/lib/armv7-ar/thumb/softfp\libc.a(lib_a-impure.o)
                              build\kernel\components\libc\compilers\newlib\stdio.o (_global_impure_ptr)
d:/env_released_1.1.3/env/tools/gnu_gcc/arm_gcc/mingw/bin/../lib/gcc/arm-none-eabi/5.4.1/../../../../arm-none-eabi/lib/armv7-ar/thumb/softfp\libc.a(lib_a-makebuf.o)
                              d:/env_released_1.1.3/env/tools/gnu_gcc/arm_gcc/mingw/bin/../lib/gcc/arm-none-eabi/5.4.1/../../../../arm-none-eabi/lib/armv7-ar/thumb/softfp\libc.a(lib_a-fseeko.o) (__smakebuf_r)
d:/env_released_1.1.3/env/tools/gnu_gcc/arm_gcc/mingw/bin/../lib/gcc/arm-none-eabi/5.4.1/../../../../arm-none-eabi/lib/armv7-ar/thumb/softfp\libc.a(lib_a-memcmp.o)
                              build\kernel\components\finsh\shell.o (memcmp)
d:/env_released_1.1.3/env/tools/gnu_gcc/arm_gcc/mingw/bin/../lib/gcc/arm-none-eabi/5.4.1/../../../../arm-none-eabi/lib/armv7-ar/thumb/softfp\libc.a(lib_a-memcpy.o)
                              build\kernel\components\drivers\src\ringbuffer.o (memcpy)
d:/env_released_1.1.3/env/tools/gnu_gcc/arm_gcc/mingw/bin/../lib/gcc/arm-none-eabi/5.4.1/../../../../arm-none-eabi/lib/armv7-ar/thumb/softfp\libc.a(lib_a-memset.o)
[...]
Memory Configuration

Name             Origin             Length             Attributes
*default*        0x00000000         0xffffffff

Linker script and memory map

LOAD d:/env_released_1.1.3/env/tools/gnu_gcc/arm_gcc/mingw/bin/../lib/gcc/arm-none-eabi/5.4.1/armv7-ar/thumb/softfp/crti.o
LOAD d:/env_released_1.1.3/env/tools/gnu_gcc/arm_gcc/mingw/bin/../lib/gcc/arm-none-eabi/5.4.1/armv7-ar/thumb/softfp/crtbegin.o
LOAD d:/env_released_1.1.3/env/tools/gnu_gcc/arm_gcc/mingw/bin/../lib/gcc/arm-none-eabi/5.4.1/../../../../arm-none-eabi/lib/armv7-ar/thumb/softfp/crt0.o
LOAD build\applications\application.o
LOAD build\applications\startup.o
LOAD build\drivers\board.o
LOAD build\drivers\led.o
LOAD build\drivers\iomux\iomux_config.o
LOAD build\drivers\iomux\uart_iomux_config.o
LOAD build\platform\drivers\epit.o
LOAD build\platform\drivers\gpt.o
LOAD build\platform\drivers\imx_timer.o
LOAD build\platform\drivers\imx_i2c.o
LOAD build\platform\drivers\imx_uart.o
LOAD build\platform\cpu\armv7_cache.o
LOAD build\platform\cpu\ccm_pll2.o
LOAD build\platform\cpu\cortex_a_gcc.o
LOAD build\kernel\src\clock.o
LOAD build\kernel\src\components.o
LOAD build\kernel\src\device.o
LOAD build\kernel\src\idle.o
LOAD build\kernel\src\ipc.o
LOAD build\kernel\src\irq.o
LOAD build\kernel\src\kservice.o
LOAD build\kernel\src\mem.o
LOAD build\kernel\src\mempool.o
LOAD build\kernel\src\object.o
LOAD build\kernel\src\scheduler.o
LOAD build\kernel\src\signal.o
LOAD build\kernel\src\thread.o
LOAD build\kernel\src\timer.o
LOAD build\kernel\libcpu\arm\common\backtrace.o
LOAD build\kernel\libcpu\arm\common\div0.o
LOAD build\kernel\libcpu\arm\common\showmem.o
LOAD build\kernel\libcpu\arm\cortex-a\cache.o
LOAD build\kernel\libcpu\arm\cortex-a\cpu.o
LOAD build\kernel\libcpu\arm\cortex-a\gic.o
LOAD build\kernel\libcpu\arm\cortex-a\interrupt.o
LOAD build\kernel\libcpu\arm\cortex-a\mmu.o
LOAD build\kernel\libcpu\arm\cortex-a\pmu.o
LOAD build\kernel\libcpu\arm\cortex-a\stack.o
LOAD build\kernel\libcpu\arm\cortex-a\trap.o
LOAD build\kernel\libcpu\arm\cortex-a\context_gcc.o
LOAD build\kernel\libcpu\arm\cortex-a\cp15_gcc.o
LOAD build\kernel\libcpu\arm\cortex-a\start_gcc.o
LOAD build\kernel\libcpu\arm\cortex-a\vector_gcc.o
LOAD build\kernel\components\dfs\src\dfs.o
LOAD build\kernel\components\dfs\src\dfs_file.o
LOAD build\kernel\components\dfs\src\dfs_fs.o
LOAD build\kernel\components\dfs\src\dfs_posix.o
LOAD build\kernel\components\dfs\src\poll.o
LOAD build\kernel\components\dfs\src\select.o
LOAD build\kernel\components\dfs\filesystems\devfs\devfs.o
LOAD build\kernel\components\drivers\misc\pin.o
LOAD build\kernel\components\drivers\serial\serial.o
LOAD build\kernel\components\drivers\src\completion.o
LOAD build\kernel\components\drivers\src\dataqueue.o
LOAD build\kernel\components\drivers\src\pipe.o
LOAD build\kernel\components\drivers\src\ringblk_buf.o
LOAD build\kernel\components\drivers\src\ringbuffer.o
LOAD build\kernel\components\drivers\src\waitqueue.o
LOAD build\kernel\components\drivers\src\workqueue.o
LOAD build\kernel\components\finsh\shell.o
LOAD build\kernel\components\finsh\cmd.o
LOAD build\kernel\components\finsh\msh.o
LOAD build\kernel\components\finsh\msh_file.o
LOAD build\kernel\components\finsh\finsh_compiler.o
LOAD build\kernel\components\finsh\finsh_error.o
LOAD build\kernel\components\finsh\finsh_heap.o
LOAD build\kernel\components\finsh\finsh_init.o
LOAD build\kernel\components\finsh\finsh_node.o
LOAD build\kernel\components\finsh\finsh_ops.o
LOAD build\kernel\components\finsh\finsh_parser.o
LOAD build\kernel\components\finsh\finsh_var.o
LOAD build\kernel\components\finsh\finsh_vm.o
LOAD build\kernel\components\finsh\finsh_token.o
LOAD build\kernel\components\libc\compilers\newlib\libc.o
LOAD build\kernel\components\libc\compilers\newlib\libc_syms.o
LOAD build\kernel\components\libc\compilers\newlib\stdio.o
LOAD build\kernel\components\libc\compilers\newlib\syscalls.o
LOAD build\kernel\components\libc\compilers\newlib\time.o
LOAD d:/env_released_1.1.3/env/tools/gnu_gcc/arm_gcc/mingw/bin/../lib/gcc/arm-none-eabi/5.4.1/../../../../arm-none-eabi/lib/armv7-ar/thumb/softfp\libc.a
LOAD d:/env_released_1.1.3/env/tools/gnu_gcc/arm_gcc/mingw/bin/../lib/gcc/arm-none-eabi/5.4.1/../../../../arm-none-eabi/lib/armv7-ar/thumb/softfp\libm.a
START GROUP
LOAD d:/env_released_1.1.3/env/tools/gnu_gcc/arm_gcc/mingw/bin/../lib/gcc/arm-none-eabi/5.4.1/armv7-ar/thumb/softfp\libgcc.a
LOAD d:/env_released_1.1.3/env/tools/gnu_gcc/arm_gcc/mingw/bin/../lib/gcc/arm-none-eabi/5.4.1/../../../../arm-none-eabi/lib/armv7-ar/thumb/softfp\libc.a
END GROUP
LOAD d:/env_released_1.1.3/env/tools/gnu_gcc/arm_gcc/mingw/bin/../lib/gcc/arm-none-eabi/5.4.1/armv7-ar/thumb/softfp/crtend.o
LOAD d:/env_released_1.1.3/env/tools/gnu_gcc/arm_gcc/mingw/bin/../lib/gcc/arm-none-eabi/5.4.1/armv7-ar/thumb/softfp/crtn.o
                0x80100000                . = 0x80100000
                0x80100000                __text_start = .

.text           0x80100000    0x28198
 *(.vectors)
 .vectors       0x80100000       0x40 build\kernel\libcpu\arm\cortex-a\vector_gcc.o
                0x80100000                system_vectors
 *(.text)
 .text          0x80100040      0x12c build\applications\application.o
                0x80100040                show_freq
                0x801000d4                init_thread
                0x8010010c                rt_application_init
 .text          0x8010016c       0x60 build\applications\startup.o
                0x8010016c                rtthread_startup
                0x801001b0                main
 .text          0x801001cc      0x16c build\drivers\board.o
                0x801001f8                rt_hw_timer_init
                0x8010030c                rt_hw_board_init
 .text          0x80100338      0x190 build\drivers\led.o
                0x80100338                led_init
                0x80100450                led_ctl
 .text          0x801004c8      0x974 build\platform\drivers\epit.o
                0x8010055c                epit_reload_counter
                0x801005c0                epit_get_counter_value
                0x8010061c                epit_set_compare_event
                0x80100680                epit_get_compare_event
                0x80100774                epit_counter_disable
                0x80100938                epit_counter_enable
                0x80100b94                epit_setup_interrupt
                0x80100c24                epit_init
 .text          0x80100e3c      0xb70 build\platform\cpu\ccm_pll2.o
                0x80100e3c                set_soc_core_voltage
                0x80100eec                setup_clk
                0x80101050                ccm_init
                0x8010113c                get_main_clock
                0x80101384                get_peri_clock
                0x80101530                ccm_ccgr_config
                0x8010159c                clock_gating_config
 .text          0x801019ac      0x164 build\platform\cpu\cortex_a_gcc.o
                0x801019ac                arm_set_interrupt_state
                0x801019d0                cpu_get_current
                0x801019dc                enable_neon_fpu
                0x801019f8                disable_strict_align_check
                0x80101a0c                disable_L1_cache
                0x80101a2c                get_arm_private_peripheral_base
                0x80101a34                arm_unified_tlb_invalidate
                0x80101a44                arm_unified_tlb_invalidate_is
                0x80101a54                arm_branch_prediction_enable
                0x80101a64                arm_branch_prediction_disable
                0x80101a74                arm_branch_target_cache_invalidate
                0x80101a80                arm_branch_target_cache_invalidate_is
                0x80101a8c                scu_enable
                0x80101aa0                scu_join_smp
                0x80101ab0                scu_leave_smp
                0x80101ac0                scu_get_cpus_in_smp
                0x80101ad4                scu_enable_maintenance_broadcast
                0x80101ae4                scu_disable_maintenance_broadcast
                0x80101af4                scu_secure_invalidate
 .text          0x80101b10      0x1cc build\kernel\src\clock.o
                0x80101b10                rt_system_tick_init
                0x80101b28                rt_tick_get
                0x80101b4c                rt_tick_set
                0x80101b88                rt_tick_increase
                0x80101c18                rt_tick_from_millisecond
 .text          0x80101cdc      0x118 build\kernel\src\components.o
                0x80101d4c                rt_components_board_init
                0x80101da0                rt_components_init
 .text          0x80101df4      0xb68 build\kernel\src\device.o
                0x80101e8c                rt_device_register
                0x80101f3c                rt_device_unregister
                0x80101fec                rt_device_init_all
                0x80102008                rt_device_find
                0x801020f8                rt_device_create
                0x80102180                rt_device_destroy
                0x80102234                rt_device_init
                0x801022f8                rt_device_open
                0x801024e4                rt_device_close
                0x801025f0                rt_device_read
                0x801026cc                rt_device_write
                0x801027a8                rt_device_control
                0x80102854                rt_device_set_rx_indicate
                0x801028d8                rt_device_set_tx_complete
 .text          0x8010295c      0x464 build\kernel\src\idle.o
                0x801029c0                rt_thread_idle_sethook
                0x80102a54                rt_thread_idle_delhook
                0x80102b30                rt_thread_idle_excute
                0x80102ccc                rt_thread_idle_init
                0x80102d94                rt_thread_idle_gethandler
 .text          0x80102dc0     0x3b34 build\kernel\src\ipc.o
                0x8010306c                rt_sem_init
                0x8010311c                rt_sem_detach
                0x801031dc                rt_sem_create
                0x801032c4                rt_sem_delete
                0x801033d0                rt_sem_take
                0x8010361c                rt_sem_trytake
                0x80103648                rt_sem_release
                0x80103754                rt_sem_control
                0x80103828                rt_mutex_init
                0x801038d4                rt_mutex_detach
                0x80103994                rt_mutex_create
                0x80103a74                rt_mutex_delete
                0x80103b80                rt_mutex_take
                0x80103e90                rt_mutex_release
                0x80104134                rt_mutex_control
                0x801041b0                rt_event_init
                0x80104238                rt_event_detach
                0x801042f8                rt_event_create
                0x801043b4                rt_event_delete
                0x801044c0                rt_event_send
                0x801046f8                rt_event_recv
                0x80104a74                rt_event_control
                0x80104b3c                rt_mb_init
                0x80104c08                rt_mb_detach
                0x80104cd8                rt_mb_create
                0x80104e14                rt_mb_delete
                0x80104f40                rt_mb_send_wait
                0x801052b4                rt_mb_send
                0x801052e8                rt_mb_recv
                0x801056b4                rt_mb_control
                0x801057a4                rt_mq_init
                0x80105910                rt_mq_detach
                0x801059e0                rt_mq_create
                0x80105bb0                rt_mq_delete
                0x80105cdc                rt_mq_send_wait
                0x801060f4                rt_mq_send
                0x80106130                rt_mq_urgent
                0x80106358                rt_mq_recv
                0x801067b0                rt_mq_control
 .text          0x801068f4      0x17c build\kernel\src\irq.o
                0x801068f4                rt_interrupt_enter_sethook
                0x80106924                rt_interrupt_leave_sethook
                0x80106954                rt_interrupt_enter
                0x801069c4                rt_interrupt_leave
                0x80106a34                rt_interrupt_get_nest
 .text          0x80106a70     0x1ddc build\kernel\src\kservice.o
                0x80106a70                rt_get_errno
                0x80106ad4                rt_set_errno
                0x80106b44                _rt_errno
                0x80106ba0                rt_memset
                0x80106d00                rt_memcpy
                0x80106e98                rt_memmove
                0x80106f94                rt_memcmp
                0x8010703c                rt_strstr
                0x801070e8                rt_strcasecmp
                0x801071a4                rt_strncpy
                0x80107264                rt_strncmp
                0x801072f4                rt_strcmp
                0x80107374                rt_strnlen
                0x801073e8                rt_strlen
                0x8010743c                rt_strdup
                0x801074a0                rt_show_version
                0x80107968                rt_vsnprintf
                0x80108230                rt_snprintf
                0x80108280                rt_vsprintf
                0x801082bc                rt_sprintf
                0x80108304                rt_console_get_device
                0x80108328                rt_console_set_device
                0x801083b4                rt_hw_console_output
                0x801083d4                rt_kputs
                0x80108498                rt_kprintf
                0x8010858c                rt_malloc_align
                0x80108684                rt_free_align
                0x801086b8                __rt_ffs
                0x80108790                rt_assert_set_hook
                0x801087c0                rt_assert_handler
 .text          0x8010884c     0x1058 build\kernel\src\mem.o
                0x8010884c                rt_malloc_sethook
                0x8010887c                rt_free_sethook
                0x80108ab0                rt_system_heap_init
                0x80108cac                rt_malloc
                0x801091ac                rt_realloc
                0x801094b4                rt_calloc
                0x80109518                rt_free
                0x801097b8                rt_memory_info
                0x80109840                list_mem
 .text          0x801098a4      0xa04 build\kernel\src\object.o
                0x80109964                rt_object_attach_sethook
                0x80109994                rt_object_detach_sethook
                0x801099c4                rt_object_trytake_sethook
                0x801099f4                rt_object_take_sethook
                0x80109a24                rt_object_put_sethook
                0x80109a54                rt_system_object_init
                0x80109a6c                rt_object_get_information
                0x80109aec                rt_object_get_length
                0x80109ba0                rt_object_get_pointers
                0x80109cac                rt_object_init
                0x80109e08                rt_object_detach
                0x80109e9c                rt_object_allocate
                0x8010a004                rt_object_delete
                0x8010a0cc                rt_object_is_systemobject
                0x8010a12c                rt_object_get_type
                0x8010a17c                rt_object_find
 .text          0x8010a2a8      0x8f4 build\kernel\src\scheduler.o
                0x8010a3e0                rt_scheduler_sethook
                0x8010a570                rt_system_scheduler_init
                0x8010a5d8                rt_system_scheduler_start
                0x8010a628                rt_schedule
                0x8010a8dc                rt_schedule_insert_thread
                0x8010a9e8                rt_schedule_remove_thread
                0x8010aa9c                rt_enter_critical
                0x8010aae4                rt_exit_critical
                0x8010ab74                rt_critical_level
 .text          0x8010ab9c     0x1098 build\kernel\src\thread.o
                0x8010ac98                rt_thread_suspend_sethook
                0x8010acc8                rt_thread_resume_sethook
                0x8010acf8                rt_thread_inited_sethook
                0x8010ad28                rt_thread_exit
                0x8010af74                rt_thread_init
                0x8010b02c                rt_thread_self
                0x8010b050                rt_thread_startup
                0x8010b144                rt_thread_detach
                0x8010b28c                rt_thread_create
                0x8010b338                rt_thread_delete
                0x8010b450                rt_thread_yield
                0x8010b468                rt_thread_sleep
                0x8010b540                rt_thread_delay
                0x8010b568                rt_thread_delay_until
                0x8010b6c8                rt_thread_mdelay
                0x8010b6fc                rt_thread_control
                0x8010b850                rt_thread_suspend
                0x8010b990                rt_thread_resume
                0x8010ba7c                rt_thread_timeout
                0x8010bb44                rt_thread_find
 .text          0x8010bc34      0xce8 build\kernel\src\timer.o
                0x8010bd6c                rt_timer_enter_sethook
                0x8010bd9c                rt_timer_exit_sethook
                0x8010bf54                rt_timer_init
                0x8010bfcc                rt_timer_detach
                0x8010c090                rt_timer_create
                0x8010c0fc                rt_timer_delete
                0x8010c1c0                rt_timer_start
                0x8010c510                rt_timer_stop
                0x8010c5fc                rt_timer_control
                0x8010c730                rt_timer_check
                0x8010c88c                rt_timer_next_timeout_tick
                0x8010c8ac                rt_system_timer_init
                0x8010c904                rt_system_timer_thread_init
 .text          0x8010c91c       0x58 build\kernel\libcpu\arm\cortex-a\cpu.o
                0x8010c91c                rt_hw_cpu_shutdown
 .text          0x8010c974     0x1010 build\kernel\libcpu\arm\cortex-a\gic.o
                0x8010c974                arm_gic_get_active_irq
                0x8010ca0c                arm_gic_ack
                0x8010cb44                arm_gic_mask
                0x8010cc4c                arm_gic_clear_pending
                0x8010cd54                arm_gic_clear_active
                0x8010ce5c                arm_gic_set_cpu
                0x8010cff0                arm_gic_umask
                0x8010d0f8                arm_gic_dump_type
                0x8010d1e8                arm_gic_dump
                0x8010d3f4                arm_gic_dist_init
                0x8010d6fc                arm_gic_cpu_init
                0x8010d79c                arm_gic_set_group
 .text          0x8010d984      0x20c build\kernel\libcpu\arm\cortex-a\interrupt.o
                0x8010d9dc                rt_hw_vector_init
                0x8010d9fc                rt_hw_interrupt_init
                0x8010da64                rt_hw_interrupt_mask
                0x8010da8c                rt_hw_interrupt_umask
                0x8010dab4                rt_hw_interrupt_get_irq
                0x8010dad4                rt_hw_interrupt_ack
                0x8010dafc                rt_hw_interrupt_install
 .text          0x8010db90      0x590 build\kernel\libcpu\arm\cortex-a\mmu.o
                0x8010db90                rt_hw_cpu_dump_page_table_2nd
                0x8010dd3c                rt_hw_cpu_dump_page_table
                0x8010df80                rt_hw_mmu_setmtt
                0x8010e038                rt_hw_set_domain_register
                0x8010e06c                rt_hw_init_mmu_table
                0x8010e0d8                rt_hw_mmu_init
 .text          0x8010e120      0x22c build\kernel\libcpu\arm\cortex-a\stack.o
                0x8010e120                rt_hw_stack_init
 .text          0x8010e34c      0x318 build\kernel\libcpu\arm\cortex-a\trap.o
                0x8010e34c                rt_hw_show_register
                0x8010e45c                rt_hw_trap_undef
                0x8010e494                rt_hw_trap_swi
                0x8010e4cc                rt_hw_trap_pabt
                0x8010e504                rt_hw_trap_dabt
                0x8010e53c                rt_hw_trap_resv
                0x8010e574                rt_hw_trap_irq
                0x8010e5fc                rt_hw_trap_fiq
 .text          0x8010e664       0x1c build\kernel\libcpu\arm\cortex-a\context_gcc.o
                0x8010e664                rt_hw_interrupt_disable
                0x8010e670                rt_hw_interrupt_enable
                0x8010e678                rt_hw_context_switch_to
 .text          0x8010e680      0x154 build\kernel\libcpu\arm\cortex-a\cp15_gcc.o
                0x8010e680                rt_cpu_get_smp_id
                0x8010e688                rt_cpu_vector_set_base
                0x8010e6a0                rt_hw_cpu_dcache_enable
                0x8010e6b0                rt_hw_cpu_icache_enable
                0x8010e6c8                rt_cpu_dcache_clean_flush
                0x8010e75c                rt_cpu_icache_flush
                0x8010e770                rt_hw_cpu_dcache_disable
                0x8010e78c                rt_hw_cpu_icache_disable
                0x8010e79c                rt_cpu_mmu_disable
                0x8010e7b4                rt_cpu_mmu_enable
                0x8010e7c8                rt_cpu_tlb_set
 .text          0x8010e7d4       0xcc build\kernel\libcpu\arm\cortex-a\start_gcc.o
                0x8010e7d4                _reset
 .text          0x8010e8a0      0xe24 build\kernel\components\dfs\src\dfs.o
                0x8010e8a0                dfs_init
                0x8010e994                dfs_lock
                0x8010e9fc                dfs_unlock
                0x8010ec24                fd_new
                0x8010ece0                fd_get
                0x8010edc4                fd_put
                0x8010eeb4                fd_is_open
                0x8010f048                dfs_subdir
                0x8010f0d8                dfs_normalize_path
                0x8010f4a4                dfs_fdtable_get
                0x8010f4d0                list_fd
 .text          0x8010f6c4     0x1468 build\kernel\components\dfs\src\dfs_file.o
                0x8010f6c4                dfs_file_open
                0x8010f904                dfs_file_close
                0x8010f99c                dfs_file_ioctl
                0x8010faa0                dfs_file_read
                0x8010fb40                dfs_file_getdents
                0x8010fbc4                dfs_file_unlink
                0x8010fd24                dfs_file_write
                0x8010fd98                dfs_file_flush
                0x8010fdfc                dfs_file_lseek
                0x8010fe84                dfs_file_stat
                0x8011007c                dfs_file_rename
                0x801101f8                dfs_file_ftruncate
                0x801102a8                ls
                0x8011046c                rm
                0x801104ac                cat
                0x80110910                copy
 .text          0x80110b2c      0xf44 build\kernel\components\dfs\src\dfs_fs.o
                0x80110b2c                dfs_register
                0x80110c64                dfs_filesystem_lookup
                0x80110dbc                dfs_filesystem_get_mounted_path
                0x80110e54                dfs_filesystem_get_partition
                0x801110ac                dfs_mount
                0x80111458                dfs_unmount
                0x801115cc                dfs_mkfs
                0x80111774                dfs_statfs
                0x801117e4                mkfs
                0x80111810                df
 .text          0x80111a70      0xe08 build\kernel\components\dfs\src\dfs_posix.o
                0x80111a70                open
                0x80111b14                close
                0x80111b94                read
                0x80111c24                write
                0x80111cb4                lseek
                0x80111dd0                rename
                0x80111e20                unlink
                0x80111e68                stat
                0x80111eb8                fstat
                0x80111f80                fsync
                0x80111fdc                fcntl
                0x80112088                ioctl
                0x801120e0                ftruncate
                0x8011218c                statfs
                0x801121dc                mkdir
                0x8011228c                rmdir
                0x801122d4                opendir
                0x801123bc                readdir
                0x801124e8                telldir
                0x80112564                seekdir
                0x801125e8                rewinddir
                0x80112668                closedir
                0x801126f8                chdir
                0x801127f0                access
                0x80112838                getcwd
 .text          0x80112878      0x91c build\kernel\components\dfs\filesystems\devfs\devfs.o
                0x80112878                dfs_device_fs_mount
                0x801128a4                dfs_device_fs_ioctl
                0x80112948                dfs_device_fs_read
                0x801129fc                dfs_device_fs_write
                0x80112ab0                dfs_device_fs_close
                0x80112ba0                dfs_device_fs_open
                0x80112e38                dfs_device_fs_stat
                0x80112fcc                dfs_device_fs_getdents
                0x80113174                devfs_init
 .text          0x80113194      0x5fc build\kernel\components\drivers\misc\pin.o
                0x80113384                rt_device_pin_register
                0x8011347c                rt_pin_attach_irq
                0x80113524                rt_pin_detach_irq
                0x801135b0                rt_pin_irq_enable
                0x80113644                rt_pin_mode
                0x801136b4                rt_pin_write
                0x80113724                rt_pin_read
 .text          0x80113790     0x1718 build\kernel\components\finsh\shell.o
                0x80113790                finsh_set_prompt
                0x80113848                finsh_get_prompt
                0x801139a8                finsh_get_prompt_mode
                0x801139fc                finsh_set_prompt_mode
                0x80113af4                finsh_set_echo
                0x80113b64                finsh_get_echo
                0x80113c20                finsh_run_line
                0x80113ffc                finsh_thread_entry
                0x80114d14                finsh_system_function_init
                0x80114d58                finsh_system_var_init
                0x80114d9c                finsh_system_init
 .text          0x80114ea8     0x1c14 build\kernel\components\finsh\cmd.o
                0x80114f48                hello
                0x80114f88                version
                0x801151dc                list_thread
                0x80115524                list_sem
                0x80115708                list_event
                0x801158cc                list_mutex
                0x80115a48                list_mailbox
                0x80115c4c                list_msgqueue
                0x80115e30                list_mempool
                0x80116050                list_timer
                0x801161ec                list_device
                0x8011636c                list
                0x80116618                list_prefix
 .text          0x80116abc      0xde8 build\kernel\components\finsh\msh.o
                0x80116abc                msh_is_used
                0x80116b44                msh_help
                0x80116c0c                cmd_ps
                0x80116c34                cmd_free
                0x80117168                msh_exec
                0x80117308                msh_auto_complete_path
                0x801176dc                msh_auto_complete
 .text          0x801178a4      0xb78 build\kernel\components\finsh\msh_file.o
                0x801179d4                msh_exec_script
                0x80117c58                cmd_ls
                0x80117cac                cmd_cp
                0x80117d1c                cmd_mv
                0x80117f2c                cmd_cat
                0x80117fc0                cmd_rm
                0x80118054                cmd_cd
                0x801180e4                cmd_pwd
                0x8011811c                cmd_mkdir
                0x80118180                cmd_mkfs
                0x80118274                cmd_df
                0x80118328                cmd_echo
 .text          0x8011841c     0x3bcc build\kernel\components\finsh\finsh_compiler.o
                0x8011bef0                finsh_compiler_run
 .text          0x8011bfe8       0xbc build\kernel\components\finsh\finsh_error.o
                0x8011bfe8                finsh_error_init
                0x8011c014                finsh_error_set
                0x8011c04c                finsh_errno
                0x8011c070                finsh_error_string
 .text          0x8011c0a4      0x6d8 build\kernel\components\finsh\finsh_heap.o
                0x8011c0a4                finsh_heap_init
                0x8011c118                finsh_heap_allocate
                0x8011c248                finsh_heap_free
 .text          0x8011c77c       0xbc build\kernel\components\finsh\finsh_init.o
                0x8011c77c                finsh_init
                0x8011c7b4                finsh_stack_bottom
                0x8011c7d8                finsh_flush
                0x8011c808                finsh_reset
 .text          0x8011c838      0x424 build\kernel\components\finsh\finsh_node.o
                0x8011c838                finsh_node_init
                0x8011c860                finsh_node_allocate
                0x8011c920                finsh_node_new_id
                0x8011ca58                finsh_node_new_char
                0x8011cab0                finsh_node_new_int
                0x8011cb04                finsh_node_new_long
                0x8011cb58                finsh_node_new_string
                0x8011cc08                finsh_node_new_ptr
 .text          0x8011cc5c     0x1c78 build\kernel\components\finsh\finsh_ops.o
                0x8011cc5c                OP_no_op
                0x8011cc74                OP_add_byte
                0x8011ccec                OP_add_word
                0x8011cd70                OP_add_dword
                0x8011cde4                OP_sub_byte
                0x8011ce5c                OP_sub_word
                0x8011cee0                OP_sub_dword
                0x8011cf54                OP_div_byte
                0x8011cfd0                OP_div_word
                0x8011d050                OP_div_dword
                0x8011d0c8                OP_mod_byte
                0x8011d144                OP_mod_word
                0x8011d1c4                OP_mod_dword
                0x8011d23c                OP_mul_byte
                0x8011d2b4                OP_mul_word
                0x8011d338                OP_mul_dword
                0x8011d3ac                OP_and_byte
                0x8011d424                OP_and_word
                0x8011d49c                OP_and_dword
                0x8011d510                OP_or_byte
                0x8011d588                OP_or_word
                0x8011d600                OP_or_dword
                0x8011d674                OP_xor_byte
                0x8011d6ec                OP_xor_word
                0x8011d764                OP_xor_dword
                0x8011d7d8                OP_bw_byte
                0x8011d820                OP_bw_word
                0x8011d868                OP_bw_dword
                0x8011d8ac                OP_shl_byte
                0x8011d928                OP_shl_word
                0x8011d9a4                OP_shl_dword
                0x8011da18                OP_shr_byte
                0x8011da94                OP_shr_word
                0x8011db10                OP_shr_dword
                0x8011db84                OP_ld_byte
                0x8011dbf4                OP_ld_word
                0x8011dc8c                OP_ld_dword
                0x8011dd54                OP_ld_value_byte
                0x8011de2c                OP_ld_value_byte_stack
                0x8011de7c                OP_ld_value_word
                0x8011df54                OP_ld_value_word_stack
                0x8011dfa4                OP_ld_value_dword
                0x8011e07c                OP_ld_value_dword_stack
                0x8011e0cc                OP_st_byte
                0x8011e130                OP_st_word
                0x8011e194                OP_st_dword
                0x8011e1f8                OP_pop
                0x8011e22c                OP_call
 .text          0x8011e8d4     0x1748 build\kernel\components\finsh\finsh_parser.o
                0x8011fd78                finsh_parser_run
                0x8011ffec                finsh_parser_init
 .text          0x8012001c      0x468 build\kernel\components\finsh\finsh_var.o
                0x8012001c                finsh_var_init
                0x80120044                finsh_var_insert
                0x80120174                finsh_var_delete
                0x80120230                finsh_var_lookup
                0x801202d8                finsh_sysvar_append
                0x8012039c                finsh_sysvar_lookup
 .text          0x80120484      0x25c build\kernel\components\finsh\finsh_vm.o
                0x80120484                finsh_vm_run
                0x80120548                finsh_syscall_append
                0x801205f8                finsh_syscall_lookup
 .text          0x801206e0     0x12b0 build\kernel\components\finsh\finsh_token.o
                0x801206e0                finsh_token_init
                0x8012071c                finsh_token_token
                0x80120768                finsh_token_get_token
                0x801207a0                token_get_string
 .text          0x80121990       0x58 build\kernel\components\libc\compilers\newlib\libc.o
                0x80121990                libc_system_init
 .text          0x801219e8      0x23c build\kernel\components\libc\compilers\newlib\stdio.o
                0x801219e8                libc_stdio_set_console
                0x80121be0                libc_stdio_get_console
 .text          0x80121c24      0x910 build\kernel\components\libc\compilers\newlib\syscalls.o
                0x80121c24                __errno
                0x80121c3c                _close_r
                0x80121c68                _execve_r
                0x80121ca4                _fcntl_r
                0x80121ce0                _fork_r
                0x80121d10                _fstat_r
                0x80121d48                _getpid_r
                0x80121d6c                _isatty_r
                0x80121dc0                _kill_r
                0x80121df8                _link_r
                0x80121e30                _lseek_r
                0x80121e70                _mkdir_r
                0x80121eac                _open_r
                0x80121eec                _read_r
                0x80121f2c                _rename_r
                0x80121f64                _sbrk_r
                0x80121f8c                _stat_r
                0x80121fc4                _times_r
                0x80121ff8                _unlink_r
                0x80122028                _wait_r
                0x8012205c                _write_r
                0x80122168                libc_get_time
                0x80122260                _gettimeofday_r
                0x801222f0                _malloc_r
                0x80122338                _realloc_r
                0x80122388                _calloc_r
                0x801223d8                _free_r
                0x80122400                exit
                0x80122448                _system
                0x80122468                __libc_init_array
                0x80122480                abort
                0x801224cc                getuid
                0x801224e8                umask
                0x8012250c                flock
 .text          0x80122534       0xec d:/env_released_1.1.3/env/tools/gnu_gcc/arm_gcc/mingw/bin/../lib/gcc/arm-none-eabi/5.4.1/../../../../arm-none-eabi/lib/armv7-ar/thumb/softfp\libc.a(lib_a-memcpy.o)
                0x80122534                memcpy
 .text          0x80122620      0x1bc d:/env_released_1.1.3/env/tools/gnu_gcc/arm_gcc/mingw/bin/../lib/gcc/arm-none-eabi/5.4.1/../../../../arm-none-eabi/lib/armv7-ar/thumb/softfp\libc.a(lib_a-strcmp.o)
                0x80122620                strcmp
 *fill*         0x801227dc        0x4 00000000
 .text          0x801227e0      0x278 d:/env_released_1.1.3/env/tools/gnu_gcc/arm_gcc/mingw/bin/../lib/gcc/arm-none-eabi/5.4.1/armv7-ar/thumb/softfp\libgcc.a(_udivsi3.o)
                0x801227e0                __aeabi_uidiv
                0x801227e0                __udivsi3
                0x80122a3c                __aeabi_uidivmod
 .text          0x80122a58      0x2b0 d:/env_released_1.1.3/env/tools/gnu_gcc/arm_gcc/mingw/bin/../lib/gcc/arm-none-eabi/5.4.1/armv7-ar/thumb/softfp\libgcc.a(_divsi3.o)
                0x80122a58                __divsi3
                0x80122a58                __aeabi_idiv
                0x80122cec                __aeabi_idivmod
 .text          0x80122d08        0x4 d:/env_released_1.1.3/env/tools/gnu_gcc/arm_gcc/mingw/bin/../lib/gcc/arm-none-eabi/5.4.1/armv7-ar/thumb/softfp\libgcc.a(_dvmd_tls.o)
                0x80122d08                __aeabi_idiv0
                0x80122d08                __aeabi_ldiv0
 .text          0x80122d0c       0x30 d:/env_released_1.1.3/env/tools/gnu_gcc/arm_gcc/mingw/bin/../lib/gcc/arm-none-eabi/5.4.1/armv7-ar/thumb/softfp\libgcc.a(_aeabi_uldivmod.o)
                0x80122d0c                __aeabi_uldivmod
 .text          0x80122d3c      0x114 d:/env_released_1.1.3/env/tools/gnu_gcc/arm_gcc/mingw/bin/../lib/gcc/arm-none-eabi/5.4.1/armv7-ar/thumb/softfp\libgcc.a(_udivmoddi4.o)
                0x80122d3c                __udivmoddi4
 *(.text.*)
 .text.isr      0x80122e50       0x68 build\kernel\libcpu\arm\cortex-a\context_gcc.o
                0x80122e50                rt_hw_context_switch
                0x80122e74                rt_hw_context_switch_interrupt
                0x80122ea0                rt_hw_context_switch_exit
 *fill*         0x80122eb8        0x8 00000000
 .text.isr      0x80122ec0      0x1d8 build\kernel\libcpu\arm\cortex-a\start_gcc.o
                0x80122ec0                vector_fiq
                0x80122ee0                vector_irq
                0x80122f60                vector_swi
                0x80122fa0                vector_undef
                0x80122fe0                vector_pabt
                0x80123020                vector_dabt
                0x80123060                vector_resv
 .text.atoi     0x80123098        0x8 d:/env_released_1.1.3/env/tools/gnu_gcc/arm_gcc/mingw/bin/../lib/gcc/arm-none-eabi/5.4.1/../../../../arm-none-eabi/lib/armv7-ar/thumb/softfp\libc.a(lib_a-atoi.o)
                0x80123098                atoi
 .text._fclose_r
                0x801230a0       0x84 d:/env_released_1.1.3/env/tools/gnu_gcc/arm_gcc/mingw/bin/../lib/gcc/arm-none-eabi/5.4.1/../../../../arm-none-eabi/lib/armv7-ar/thumb/softfp\libc.a(lib_a-fclose.o)
                0x801230a0                _fclose_r
 .text.fclose   0x80123124       0x10 d:/env_released_1.1.3/env/tools/gnu_gcc/arm_gcc/mingw/bin/../lib/gcc/arm-none-eabi/5.4.1/../../../../arm-none-eabi/lib/armv7-ar/thumb/softfp\libc.a(lib_a-fclose.o)
                0x80123124                fclose
 .text.__sflush_r
                0x80123134      0x150 d:/env_released_1.1.3/env/tools/gnu_gcc/arm_gcc/mingw/bin/../lib/gcc/arm-none-eabi/5.4.1/../../../../arm-none-eabi/lib/armv7-ar/thumb/softfp\libc.a(lib_a-fflush.o)
                0x80123134                __sflush_r
 .text._fflush_r
                0x80123284       0x2c d:/env_released_1.1.3/env/tools/gnu_gcc/arm_gcc/mingw/bin/../lib/gcc/arm-none-eabi/5.4.1/../../../../arm-none-eabi/lib/armv7-ar/thumb/softfp\libc.a(lib_a-fflush.o)
                0x80123284                _fflush_r
 .text.fflush   0x801232b0       0x28 d:/env_released_1.1.3/env/tools/gnu_gcc/arm_gcc/mingw/bin/../lib/gcc/arm-none-eabi/5.4.1/../../../../arm-none-eabi/lib/armv7-ar/thumb/softfp\libc.a(lib_a-fflush.o)
                0x801232b0                fflush
 .text.fileno   0x801232d8       0x34 d:/env_released_1.1.3/env/tools/gnu_gcc/arm_gcc/mingw/bin/../lib/gcc/arm-none-eabi/5.4.1/../../../../arm-none-eabi/lib/armv7-ar/thumb/softfp\libc.a(lib_a-fileno.o)
                0x801232d8                fileno
 .text._cleanup_r
                0x8012330c        0xc d:/env_released_1.1.3/env/tools/gnu_gcc/arm_gcc/mingw/bin/../lib/gcc/arm-none-eabi/5.4.1/../../../../arm-none-eabi/lib/armv7-ar/thumb/softfp\libc.a(lib_a-findfp.o)
                0x8012330c                _cleanup_r
 .text.__sinit.part.1
                0x80123318      0x100 d:/env_released_1.1.3/env/tools/gnu_gcc/arm_gcc/mingw/bin/../lib/gcc/arm-none-eabi/5.4.1/../../../../arm-none-eabi/lib/armv7-ar/thumb/softfp\libc.a(lib_a-findfp.o)
 .text.__sfmoreglue
                0x80123418       0x30 d:/env_released_1.1.3/env/tools/gnu_gcc/arm_gcc/mingw/bin/../lib/gcc/arm-none-eabi/5.4.1/../../../../arm-none-eabi/lib/armv7-ar/thumb/softfp\libc.a(lib_a-findfp.o)
                0x80123418                __sfmoreglue
 .text.__sfp    0x80123448       0x88 d:/env_released_1.1.3/env/tools/gnu_gcc/arm_gcc/mingw/bin/../lib/gcc/arm-none-eabi/5.4.1/../../../../arm-none-eabi/lib/armv7-ar/thumb/softfp\libc.a(lib_a-findfp.o)
                0x80123448                __sfp
 .text.__sinit  0x801234d0        0xc d:/env_released_1.1.3/env/tools/gnu_gcc/arm_gcc/mingw/bin/../lib/gcc/arm-none-eabi/5.4.1/../../../../arm-none-eabi/lib/armv7-ar/thumb/softfp\libc.a(lib_a-findfp.o)
                0x801234d0                __sinit
 .text.__sfp_lock_acquire
                0x801234dc        0x4 d:/env_released_1.1.3/env/tools/gnu_gcc/arm_gcc/mingw/bin/../lib/gcc/arm-none-eabi/5.4.1/../../../../arm-none-eabi/lib/armv7-ar/thumb/softfp\libc.a(lib_a-findfp.o)
                0x801234dc                __sfp_lock_acquire
 .text.__sfp_lock_release
                0x801234e0        0x4 d:/env_released_1.1.3/env/tools/gnu_gcc/arm_gcc/mingw/bin/../lib/gcc/arm-none-eabi/5.4.1/../../../../arm-none-eabi/lib/armv7-ar/thumb/softfp\libc.a(lib_a-findfp.o)
                0x801234e0                __sfp_lock_release
 .text._fopen_r
                0x801234e4       0x94 d:/env_released_1.1.3/env/tools/gnu_gcc/arm_gcc/mingw/bin/../lib/gcc/arm-none-eabi/5.4.1/../../../../arm-none-eabi/lib/armv7-ar/thumb/softfp\libc.a(lib_a-fopen.o)
                0x801234e4                _fopen_r
 .text.fopen    0x80123578       0x14 d:/env_released_1.1.3/env/tools/gnu_gcc/arm_gcc/mingw/bin/../lib/gcc/arm-none-eabi/5.4.1/../../../../arm-none-eabi/lib/armv7-ar/thumb/softfp\libc.a(lib_a-fopen.o)
                0x80123578                fopen
 .text._fseek_r
                0x8012358c        0x4 d:/env_released_1.1.3/env/tools/gnu_gcc/arm_gcc/mingw/bin/../lib/gcc/arm-none-eabi/5.4.1/../../../../arm-none-eabi/lib/armv7-ar/thumb/softfp\libc.a(lib_a-fseek.o)
                0x8012358c                _fseek_r
 .text._fseeko_r
                0x80123590      0x2d4 d:/env_released_1.1.3/env/tools/gnu_gcc/arm_gcc/mingw/bin/../lib/gcc/arm-none-eabi/5.4.1/../../../../arm-none-eabi/lib/armv7-ar/thumb/softfp\libc.a(lib_a-fseeko.o)
                0x80123590                _fseeko_r
 .text._fwalk   0x80123864       0x48 d:/env_released_1.1.3/env/tools/gnu_gcc/arm_gcc/mingw/bin/../lib/gcc/arm-none-eabi/5.4.1/../../../../arm-none-eabi/lib/armv7-ar/thumb/softfp\libc.a(lib_a-fwalk.o)
                0x80123864                _fwalk
 .text._fwalk_reent
                0x801238ac       0x50 d:/env_released_1.1.3/env/tools/gnu_gcc/arm_gcc/mingw/bin/../lib/gcc/arm-none-eabi/5.4.1/../../../../arm-none-eabi/lib/armv7-ar/thumb/softfp\libc.a(lib_a-fwalk.o)
                0x801238ac                _fwalk_reent
 .text.__swhatbuf_r
                0x801238fc       0x60 d:/env_released_1.1.3/env/tools/gnu_gcc/arm_gcc/mingw/bin/../lib/gcc/arm-none-eabi/5.4.1/../../../../arm-none-eabi/lib/armv7-ar/thumb/softfp\libc.a(lib_a-makebuf.o)
                0x801238fc                __swhatbuf_r
 .text.__smakebuf_r
                0x8012395c       0x90 d:/env_released_1.1.3/env/tools/gnu_gcc/arm_gcc/mingw/bin/../lib/gcc/arm-none-eabi/5.4.1/../../../../arm-none-eabi/lib/armv7-ar/thumb/softfp\libc.a(lib_a-makebuf.o)
                0x8012395c                __smakebuf_r
 .text.memcmp   0x801239ec       0x60 d:/env_released_1.1.3/env/tools/gnu_gcc/arm_gcc/mingw/bin/../lib/gcc/arm-none-eabi/5.4.1/../../../../arm-none-eabi/lib/armv7-ar/thumb/softfp\libc.a(lib_a-memcmp.o)
                0x801239ec                memcmp
 .text.memset   0x80123a4c       0xa4 d:/env_released_1.1.3/env/tools/gnu_gcc/arm_gcc/mingw/bin/../lib/gcc/arm-none-eabi/5.4.1/../../../../arm-none-eabi/lib/armv7-ar/thumb/softfp\libc.a(lib_a-memset.o)
                0x80123a4c                memset
 .text.putenv   0x80123af0       0x10 d:/env_released_1.1.3/env/tools/gnu_gcc/arm_gcc/mingw/bin/../lib/gcc/arm-none-eabi/5.4.1/../../../../arm-none-eabi/lib/armv7-ar/thumb/softfp\libc.a(lib_a-putenv.o)
                0x80123af0                putenv
 .text._putenv_r
                0x80123b00       0x44 d:/env_released_1.1.3/env/tools/gnu_gcc/arm_gcc/mingw/bin/../lib/gcc/arm-none-eabi/5.4.1/../../../../arm-none-eabi/lib/armv7-ar/thumb/softfp\libc.a(lib_a-putenv_r.o)
                0x80123b00                _putenv_r
 .text._puts_r  0x80123b44       0x6c d:/env_released_1.1.3/env/tools/gnu_gcc/arm_gcc/mingw/bin/../lib/gcc/arm-none-eabi/5.4.1/../../../../arm-none-eabi/lib/armv7-ar/thumb/softfp\libc.a(lib_a-puts.o)
                0x80123b44                _puts_r
 .text.puts     0x80123bb0       0x10 d:/env_released_1.1.3/env/tools/gnu_gcc/arm_gcc/mingw/bin/../lib/gcc/arm-none-eabi/5.4.1/../../../../arm-none-eabi/lib/armv7-ar/thumb/softfp\libc.a(lib_a-puts.o)
                0x80123bb0                puts
 .text.lflush   0x80123bc0       0x14 d:/env_released_1.1.3/env/tools/gnu_gcc/arm_gcc/mingw/bin/../lib/gcc/arm-none-eabi/5.4.1/../../../../arm-none-eabi/lib/armv7-ar/thumb/softfp\libc.a(lib_a-refill.o)
 .text.__srefill_r
                0x80123bd4      0x11c d:/env_released_1.1.3/env/tools/gnu_gcc/arm_gcc/mingw/bin/../lib/gcc/arm-none-eabi/5.4.1/../../../../arm-none-eabi/lib/armv7-ar/thumb/softfp\libc.a(lib_a-refill.o)
                0x80123bd4                __srefill_r
 .text.__srget_r
                0x80123cf0       0x34 d:/env_released_1.1.3/env/tools/gnu_gcc/arm_gcc/mingw/bin/../lib/gcc/arm-none-eabi/5.4.1/../../../../arm-none-eabi/lib/armv7-ar/thumb/softfp\libc.a(lib_a-rget.o)
                0x80123cf0                __srget_r
 .text._setenv_r
                0x80123d24      0x188 d:/env_released_1.1.3/env/tools/gnu_gcc/arm_gcc/mingw/bin/../lib/gcc/arm-none-eabi/5.4.1/../../../../arm-none-eabi/lib/armv7-ar/thumb/softfp\libc.a(lib_a-setenv_r.o)
                0x80123d24                _setenv_r
 .text.setvbuf  0x80123eac      0x154 d:/env_released_1.1.3/env/tools/gnu_gcc/arm_gcc/mingw/bin/../lib/gcc/arm-none-eabi/5.4.1/../../../../arm-none-eabi/lib/armv7-ar/thumb/softfp\libc.a(lib_a-setvbuf.o)
                0x80123eac                setvbuf
 .text.snprintf
                0x80124000       0x8c d:/env_released_1.1.3/env/tools/gnu_gcc/arm_gcc/mingw/bin/../lib/gcc/arm-none-eabi/5.4.1/../../../../arm-none-eabi/lib/armv7-ar/thumb/softfp\libc.a(lib_a-snprintf.o)
                0x80124000                snprintf
 .text.__sread  0x8012408c       0x24 d:/env_released_1.1.3/env/tools/gnu_gcc/arm_gcc/mingw/bin/../lib/gcc/arm-none-eabi/5.4.1/../../../../arm-none-eabi/lib/armv7-ar/thumb/softfp\libc.a(lib_a-stdio.o)
                0x8012408c                __sread
 .text.__swrite
                0x801240b0       0x3c d:/env_released_1.1.3/env/tools/gnu_gcc/arm_gcc/mingw/bin/../lib/gcc/arm-none-eabi/5.4.1/../../../../arm-none-eabi/lib/armv7-ar/thumb/softfp\libc.a(lib_a-stdio.o)
                0x801240b0                __swrite
 .text.__sseek  0x801240ec       0x20 d:/env_released_1.1.3/env/tools/gnu_gcc/arm_gcc/mingw/bin/../lib/gcc/arm-none-eabi/5.4.1/../../../../arm-none-eabi/lib/armv7-ar/thumb/softfp\libc.a(lib_a-stdio.o)
                0x801240ec                __sseek
 .text.__sclose
                0x8012410c        0x8 d:/env_released_1.1.3/env/tools/gnu_gcc/arm_gcc/mingw/bin/../lib/gcc/arm-none-eabi/5.4.1/../../../../arm-none-eabi/lib/armv7-ar/thumb/softfp\libc.a(lib_a-stdio.o)
                0x8012410c                __sclose
 .text.strchr   0x80124114       0xec d:/env_released_1.1.3/env/tools/gnu_gcc/arm_gcc/mingw/bin/../lib/gcc/arm-none-eabi/5.4.1/../../../../arm-none-eabi/lib/armv7-ar/thumb/softfp\libc.a(lib_a-strchr.o)
                0x80124114                strchr
 .text.strcpy   0x80124200       0xbc d:/env_released_1.1.3/env/tools/gnu_gcc/arm_gcc/mingw/bin/../lib/gcc/arm-none-eabi/5.4.1/../../../../arm-none-eabi/lib/armv7-ar/thumb/softfp\libc.a(lib_a-strcpy.o)
                0x80124200                strcpy
 .text._strdup_r
                0x801242bc       0x28 d:/env_released_1.1.3/env/tools/gnu_gcc/arm_gcc/mingw/bin/../lib/gcc/arm-none-eabi/5.4.1/../../../../arm-none-eabi/lib/armv7-ar/thumb/softfp\libc.a(lib_a-strdup_r.o)
                0x801242bc                _strdup_r
 .text.strlen   0x801242e4       0x5c d:/env_released_1.1.3/env/tools/gnu_gcc/arm_gcc/mingw/bin/../lib/gcc/arm-none-eabi/5.4.1/../../../../arm-none-eabi/lib/armv7-ar/thumb/softfp\libc.a(lib_a-strlen-stub.o)
                0x801242e4                strlen
 .text.strncmp  0x80124340       0xa0 d:/env_released_1.1.3/env/tools/gnu_gcc/arm_gcc/mingw/bin/../lib/gcc/arm-none-eabi/5.4.1/../../../../arm-none-eabi/lib/armv7-ar/thumb/softfp\libc.a(lib_a-strncmp.o)
                0x80124340                strncmp
 .text.strncpy  0x801243e0       0x70 d:/env_released_1.1.3/env/tools/gnu_gcc/arm_gcc/mingw/bin/../lib/gcc/arm-none-eabi/5.4.1/../../../../arm-none-eabi/lib/armv7-ar/thumb/softfp\libc.a(lib_a-strncpy.o)
                0x801243e0                strncpy
 .text.strrchr  0x80124450       0x24 d:/env_released_1.1.3/env/tools/gnu_gcc/arm_gcc/mingw/bin/../lib/gcc/arm-none-eabi/5.4.1/../../../../arm-none-eabi/lib/armv7-ar/thumb/softfp\libc.a(lib_a-strrchr.o)
                0x80124450                strrchr
 .text.critical_factorization
                0x80124474       0xb8 d:/env_released_1.1.3/env/tools/gnu_gcc/arm_gcc/mingw/bin/../lib/gcc/arm-none-eabi/5.4.1/../../../../arm-none-eabi/lib/armv7-ar/thumb/softfp\libc.a(lib_a-strstr.o)
 .text.two_way_long_needle
                0x8012452c      0x214 d:/env_released_1.1.3/env/tools/gnu_gcc/arm_gcc/mingw/bin/../lib/gcc/arm-none-eabi/5.4.1/../../../../arm-none-eabi/lib/armv7-ar/thumb/softfp\libc.a(lib_a-strstr.o)
 .text.strstr   0x80124740      0x220 d:/env_released_1.1.3/env/tools/gnu_gcc/arm_gcc/mingw/bin/../lib/gcc/arm-none-eabi/5.4.1/../../../../arm-none-eabi/lib/armv7-ar/thumb/softfp\libc.a(lib_a-strstr.o)
                0x80124740                strstr
 .text._strtol_l.isra.0
                0x80124960      0x144 d:/env_released_1.1.3/env/tools/gnu_gcc/arm_gcc/mingw/bin/../lib/gcc/arm-none-eabi/5.4.1/../../../../arm-none-eabi/lib/armv7-ar/thumb/softfp\libc.a(lib_a-strtol.o)
 .text.strtol   0x80124aa4       0x30 d:/env_released_1.1.3/env/tools/gnu_gcc/arm_gcc/mingw/bin/../lib/gcc/arm-none-eabi/5.4.1/../../../../arm-none-eabi/lib/armv7-ar/thumb/softfp\libc.a(lib_a-strtol.o)
                0x80124aa4                strtol
 *fill*         0x80124ad4        0x4 00000000
 .text._svfprintf_r
                0x80124ad8     0x1770 d:/env_released_1.1.3/env/tools/gnu_gcc/arm_gcc/mingw/bin/../lib/gcc/arm-none-eabi/5.4.1/../../../../arm-none-eabi/lib/armv7-ar/thumb/softfp\libc.a(lib_a-svfprintf.o)
                0x80124ad8                _svfprintf_r
 .text.__swsetup_r
                0x80126248       0xc8 d:/env_released_1.1.3/env/tools/gnu_gcc/arm_gcc/mingw/bin/../lib/gcc/arm-none-eabi/5.4.1/../../../../arm-none-eabi/lib/armv7-ar/thumb/softfp\libc.a(lib_a-wsetup.o)
                0x80126248                __swsetup_r
 .text.quorem   0x80126310      0x140 d:/env_released_1.1.3/env/tools/gnu_gcc/arm_gcc/mingw/bin/../lib/gcc/arm-none-eabi/5.4.1/../../../../arm-none-eabi/lib/armv7-ar/thumb/softfp\libc.a(lib_a-dtoa.o)
 .text._dtoa_r  0x80126450      0xd1c d:/env_released_1.1.3/env/tools/gnu_gcc/arm_gcc/mingw/bin/../lib/gcc/arm-none-eabi/5.4.1/../../../../arm-none-eabi/lib/armv7-ar/thumb/softfp\libc.a(lib_a-dtoa.o)
                0x80126450                _dtoa_r
 .text.__env_lock
                0x8012716c        0x4 d:/env_released_1.1.3/env/tools/gnu_gcc/arm_gcc/mingw/bin/../lib/gcc/arm-none-eabi/5.4.1/../../../../arm-none-eabi/lib/armv7-ar/thumb/softfp\libc.a(lib_a-envlock.o)
                0x8012716c                __env_lock
 .text.__env_unlock
                0x80127170        0x4 d:/env_released_1.1.3/env/tools/gnu_gcc/arm_gcc/mingw/bin/../lib/gcc/arm-none-eabi/5.4.1/../../../../arm-none-eabi/lib/armv7-ar/thumb/softfp\libc.a(lib_a-envlock.o)
                0x80127170                __env_unlock
 .text.__sflags
                0x80127174       0x78 d:/env_released_1.1.3/env/tools/gnu_gcc/arm_gcc/mingw/bin/../lib/gcc/arm-none-eabi/5.4.1/../../../../arm-none-eabi/lib/armv7-ar/thumb/softfp\libc.a(lib_a-flags.o)
                0x80127174                __sflags
 .text.__sfvwrite_r
                0x801271ec      0x324 d:/env_released_1.1.3/env/tools/gnu_gcc/arm_gcc/mingw/bin/../lib/gcc/arm-none-eabi/5.4.1/../../../../arm-none-eabi/lib/armv7-ar/thumb/softfp\libc.a(lib_a-fvwrite.o)
                0x801271ec                __sfvwrite_r
 .text._findenv_r
                0x80127510       0x88 d:/env_released_1.1.3/env/tools/gnu_gcc/arm_gcc/mingw/bin/../lib/gcc/arm-none-eabi/5.4.1/../../../../arm-none-eabi/lib/armv7-ar/thumb/softfp\libc.a(lib_a-getenv_r.o)
                0x80127510                _findenv_r
 .text.__locale_ctype_ptr_l
                0x80127598        0x8 d:/env_released_1.1.3/env/tools/gnu_gcc/arm_gcc/mingw/bin/../lib/gcc/arm-none-eabi/5.4.1/../../../../arm-none-eabi/lib/armv7-ar/thumb/softfp\libc.a(lib_a-locale.o)
                0x80127598                __locale_ctype_ptr_l
 .text._localeconv_r
                0x801275a0       0x20 d:/env_released_1.1.3/env/tools/gnu_gcc/arm_gcc/mingw/bin/../lib/gcc/arm-none-eabi/5.4.1/../../../../arm-none-eabi/lib/armv7-ar/thumb/softfp\libc.a(lib_a-localeconv.o)
                0x801275a0                _localeconv_r
 .text.malloc   0x801275c0       0x10 d:/env_released_1.1.3/env/tools/gnu_gcc/arm_gcc/mingw/bin/../lib/gcc/arm-none-eabi/5.4.1/../../../../arm-none-eabi/lib/armv7-ar/thumb/softfp\libc.a(lib_a-malloc.o)
                0x801275c0                malloc
 .text.__ascii_mbtowc
                0x801275d0       0x2c d:/env_released_1.1.3/env/tools/gnu_gcc/arm_gcc/mingw/bin/../lib/gcc/arm-none-eabi/5.4.1/../../../../arm-none-eabi/lib/armv7-ar/thumb/softfp\libc.a(lib_a-mbtowc_r.o)
                0x801275d0                __ascii_mbtowc
 .text.memchr   0x801275fc       0x8c d:/env_released_1.1.3/env/tools/gnu_gcc/arm_gcc/mingw/bin/../lib/gcc/arm-none-eabi/5.4.1/../../../../arm-none-eabi/lib/armv7-ar/thumb/softfp\libc.a(lib_a-memchr-stub.o)
                0x801275fc                memchr
 .text.memmove  0x80127688       0xc4 d:/env_released_1.1.3/env/tools/gnu_gcc/arm_gcc/mingw/bin/../lib/gcc/arm-none-eabi/5.4.1/../../../../arm-none-eabi/lib/armv7-ar/thumb/softfp\libc.a(lib_a-memmove.o)
                0x80127688                memmove
 .text._Balloc  0x8012774c       0x50 d:/env_released_1.1.3/env/tools/gnu_gcc/arm_gcc/mingw/bin/../lib/gcc/arm-none-eabi/5.4.1/../../../../arm-none-eabi/lib/armv7-ar/thumb/softfp\libc.a(lib_a-mprec.o)
                0x8012774c                _Balloc
 .text._Bfree   0x8012779c       0x14 d:/env_released_1.1.3/env/tools/gnu_gcc/arm_gcc/mingw/bin/../lib/gcc/arm-none-eabi/5.4.1/../../../../arm-none-eabi/lib/armv7-ar/thumb/softfp\libc.a(lib_a-mprec.o)
                0x8012779c                _Bfree
 .text.__multadd
                0x801277b0       0x88 d:/env_released_1.1.3/env/tools/gnu_gcc/arm_gcc/mingw/bin/../lib/gcc/arm-none-eabi/5.4.1/../../../../arm-none-eabi/lib/armv7-ar/thumb/softfp\libc.a(lib_a-mprec.o)
                0x801277b0                __multadd
 .text.__hi0bits
                0x80127838       0x40 d:/env_released_1.1.3/env/tools/gnu_gcc/arm_gcc/mingw/bin/../lib/gcc/arm-none-eabi/5.4.1/../../../../arm-none-eabi/lib/armv7-ar/thumb/softfp\libc.a(lib_a-mprec.o)
                0x80127838                __hi0bits
 .text.__lo0bits
                0x80127878       0x58 d:/env_released_1.1.3/env/tools/gnu_gcc/arm_gcc/mingw/bin/../lib/gcc/arm-none-eabi/5.4.1/../../../../arm-none-eabi/lib/armv7-ar/thumb/softfp\libc.a(lib_a-mprec.o)
                0x80127878                __lo0bits
 .text.__i2b    0x801278d0       0x14 d:/env_released_1.1.3/env/tools/gnu_gcc/arm_gcc/mingw/bin/../lib/gcc/arm-none-eabi/5.4.1/../../../../arm-none-eabi/lib/armv7-ar/thumb/softfp\libc.a(lib_a-mprec.o)
                0x801278d0                __i2b
 .text.__multiply
                0x801278e4      0x14c d:/env_released_1.1.3/env/tools/gnu_gcc/arm_gcc/mingw/bin/../lib/gcc/arm-none-eabi/5.4.1/../../../../arm-none-eabi/lib/armv7-ar/thumb/softfp\libc.a(lib_a-mprec.o)
                0x801278e4                __multiply
 .text.__pow5mult
                0x80127a30       0xa4 d:/env_released_1.1.3/env/tools/gnu_gcc/arm_gcc/mingw/bin/../lib/gcc/arm-none-eabi/5.4.1/../../../../arm-none-eabi/lib/armv7-ar/thumb/softfp\libc.a(lib_a-mprec.o)
                0x80127a30                __pow5mult
 .text.__lshift
                0x80127ad4       0xb0 d:/env_released_1.1.3/env/tools/gnu_gcc/arm_gcc/mingw/bin/../lib/gcc/arm-none-eabi/5.4.1/../../../../arm-none-eabi/lib/armv7-ar/thumb/softfp\libc.a(lib_a-mprec.o)
                0x80127ad4                __lshift
 .text.__mcmp   0x80127b84       0x44 d:/env_released_1.1.3/env/tools/gnu_gcc/arm_gcc/mingw/bin/../lib/gcc/arm-none-eabi/5.4.1/../../../../arm-none-eabi/lib/armv7-ar/thumb/softfp\libc.a(lib_a-mprec.o)
                0x80127b84                __mcmp
 .text.__mdiff  0x80127bc8      0x124 d:/env_released_1.1.3/env/tools/gnu_gcc/arm_gcc/mingw/bin/../lib/gcc/arm-none-eabi/5.4.1/../../../../arm-none-eabi/lib/armv7-ar/thumb/softfp\libc.a(lib_a-mprec.o)
                0x80127bc8                __mdiff
 .text.__d2b    0x80127cec       0xb8 d:/env_released_1.1.3/env/tools/gnu_gcc/arm_gcc/mingw/bin/../lib/gcc/arm-none-eabi/5.4.1/../../../../arm-none-eabi/lib/armv7-ar/thumb/softfp\libc.a(lib_a-mprec.o)
                0x80127cec                __d2b
 .text.__ssprint_r
                0x80127da4      0x108 d:/env_released_1.1.3/env/tools/gnu_gcc/arm_gcc/mingw/bin/../lib/gcc/arm-none-eabi/5.4.1/../../../../arm-none-eabi/lib/armv7-ar/thumb/softfp\libc.a(lib_a-svfiprintf.o)
                0x80127da4                __ssprint_r
 .text.__ascii_wctomb
                0x80127eac       0x18 d:/env_released_1.1.3/env/tools/gnu_gcc/arm_gcc/mingw/bin/../lib/gcc/arm-none-eabi/5.4.1/../../../../arm-none-eabi/lib/armv7-ar/thumb/softfp\libc.a(lib_a-wctomb_r.o)
                0x80127eac                __ascii_wctomb
 *fill*         0x80127ec4        0x4 00000000
 .text.__ascii_wctomb.__stub
                0x80127ec8       0x18 linker stubs
                0x80127ee0                . = ALIGN (0x4)
                0x80127ee0                __fsymtab_start = .
 *(FSymTab)
 FSymTab        0x80127ee0        0xc build\kernel\src\mem.o
                0x80127ee0                __fsym_list_mem
 FSymTab        0x80127eec        0xc build\kernel\libcpu\arm\cortex-a\gic.o
                0x80127eec                __fsym_gic
 FSymTab        0x80127ef8        0xc build\kernel\components\dfs\src\dfs.o
                0x80127ef8                __fsym___cmd_list_fd
 FSymTab        0x80127f04       0x30 build\kernel\components\dfs\src\dfs_file.o
                0x80127f04                __fsym_ls
                0x80127f10                __fsym_rm
                0x80127f1c                __fsym_cat
                0x80127f28                __fsym_copy
 FSymTab        0x80127f34       0x18 build\kernel\components\dfs\src\dfs_fs.o
                0x80127f34                __fsym_mkfs
                0x80127f40                __fsym_df
 FSymTab        0x80127f4c       0x18 build\kernel\components\dfs\src\dfs_posix.o
                0x80127f4c                __fsym_mkdir
                0x80127f58                __fsym_cd
 FSymTab        0x80127f64       0x24 build\kernel\components\drivers\misc\pin.o
                0x80127f64                __fsym_pinMode
                0x80127f70                __fsym_pinWrite
                0x80127f7c                __fsym_pinRead
 FSymTab        0x80127f88      0x120 build\kernel\components\finsh\cmd.o
                0x80127f88                __fsym_hello
                0x80127f94                __fsym_clear
                0x80127fa0                __fsym___cmd_clear
                0x80127fac                __fsym_version
                0x80127fb8                __fsym___cmd_version
                0x80127fc4                __fsym_list_thread
                0x80127fd0                __fsym___cmd_list_thread
                0x80127fdc                __fsym_list_sem
                0x80127fe8                __fsym___cmd_list_sem
                0x80127ff4                __fsym_list_event
                0x80128000                __fsym___cmd_list_event
                0x8012800c                __fsym_list_mutex
                0x80128018                __fsym___cmd_list_mutex
                0x80128024                __fsym_list_mailbox
                0x80128030                __fsym___cmd_list_mailbox
                0x8012803c                __fsym_list_msgqueue
                0x80128048                __fsym___cmd_list_msgqueue
                0x80128054                __fsym_list_mempool
                0x80128060                __fsym___cmd_list_mempool
                0x8012806c                __fsym_list_timer
                0x80128078                __fsym___cmd_list_timer
                0x80128084                __fsym_list_device
                0x80128090                __fsym___cmd_list_device
                0x8012809c                __fsym_list
 FSymTab        0x801280a8       0x3c build\kernel\components\finsh\msh.o
                0x801280a8                __fsym___cmd_exit
                0x801280b4                __fsym_msh
                0x801280c0                __fsym___cmd_help
                0x801280cc                __fsym___cmd_ps
                0x801280d8                __fsym___cmd_free
 FSymTab        0x801280e4       0x84 build\kernel\components\finsh\msh_file.o
                0x801280e4                __fsym___cmd_ls
                0x801280f0                __fsym___cmd_cp
                0x801280fc                __fsym___cmd_mv
                0x80128108                __fsym___cmd_cat
                0x80128114                __fsym___cmd_rm
                0x80128120                __fsym___cmd_cd
                0x8012812c                __fsym___cmd_pwd
                0x80128138                __fsym___cmd_mkdir
                0x80128144                __fsym___cmd_mkfs
                0x80128150                __fsym___cmd_df
                0x8012815c                __fsym___cmd_echo
                0x80128168                __fsymtab_end = .
                0x80128168                . = ALIGN (0x4)
                0x80128168                __vsymtab_start = .
 *(VSymTab)
 VSymTab        0x80128168       0x10 build\kernel\components\finsh\cmd.o
                0x80128168                __vsym_dummy
                0x80128178                __vsymtab_end = .
                0x80128178                . = ALIGN (0x4)
                0x80128178                . = ALIGN (0x4)
                0x80128178                __rtmsymtab_start = .
 *(RTMSymTab)
                0x80128178                __rtmsymtab_end = .
                0x80128178                . = ALIGN (0x4)
                0x80128178                __rt_init_start = .
 *(SORT(.rti_fn*))
 .rti_fn.0      0x80128178        0x4 build\kernel\src\components.o
                0x80128178                __rt_init_rti_start
 .rti_fn.0.end  0x8012817c        0x4 build\kernel\src\components.o
                0x8012817c                __rt_init_rti_board_start
 .rti_fn.1      0x80128180        0x4 build\drivers\board.o
                0x80128180                __rt_init_rt_hw_timer_init
 .rti_fn.1.end  0x80128184        0x4 build\kernel\src\components.o
                0x80128184                __rt_init_rti_board_end
 .rti_fn.2      0x80128188        0x4 build\kernel\components\dfs\src\dfs.o
                0x80128188                __rt_init_dfs_init
 .rti_fn.4      0x8012818c        0x4 build\kernel\components\libc\compilers\newlib\libc.o
                0x8012818c                __rt_init_libc_system_init
 .rti_fn.6      0x80128190        0x4 build\kernel\components\finsh\shell.o
                0x80128190                __rt_init_finsh_system_init
 .rti_fn.6.end  0x80128194        0x4 build\kernel\src\components.o
                0x80128194                __rt_init_rti_end
                0x80128198                __rt_init_end = .
                0x80128198                __text_end = .
                0x80128198                __rodata_start = .

.glue_7         0x80128198        0x0
 .glue_7        0x80128198        0x0 linker stubs

.glue_7t        0x80128198        0x0
 .glue_7t       0x80128198        0x0 linker stubs

.vfp11_veneer   0x80128198        0x0
 .vfp11_veneer  0x80128198        0x0 linker stubs

.v4_bx          0x80128198        0x0
 .v4_bx         0x80128198        0x0 linker stubs

.init           0x80128198        0x4
 .init          0x80128198        0x4 d:/env_released_1.1.3/env/tools/gnu_gcc/arm_gcc/mingw/bin/../lib/gcc/arm-none-eabi/5.4.1/armv7-ar/thumb/softfp/crti.o
                0x80128198                _init

.fini           0x8012819c        0x4
 .fini          0x8012819c        0x4 d:/env_released_1.1.3/env/tools/gnu_gcc/arm_gcc/mingw/bin/../lib/gcc/arm-none-eabi/5.4.1/armv7-ar/thumb/softfp/crti.o
                0x8012819c                _fini

.iplt           0x801281a0        0x0
 .iplt          0x801281a0        0x0 d:/env_released_1.1.3/env/tools/gnu_gcc/arm_gcc/mingw/bin/../lib/gcc/arm-none-eabi/5.4.1/armv7-ar/thumb/softfp/crtbegin.o

.rodata         0x801281a0     0x37c5
 *(.rodata)
 .rodata        0x801281a0       0x5d build\applications\application.o
 *fill*         0x801281fd        0x3 
 .rodata        0x80128200       0x11 build\drivers\board.o
                0x80128200                platform_mem_desc_size
 *fill*         0x80128211        0x3 
 .rodata        0x80128214        0x8 build\platform\drivers\epit.o
 .rodata        0x8012821c       0x45 build\platform\cpu\ccm_pll2.o
                0x8012821c                PLL2_OUTPUT
                0x8012822c                PLL3_OUTPUT
                0x80128240                PLL4_OUTPUT
                0x80128244                PLL5_OUTPUT
 *fill*         0x80128261        0x3 
 .rodata        0x80128264      0x206 build\kernel\src\device.o
 *fill*         0x8012846a        0x2 
 .rodata        0x8012846c       0x4a build\kernel\src\idle.o
 *fill*         0x801284b6        0x2 
 .rodata        0x801284b8      0x6aa build\kernel\src\ipc.o
 *fill*         0x80128b62        0x2 
 .rodata        0x80128b64      0x1ed build\kernel\src\kservice.o
                0x80128bf4                __lowest_bit_bitmap
 *fill*         0x80128d51        0x3 
 .rodata        0x80128d54      0x33c build\kernel\src\mem.o
 .rodata        0x80129090      0x11f build\kernel\src\object.o
 *fill*         0x801291af        0x1 
 .rodata        0x801291b0       0xba build\kernel\src\scheduler.o
 *fill*         0x8012926a        0x2 
 .rodata        0x8012926c      0x29b build\kernel\src\thread.o
 *fill*         0x80129507        0x1 
 .rodata        0x80129508      0x139 build\kernel\src\timer.o
 *fill*         0x80129641        0x3 
 .rodata        0x80129644       0x27 build\kernel\libcpu\arm\cortex-a\cpu.o
 *fill*         0x8012966b        0x1 
 .rodata        0x8012966c      0x1c2 build\kernel\libcpu\arm\cortex-a\gic.o
 *fill*         0x8012982e        0x2 
 .rodata        0x80129830      0x104 build\kernel\libcpu\arm\cortex-a\mmu.o
 .rodata        0x80129934      0x13c build\kernel\libcpu\arm\cortex-a\trap.o
 .rodata        0x80129a70      0x157 build\kernel\components\dfs\src\dfs.o
 *fill*         0x80129bc7        0x1 
 .rodata        0x80129bc8      0x1cc build\kernel\components\dfs\src\dfs_file.o
 .rodata        0x80129d94      0x1f9 build\kernel\components\dfs\src\dfs_fs.o
 *fill*         0x80129f8d        0x3 
 .rodata        0x80129f90        0x4 build\kernel\components\dfs\src\dfs_posix.o
 .rodata        0x80129f94      0x123 build\kernel\components\dfs\filesystems\devfs\devfs.o
 *fill*         0x8012a0b7        0x1 
 .rodata        0x8012a0b8       0xb4 build\kernel\components\drivers\misc\pin.o
 .rodata        0x8012a16c       0xf3 build\kernel\components\finsh\shell.o
 *fill*         0x8012a25f        0x1 
 .rodata        0x8012a260      0x6d8 build\kernel\components\finsh\cmd.o
 .rodata        0x8012a938       0x92 build\kernel\components\finsh\msh.o
 *fill*         0x8012a9ca        0x2 
 .rodata        0x8012a9cc      0x229 build\kernel\components\finsh\msh_file.o
 *fill*         0x8012abf5        0x3 
 .rodata        0x8012abf8       0xf2 build\kernel\components\finsh\finsh_error.o
 *fill*         0x8012acea        0x2 
 .rodata        0x8012acec       0xc4 build\kernel\components\finsh\finsh_ops.o
                0x8012acec                op_table
 .rodata        0x8012adb0       0x80 build\kernel\components\finsh\finsh_token.o
 .rodata        0x8012ae30       0x17 build\kernel\components\libc\compilers\newlib\libc.o
 *fill*         0x8012ae47        0x1 
 .rodata        0x8012ae48       0x13 build\kernel\components\libc\compilers\newlib\stdio.o
 *fill*         0x8012ae5b        0x1 
 .rodata        0x8012ae5c       0x5d build\kernel\components\libc\compilers\newlib\syscalls.o
 *(.rodata.*)
 *fill*         0x8012aeb9        0x3 
 .rodata.name   0x8012aebc       0x2a build\kernel\src\mem.o
                0x8012aebc                __fsym_list_mem_name
                0x8012aec8                __fsym_list_mem_desc
 *fill*         0x8012aee6        0x2 
 .rodata.name   0x8012aee8       0x14 build\kernel\libcpu\arm\cortex-a\gic.o
                0x8012aee8                __fsym_gic_name
                0x8012aeec                __fsym_gic_desc
 .rodata.name   0x8012aefc       0x25 build\kernel\components\dfs\src\dfs.o
                0x8012aefc                __fsym___cmd_list_fd_name
                0x8012af0c                __fsym___cmd_list_fd_desc
 *fill*         0x8012af21        0x3 
 .rodata.name   0x8012af24       0x65 build\kernel\components\dfs\src\dfs_file.o
                0x8012af24                __fsym_ls_name
                0x8012af28                __fsym_ls_desc
                0x8012af40                __fsym_rm_name
                0x8012af44                __fsym_rm_desc
                0x8012af60                __fsym_cat_name
                0x8012af64                __fsym_cat_desc
                0x8012af70                __fsym_copy_name
                0x8012af78                __fsym_copy_desc
 *fill*         0x8012af89        0x3 
 .rodata.name   0x8012af8c       0x2e build\kernel\components\dfs\src\dfs_fs.o
                0x8012af8c                __fsym_mkfs_name
                0x8012af94                __fsym_mkfs_desc
                0x8012afa8                __fsym_df_name
                0x8012afac                __fsym_df_desc
 *fill*         0x8012afba        0x2 
 .rodata.name   0x8012afbc       0x41 build\kernel\components\dfs\src\dfs_posix.o
                0x8012afbc                __fsym_mkdir_name
                0x8012afc4                __fsym_mkdir_desc
                0x8012afd8                __fsym_cd_name
                0x8012afdc                __fsym_cd_desc
 *fill*         0x8012affd        0x3 
 .rodata.name   0x8012b000       0x6e build\kernel\components\drivers\misc\pin.o
                0x8012b000                __fsym_pinMode_name
                0x8012b008                __fsym_pinMode_desc
                0x8012b020                __fsym_pinWrite_name
                0x8012b02c                __fsym_pinWrite_desc
                0x8012b048                __fsym_pinRead_name
                0x8012b050                __fsym_pinRead_desc
 *fill*         0x8012b06e        0x2 
 .rodata.name   0x8012b070      0x3e9 build\kernel\components\finsh\cmd.o
                0x8012b070                __fsym_hello_name
                0x8012b078                __fsym_hello_desc
                0x8012b088                __fsym_clear_name
                0x8012b090                __fsym_clear_desc
                0x8012b0ac                __fsym___cmd_clear_name
                0x8012b0b8                __fsym___cmd_clear_desc
                0x8012b0d4                __fsym_version_name
                0x8012b0dc                __fsym_version_desc
                0x8012b100                __fsym___cmd_version_name
                0x8012b110                __fsym___cmd_version_desc
                0x8012b134                __fsym_list_thread_name
                0x8012b140                __fsym_list_thread_desc
                0x8012b14c                __fsym___cmd_list_thread_name
                0x8012b160                __fsym___cmd_list_thread_desc
                0x8012b16c                __fsym_list_sem_name
                0x8012b178                __fsym_list_sem_desc
                0x8012b194                __fsym___cmd_list_sem_name
                0x8012b1a4                __fsym___cmd_list_sem_desc
                0x8012b1c0                __fsym_list_event_name
                0x8012b1cc                __fsym_list_event_desc
                0x8012b1e4                __fsym___cmd_list_event_name
                0x8012b1f8                __fsym___cmd_list_event_desc
                0x8012b210                __fsym_list_mutex_name
                0x8012b21c                __fsym_list_mutex_desc
                0x8012b234                __fsym___cmd_list_mutex_name
                0x8012b248                __fsym___cmd_list_mutex_desc
                0x8012b260                __fsym_list_mailbox_name
                0x8012b270                __fsym_list_mailbox_desc
                0x8012b288                __fsym___cmd_list_mailbox_name
                0x8012b29c                __fsym___cmd_list_mailbox_desc
                0x8012b2b4                __fsym_list_msgqueue_name
                0x8012b2c4                __fsym_list_msgqueue_desc
                0x8012b2e4                __fsym___cmd_list_msgqueue_name
                0x8012b2f8                __fsym___cmd_list_msgqueue_desc
                0x8012b318                __fsym_list_mempool_name
                0x8012b328                __fsym_list_mempool_desc
                0x8012b344                __fsym___cmd_list_mempool_name
                0x8012b358                __fsym___cmd_list_mempool_desc
                0x8012b374                __fsym_list_timer_name
                0x8012b380                __fsym_list_timer_desc
                0x8012b398                __fsym___cmd_list_timer_name
                0x8012b3ac                __fsym___cmd_list_timer_desc
                0x8012b3c4                __fsym_list_device_name
                0x8012b3d0                __fsym_list_device_desc
                0x8012b3e8                __fsym___cmd_list_device_name
                0x8012b3fc                __fsym___cmd_list_device_desc
                0x8012b414                __fsym_list_name
                0x8012b41c                __fsym_list_desc
                0x8012b438                __vsym_dummy_name
                0x8012b440                __vsym_dummy_desc
 *fill*         0x8012b459        0x3 
 .rodata.name   0x8012b45c       0xc1 build\kernel\components\finsh\msh.o
                0x8012b45c                __fsym___cmd_exit_name
                0x8012b468                __fsym___cmd_exit_desc
                0x8012b488                __fsym_msh_name
                0x8012b48c                __fsym_msh_desc
                0x8012b4a0                __fsym___cmd_help_name
                0x8012b4ac                __fsym___cmd_help_desc
                0x8012b4c4                __fsym___cmd_ps_name
                0x8012b4d0                __fsym___cmd_ps_desc
                0x8012b4ec                __fsym___cmd_free_name
                0x8012b4f8                __fsym___cmd_free_desc
 *fill*         0x8012b51d        0x3 
 .rodata.name   0x8012b520      0x1b8 build\kernel\components\finsh\msh_file.o
                0x8012b520                __fsym___cmd_ls_name
                0x8012b52c                __fsym___cmd_ls_desc
                0x8012b550                __fsym___cmd_cp_name
                0x8012b55c                __fsym___cmd_cp_desc
                0x8012b574                __fsym___cmd_mv_name
                0x8012b580                __fsym___cmd_mv_desc
                0x8012b598                __fsym___cmd_cat_name
                0x8012b5a4                __fsym___cmd_cat_desc
                0x8012b5b8                __fsym___cmd_rm_name
                0x8012b5c4                __fsym___cmd_rm_desc
                0x8012b5e0                __fsym___cmd_cd_name
                0x8012b5ec                __fsym___cmd_cd_desc
                0x8012b610                __fsym___cmd_pwd_name
                0x8012b61c                __fsym___cmd_pwd_desc
                0x8012b650                __fsym___cmd_mkdir_name
                0x8012b65c                __fsym___cmd_mkdir_desc
                0x8012b674                __fsym___cmd_mkfs_name
                0x8012b680                __fsym___cmd_mkfs_desc
                0x8012b6a0                __fsym___cmd_df_name
                0x8012b6ac                __fsym___cmd_df_desc
                0x8012b6b8                __fsym___cmd_echo_name
                0x8012b6c4                __fsym___cmd_echo_desc
 .rodata._global_impure_ptr
                0x8012b6d8        0x4 d:/env_released_1.1.3/env/tools/gnu_gcc/arm_gcc/mingw/bin/../lib/gcc/arm-none-eabi/5.4.1/../../../../arm-none-eabi/lib/armv7-ar/thumb/softfp\libc.a(lib_a-impure.o)
                0x8012b6d8                _global_impure_ptr
 .rodata.str1.4
                0x8012b6dc        0x2 d:/env_released_1.1.3/env/tools/gnu_gcc/arm_gcc/mingw/bin/../lib/gcc/arm-none-eabi/5.4.1/../../../../arm-none-eabi/lib/armv7-ar/thumb/softfp\libc.a(lib_a-puts.o)
 *fill*         0x8012b6de        0x2 
 .rodata.zeroes.7258
                0x8012b6e0       0x10 d:/env_released_1.1.3/env/tools/gnu_gcc/arm_gcc/mingw/bin/../lib/gcc/arm-none-eabi/5.4.1/../../../../arm-none-eabi/lib/armv7-ar/thumb/softfp\libc.a(lib_a-svfprintf.o)
 .rodata.str1.4
                0x8012b6f0       0x42 d:/env_released_1.1.3/env/tools/gnu_gcc/arm_gcc/mingw/bin/../lib/gcc/arm-none-eabi/5.4.1/../../../../arm-none-eabi/lib/armv7-ar/thumb/softfp\libc.a(lib_a-svfprintf.o)
 *fill*         0x8012b732        0x2 
 .rodata.blanks.7257
                0x8012b734       0x10 d:/env_released_1.1.3/env/tools/gnu_gcc/arm_gcc/mingw/bin/../lib/gcc/arm-none-eabi/5.4.1/../../../../arm-none-eabi/lib/armv7-ar/thumb/softfp\libc.a(lib_a-svfprintf.o)
 .rodata.str1.4
                0x8012b744       0x10 d:/env_released_1.1.3/env/tools/gnu_gcc/arm_gcc/mingw/bin/../lib/gcc/arm-none-eabi/5.4.1/../../../../arm-none-eabi/lib/armv7-ar/thumb/softfp\libc.a(lib_a-dtoa.o)
                                 0x12 (size before relaxing)
 .rodata.str1.4
                0x8012b754       0x10 d:/env_released_1.1.3/env/tools/gnu_gcc/arm_gcc/mingw/bin/../lib/gcc/arm-none-eabi/5.4.1/../../../../arm-none-eabi/lib/armv7-ar/thumb/softfp\libc.a(lib_a-locale.o)
                                 0x12 (size before relaxing)
 *fill*         0x8012b764        0x4 
 .rodata.__mprec_tens
                0x8012b768       0xc8 d:/env_released_1.1.3/env/tools/gnu_gcc/arm_gcc/mingw/bin/../lib/gcc/arm-none-eabi/5.4.1/../../../../arm-none-eabi/lib/armv7-ar/thumb/softfp\libc.a(lib_a-mprec.o)
                0x8012b768                __mprec_tens
 .rodata.__mprec_bigtens
                0x8012b830       0x28 d:/env_released_1.1.3/env/tools/gnu_gcc/arm_gcc/mingw/bin/../lib/gcc/arm-none-eabi/5.4.1/../../../../arm-none-eabi/lib/armv7-ar/thumb/softfp\libc.a(lib_a-mprec.o)
                0x8012b830                __mprec_bigtens
 .rodata.p05.6087
                0x8012b858        0xc d:/env_released_1.1.3/env/tools/gnu_gcc/arm_gcc/mingw/bin/../lib/gcc/arm-none-eabi/5.4.1/../../../../arm-none-eabi/lib/armv7-ar/thumb/softfp\libc.a(lib_a-mprec.o)
 .rodata._ctype_
                0x8012b864      0x101 d:/env_released_1.1.3/env/tools/gnu_gcc/arm_gcc/mingw/bin/../lib/gcc/arm-none-eabi/5.4.1/../../../../arm-none-eabi/lib/armv7-ar/thumb/softfp\libc.a(lib_a-ctype_.o)
                0x8012b864                _ctype_
                0x8012b965                __rodata_end = .

.ARM.exidx      0x8012b968        0x8
 .ARM.exidx     0x8012b968        0x8 d:/env_released_1.1.3/env/tools/gnu_gcc/arm_gcc/mingw/bin/../lib/gcc/arm-none-eabi/5.4.1/armv7-ar/thumb/softfp\libgcc.a(_udivmoddi4.o)

.rel.dyn        0x8012b970        0x0
 .rel.iplt      0x8012b970        0x0 d:/env_released_1.1.3/env/tools/gnu_gcc/arm_gcc/mingw/bin/../lib/gcc/arm-none-eabi/5.4.1/armv7-ar/thumb/softfp/crtbegin.o
                0x8012b970                . = ALIGN (0x4)

.ctors          0x8012b970        0x0
                0x8012b970                PROVIDE (__ctors_start__, .)
 *(SORT(.ctors.*))
 *(.ctors)
                0x8012b970                PROVIDE (__ctors_end__, .)

.dtors          0x8012b970        0x0
                [!provide]                PROVIDE (__dtors_start__, .)
 *(SORT(.dtors.*))
 *(.dtors)
                [!provide]                PROVIDE (__dtors_end__, .)
                0x8012c000                . = ALIGN (0x4000)

.l1_page_table  0x8012c000     0x4000
                0x8012c000                __l1_page_table_start = .
                0x80130000                . = (. + 0x4000)
 *fill*         0x8012c000     0x4000 
                0x80130000                . = ALIGN (0x8)
                0x80130000                __data_start = .

.data           0x80130000     0x1394
 *(.data)
 .data          0x80130000       0x20 build\drivers\board.o
                0x80130000                platform_mem_desc
 .data          0x80130020        0x4 build\platform\cpu\ccm_pll2.o
                0x80130020                g_arm_clk
 .data          0x80130024       0x90 build\kernel\src\object.o
 .data          0x801300b4      0x100 build\kernel\components\dfs\src\dfs.o
                0x801300b4                working_directory
 .data          0x801301b4        0x4 build\kernel\components\finsh\msh.o
 .data          0x801301b8       0x3c build\kernel\components\finsh\finsh_error.o
 *(.data.*)
 *fill*         0x801301f4        0x4 
 .data.share.isr
                0x801301f8      0xc00 build\kernel\libcpu\arm\cortex-a\start_gcc.o
                0x801301f8                stack_start
                0x80130df8                stack_top
 .data.impure_data
                0x80130df8      0x428 d:/env_released_1.1.3/env/tools/gnu_gcc/arm_gcc/mingw/bin/../lib/gcc/arm-none-eabi/5.4.1/../../../../arm-none-eabi/lib/armv7-ar/thumb/softfp\libc.a(lib_a-impure.o)
 .data._impure_ptr
                0x80131220        0x4 d:/env_released_1.1.3/env/tools/gnu_gcc/arm_gcc/mingw/bin/../lib/gcc/arm-none-eabi/5.4.1/../../../../arm-none-eabi/lib/armv7-ar/thumb/softfp\libc.a(lib_a-impure.o)
                0x80131220                _impure_ptr
 .data.environ  0x80131224        0x4 d:/env_released_1.1.3/env/tools/gnu_gcc/arm_gcc/mingw/bin/../lib/gcc/arm-none-eabi/5.4.1/../../../../arm-none-eabi/lib/armv7-ar/thumb/softfp\libc.a(lib_a-environ.o)
                0x80131224                environ
 .data.__global_locale
                0x80131228      0x16c d:/env_released_1.1.3/env/tools/gnu_gcc/arm_gcc/mingw/bin/../lib/gcc/arm-none-eabi/5.4.1/../../../../arm-none-eabi/lib/armv7-ar/thumb/softfp\libc.a(lib_a-locale.o)
                0x80131228                __global_locale
                0x80131394                __data_end = .

.igot.plt       0x80131394        0x0
 .igot.plt      0x80131394        0x0 d:/env_released_1.1.3/env/tools/gnu_gcc/arm_gcc/mingw/bin/../lib/gcc/arm-none-eabi/5.4.1/armv7-ar/thumb/softfp/crtbegin.o
                0x80131398                . = ALIGN (0x8)
                0x80131398                __bss_start = .

.bss            0x80134000     0x8cd4
 *(.bss)
 .bss           0x80134000       0x10 build\drivers\led.o
 .bss           0x80134010        0x4 build\kernel\src\clock.o
 .bss           0x80134014      0x190 build\kernel\src\idle.o
 .bss           0x801341a4        0x9 build\kernel\src\irq.o
                0x801341ac                rt_interrupt_nest
 *fill*         0x801341ad        0x3 
 .bss           0x801341b0       0x88 build\kernel\src\kservice.o
 .bss           0x80134238       0x40 build\kernel\src\mem.o
 .bss           0x80134278        0x8 build\kernel\src\object.o
 .bss           0x80134280        0x8 build\kernel\src\scheduler.o
 .bss           0x80134288        0xc build\kernel\src\thread.o
 .bss           0x80134294       0x14 build\kernel\src\timer.o
 .bss           0x801342a8       0x10 build\kernel\libcpu\arm\cortex-a\gic.o
 .bss           0x801342b8        0xc build\kernel\libcpu\arm\cortex-a\interrupt.o
                0x801342b8                rt_interrupt_from_thread
                0x801342bc                rt_interrupt_to_thread
                0x801342c0                rt_thread_switch_interrupt_flag
 *fill*         0x801342c4     0x3d3c 
 .bss           0x80138000     0x4000 build\kernel\libcpu\arm\cortex-a\mmu.o
 .bss           0x8013c000       0x30 build\kernel\components\dfs\src\dfs.o
 .bss           0x8013c030      0x128 build\kernel\components\dfs\src\dfs_file.o
 .bss           0x8013c158       0x54 build\kernel\components\drivers\misc\pin.o
 .bss           0x8013c1ac       0x95 build\kernel\components\finsh\shell.o
                0x8013c1ac                _syscall_table_begin
                0x8013c1b0                _syscall_table_end
                0x8013c1b4                _sysvar_table_begin
                0x8013c1b8                _sysvar_table_end
 *fill*         0x8013c241        0x3 
 .bss           0x8013c244        0x4 build\kernel\components\finsh\cmd.o
 .bss           0x8013c248        0x8 build\kernel\components\finsh\finsh_heap.o
 .bss           0x8013c250        0x4 build\kernel\components\finsh\finsh_vm.o
                0x8013c250                global_syscall_list
 .bss           0x8013c254        0x4 build\kernel\components\libc\compilers\newlib\stdio.o
 .bss           0x8013c258        0xc build\kernel\components\libc\compilers\newlib\syscalls.o
                0x8013c258                _timevalue
 *(.bss.*)
 .bss.alloced.4731
                0x8013c264        0x4 d:/env_released_1.1.3/env/tools/gnu_gcc/arm_gcc/mingw/bin/../lib/gcc/arm-none-eabi/5.4.1/../../../../arm-none-eabi/lib/armv7-ar/thumb/softfp\libc.a(lib_a-setenv_r.o)
 .bss.initial_env
                0x8013c268        0x4 d:/env_released_1.1.3/env/tools/gnu_gcc/arm_gcc/mingw/bin/../lib/gcc/arm-none-eabi/5.4.1/../../../../arm-none-eabi/lib/armv7-ar/thumb/softfp\libc.a(lib_a-environ.o)
 *(COMMON)
 COMMON         0x8013c26c        0x4 build\kernel\src\kservice.o
                0x8013c26c                rt_assert_hook
 COMMON         0x8013c270        0xc build\kernel\src\object.o
                0x8013c270                rt_object_put_hook
                0x8013c274                rt_object_take_hook
                0x8013c278                rt_object_trytake_hook
 COMMON         0x8013c27c      0x114 build\kernel\src\scheduler.o
                0x8013c27c                rt_thread_priority_table
                0x8013c37c                rt_current_priority
                0x8013c380                rt_current_thread
                0x8013c384                rt_thread_ready_priority_group
                0x8013c388                rt_thread_defunct
 COMMON         0x8013c390      0x500 build\kernel\libcpu\arm\cortex-a\interrupt.o
                0x8013c390                isr_table
 COMMON         0x8013c890       0x28 build\kernel\components\dfs\src\dfs.o
                0x8013c890                filesystem_table
                0x8013c8b0                filesystem_operation_table
 COMMON         0x8013c8b8        0x4 build\kernel\components\finsh\shell.o
                0x8013c8b8                shell
 COMMON         0x8013c8bc        0x8 build\kernel\components\finsh\finsh_compiler.o
                0x8013c8bc                finsh_compile_pc
                0x8013c8c0                finsh_compile_sp
 COMMON         0x8013c8c4        0x1 build\kernel\components\finsh\finsh_error.o
                0x8013c8c4                global_errno
 *fill*         0x8013c8c5        0x3 
 COMMON         0x8013c8c8       0x80 build\kernel\components\finsh\finsh_heap.o
                0x8013c8c8                finsh_heap
 COMMON         0x8013c948      0x140 build\kernel\components\finsh\finsh_node.o
                0x8013c948                global_node_table
 COMMON         0x8013ca88       0xc4 build\kernel\components\finsh\finsh_var.o
                0x8013ca88                global_sysvar_list
                0x8013ca8c                global_variable
 COMMON         0x8013cb4c      0x188 build\kernel\components\finsh\finsh_vm.o
                0x8013cb4c                text_segment
                0x8013cbcc                finsh_vm_stack
                0x8013cccc                finsh_pc
                0x8013ccd0                finsh_sp
                0x8013ccd4                . = ALIGN (0x4)
                0x8013ccd4                . = ALIGN (0x4)
                0x8013ccd4                __bss_end = .

.stab
 *(.stab)

.stabstr
 *(.stabstr)

.stab.excl
 *(.stab.excl)

.stab.exclstr
 *(.stab.exclstr)

.stab.index
 *(.stab.index)

.stab.indexstr
 *(.stab.indexstr)

.comment        0x00000000       0x6e
 *(.comment)
 .comment       0x00000000       0x6e build\applications\application.o
                                 0x6f (size before relaxing)
 .comment       0x0000006e       0x6f build\applications\startup.o
 .comment       0x0000006e       0x6f build\drivers\board.o
 .comment       0x0000006e       0x6f build\drivers\led.o
 .comment       0x0000006e       0x6f build\platform\drivers\epit.o
 .comment       0x0000006e       0x6f build\platform\cpu\ccm_pll2.o
 .comment       0x0000006e       0x6f build\kernel\src\clock.o
 .comment       0x0000006e       0x6f build\kernel\src\components.o
 .comment       0x0000006e       0x6f build\kernel\src\device.o
 .comment       0x0000006e       0x6f build\kernel\src\idle.o
 .comment       0x0000006e       0x6f build\kernel\src\ipc.o
 .comment       0x0000006e       0x6f build\kernel\src\irq.o
 .comment       0x0000006e       0x6f build\kernel\src\kservice.o
 .comment       0x0000006e       0x6f build\kernel\src\mem.o
 .comment       0x0000006e       0x6f build\kernel\src\object.o
 .comment       0x0000006e       0x6f build\kernel\src\scheduler.o
 .comment       0x0000006e       0x6f build\kernel\src\thread.o
 .comment       0x0000006e       0x6f build\kernel\src\timer.o
 .comment       0x0000006e       0x6f build\kernel\libcpu\arm\cortex-a\cpu.o
 .comment       0x0000006e       0x6f build\kernel\libcpu\arm\cortex-a\gic.o
 .comment       0x0000006e       0x6f build\kernel\libcpu\arm\cortex-a\interrupt.o
 .comment       0x0000006e       0x6f build\kernel\libcpu\arm\cortex-a\mmu.o
 .comment       0x0000006e       0x6f build\kernel\libcpu\arm\cortex-a\stack.o
 .comment       0x0000006e       0x6f build\kernel\libcpu\arm\cortex-a\trap.o
 .comment       0x0000006e       0x6f build\kernel\components\dfs\src\dfs.o
 .comment       0x0000006e       0x6f build\kernel\components\dfs\src\dfs_file.o
 .comment       0x0000006e       0x6f build\kernel\components\dfs\src\dfs_fs.o
 .comment       0x0000006e       0x6f build\kernel\components\dfs\src\dfs_posix.o
 .comment       0x0000006e       0x6f build\kernel\components\dfs\filesystems\devfs\devfs.o
 .comment       0x0000006e       0x6f build\kernel\components\drivers\misc\pin.o
 .comment       0x0000006e       0x6f build\kernel\components\finsh\shell.o
 .comment       0x0000006e       0x6f build\kernel\components\finsh\cmd.o
 .comment       0x0000006e       0x6f build\kernel\components\finsh\msh.o