Archive member included to satisfy reference by file (symbol)

d:/env_released_1.1.3/env/tools/gnu_gcc/arm_gcc/mingw/bin/../lib/gcc/arm-none-eabi/5.4.1/../../../../arm-none-eabi/lib/armv7-ar/thumb/softfp\libc.a(lib_a-exit.o)
                              d:/env_released_1.1.3/env/tools/gnu_gcc/arm_gcc/mingw/bin/../lib/gcc/arm-none-eabi/5.4.1/../../../../arm-none-eabi/lib/armv7-ar/thumb/softfp/crt0.o (exit)
d:/env_released_1.1.3/env/tools/gnu_gcc/arm_gcc/mingw/bin/../lib/gcc/arm-none-eabi/5.4.1/../../../../arm-none-eabi/lib/armv7-ar/thumb/softfp\libc.a(lib_a-fclose.o)
                              build\kernel\components\libc\compilers\newlib\stdio.o (fclose)
d:/env_released_1.1.3/env/tools/gnu_gcc/arm_gcc/mingw/bin/../lib/gcc/arm-none-eabi/5.4.1/../../../../arm-none-eabi/lib/armv7-ar/thumb/softfp\libc.a(lib_a-fflush.o)
                              d:/env_released_1.1.3/env/tools/gnu_gcc/arm_gcc/mingw/bin/../lib/gcc/arm-none-eabi/5.4.1/../../../../arm-none-eabi/lib/armv7-ar/thumb/softfp\libc.a(lib_a-fclose.o) (__sflush_r)
d:/env_released_1.1.3/env/tools/gnu_gcc/arm_gcc/mingw/bin/../lib/gcc/arm-none-eabi/5.4.1/../../../../arm-none-eabi/lib/armv7-ar/thumb/softfp\libc.a(lib_a-fileno.o)
                              build\kernel\components\libc\compilers\newlib\stdio.o (fileno)
d:/env_released_1.1.3/env/tools/gnu_gcc/arm_gcc/mingw/bin/../lib/gcc/arm-none-eabi/5.4.1/../../../../arm-none-eabi/lib/armv7-ar/thumb/softfp\libc.a(lib_a-findfp.o)
                              d:/env_released_1.1.3/env/tools/gnu_gcc/arm_gcc/mingw/bin/../lib/gcc/arm-none-eabi/5.4.1/../../../../arm-none-eabi/lib/armv7-ar/thumb/softfp\libc.a(lib_a-fclose.o) (__sinit)
d:/env_released_1.1.3/env/tools/gnu_gcc/arm_gcc/mingw/bin/../lib/gcc/arm-none-eabi/5.4.1/../../../../arm-none-eabi/lib/armv7-ar/thumb/softfp\libc.a(lib_a-fopen.o)
                              build\kernel\components\libc\compilers\newlib\stdio.o (fopen)
d:/env_released_1.1.3/env/tools/gnu_gcc/arm_gcc/mingw/bin/../lib/gcc/arm-none-eabi/5.4.1/../../../../arm-none-eabi/lib/armv7-ar/thumb/softfp\libc.a(lib_a-fseek.o)
                              d:/env_released_1.1.3/env/tools/gnu_gcc/arm_gcc/mingw/bin/../lib/gcc/arm-none-eabi/5.4.1/../../../../arm-none-eabi/lib/armv7-ar/thumb/softfp\libc.a(lib_a-fopen.o) (_fseek_r)
d:/env_released_1.1.3/env/tools/gnu_gcc/arm_gcc/mingw/bin/../lib/gcc/arm-none-eabi/5.4.1/../../../../arm-none-eabi/lib/armv7-ar/thumb/softfp\libc.a(lib_a-fseeko.o)
                              d:/env_released_1.1.3/env/tools/gnu_gcc/arm_gcc/mingw/bin/../lib/gcc/arm-none-eabi/5.4.1/../../../../arm-none-eabi/lib/armv7-ar/thumb/softfp\libc.a(lib_a-fseek.o) (_fseeko_r)
d:/env_released_1.1.3/env/tools/gnu_gcc/arm_gcc/mingw/bin/../lib/gcc/arm-none-eabi/5.4.1/../../../../arm-none-eabi/lib/armv7-ar/thumb/softfp\libc.a(lib_a-fwalk.o)
                              d:/env_released_1.1.3/env/tools/gnu_gcc/arm_gcc/mingw/bin/../lib/gcc/arm-none-eabi/5.4.1/../../../../arm-none-eabi/lib/armv7-ar/thumb/softfp\libc.a(lib_a-findfp.o) (_fwalk)
d:/env_released_1.1.3/env/tools/gnu_gcc/arm_gcc/mingw/bin/../lib/gcc/arm-none-eabi/5.4.1/../../../../arm-none-eabi/lib/armv7-ar/thumb/softfp\libc.a(lib_a-impure.o)
                              build\kernel\components\libc\compilers\newlib\stdio.o (_global_impure_ptr)
d:/env_released_1.1.3/env/tools/gnu_gcc/arm_gcc/mingw/bin/../lib/gcc/arm-none-eabi/5.4.1/../../../../arm-none-eabi/lib/armv7-ar/thumb/softfp\libc.a(lib_a-makebuf.o)
                              d:/env_released_1.1.3/env/tools/gnu_gcc/arm_gcc/mingw/bin/../lib/gcc/arm-none-eabi/5.4.1/../../../../arm-none-eabi/lib/armv7-ar/thumb/softfp\libc.a(lib_a-fseeko.o) (__smakebuf_r)
d:/env_released_1.1.3/env/tools/gnu_gcc/arm_gcc/mingw/bin/../lib/gcc/arm-none-eabi/5.4.1/../../../../arm-none-eabi/lib/armv7-ar/thumb/softfp\libc.a(lib_a-memcmp.o)
                              build\kernel\components\finsh\shell.o (memcmp)
d:/env_released_1.1.3/env/tools/gnu_gcc/arm_gcc/mingw/bin/../lib/gcc/arm-none-eabi/5.4.1/../../../../arm-none-eabi/lib/armv7-ar/thumb/softfp\libc.a(lib_a-memcpy.o)
                              build\applications\sd.o (memcpy)
d:/env_released_1.1.3/env/tools/gnu_gcc/arm_gcc/mingw/bin/../lib/gcc/arm-none-eabi/5.4.1/../../../../arm-none-eabi/lib/armv7-ar/thumb/softfp\libc.a(lib_a-memset.o)
                              d:/env_released_1.1.3/env/tools/gnu_gcc/arm_gcc/mingw/bin/../lib/gcc/arm-none-eabi/5.4.1/../../../../arm-none-eabi/lib/armv7-ar/thumb/softfp/crt0.o (memset)
d:/env_released_1.1.3/env/tools/gnu_gcc/arm_gcc/mingw/bin/../lib/gcc/arm-none-eabi/5.4.1/../../../../arm-none-eabi/lib/armv7-ar/thumb/softfp\libc.a(lib_a-putenv.o)
                              build\kernel\components\libc\compilers\newlib\libc.o (putenv)
d:/env_released_1.1.3/env/tools/gnu_gcc/arm_gcc/mingw/bin/../lib/gcc/arm-none-eabi/5.4.1/../../../../arm-none-eabi/lib/armv7-ar/thumb/softfp\libc.a(lib_a-putenv_r.o)
[...]
Memory Configuration

Name             Origin             Length             Attributes
*default*        0x00000000         0xffffffff

Linker script and memory map

LOAD d:/env_released_1.1.3/env/tools/gnu_gcc/arm_gcc/mingw/bin/../lib/gcc/arm-none-eabi/5.4.1/armv7-ar/thumb/softfp/crti.o
LOAD d:/env_released_1.1.3/env/tools/gnu_gcc/arm_gcc/mingw/bin/../lib/gcc/arm-none-eabi/5.4.1/armv7-ar/thumb/softfp/crtbegin.o
LOAD d:/env_released_1.1.3/env/tools/gnu_gcc/arm_gcc/mingw/bin/../lib/gcc/arm-none-eabi/5.4.1/../../../../arm-none-eabi/lib/armv7-ar/thumb/softfp/crt0.o
LOAD build\applications\sd.o
LOAD build\applications\main.o
LOAD build\drivers\drv_i2c.o
LOAD build\drivers\board.o
LOAD build\drivers\cortex_a_gcc.o
LOAD build\drivers\wm8960.o
LOAD build\drivers\drv_sdio.o
LOAD build\drivers\drv_clk.o
LOAD build\drivers\drv_uart.o
LOAD build\kernel\src\irq.o
LOAD build\kernel\src\mempool.o
LOAD build\kernel\src\idle.o
LOAD build\kernel\src\mem.o
LOAD build\kernel\src\thread.o
LOAD build\kernel\src\timer.o
LOAD build\kernel\src\clock.o
LOAD build\kernel\src\kservice.o
LOAD build\kernel\src\object.o
LOAD build\kernel\src\ipc.o
LOAD build\kernel\src\device.o
LOAD build\kernel\src\components.o
LOAD build\kernel\src\scheduler.o
LOAD build\kernel\libcpu\arm\common\backtrace.o
LOAD build\kernel\libcpu\arm\common\showmem.o
LOAD build\kernel\libcpu\arm\common\div0.o
LOAD build\kernel\libcpu\arm\cortex-a\gtimer.o
LOAD build\kernel\libcpu\arm\cortex-a\stack.o
LOAD build\kernel\libcpu\arm\cortex-a\cpu.o
LOAD build\kernel\libcpu\arm\cortex-a\mmu.o
LOAD build\kernel\libcpu\arm\cortex-a\vector_gcc.o
LOAD build\kernel\libcpu\arm\cortex-a\cp15_gcc.o
LOAD build\kernel\libcpu\arm\cortex-a\trap.o
LOAD build\kernel\libcpu\arm\cortex-a\gic.o
LOAD build\kernel\libcpu\arm\cortex-a\pmu.o
LOAD build\kernel\libcpu\arm\cortex-a\cache.o
LOAD build\kernel\libcpu\arm\cortex-a\interrupt.o
LOAD build\kernel\libcpu\arm\cortex-a\start_gcc.o
LOAD build\kernel\libcpu\arm\cortex-a\context_gcc.o
LOAD build\kernel\components\dfs\src\dfs_posix.o
LOAD build\kernel\components\dfs\src\dfs_file.o
LOAD build\kernel\components\dfs\src\select.o
LOAD build\kernel\components\dfs\src\dfs.o
LOAD build\kernel\components\dfs\src\poll.o
LOAD build\kernel\components\dfs\src\dfs_fs.o
LOAD build\kernel\components\dfs\filesystems\devfs\devfs.o
LOAD build\kernel\components\dfs\filesystems\elmfat\ff.o
LOAD build\kernel\components\dfs\filesystems\elmfat\dfs_elm.o
LOAD build\kernel\components\dfs\filesystems\elmfat\ffunicode.o
LOAD build\kernel\components\drivers\audio\audio_pipe.o
LOAD build\kernel\components\drivers\audio\audio.o
LOAD build\kernel\components\drivers\i2c\i2c_core.o
LOAD build\kernel\components\drivers\i2c\i2c_dev.o
LOAD build\kernel\components\drivers\misc\pin.o
LOAD build\kernel\components\drivers\sdio\mmc.o
LOAD build\kernel\components\drivers\sdio\sd.o
LOAD build\kernel\components\drivers\sdio\block_dev.o
LOAD build\kernel\components\drivers\sdio\sdio.o
LOAD build\kernel\components\drivers\sdio\mmcsd_core.o
LOAD build\kernel\components\drivers\serial\serial.o
LOAD build\kernel\components\drivers\src\ringblk_buf.o
LOAD build\kernel\components\drivers\src\dataqueue.o
LOAD build\kernel\components\drivers\src\workqueue.o
LOAD build\kernel\components\drivers\src\ringbuffer.o
LOAD build\kernel\components\drivers\src\pipe.o
LOAD build\kernel\components\drivers\src\completion.o
LOAD build\kernel\components\drivers\src\waitqueue.o
LOAD build\kernel\components\finsh\shell.o
LOAD build\kernel\components\finsh\msh.o
LOAD build\kernel\components\finsh\msh_file.o
LOAD build\kernel\components\finsh\cmd.o
LOAD build\kernel\components\libc\compilers\common\stdlib.o
LOAD build\kernel\components\libc\compilers\common\unistd.o
LOAD build\kernel\components\libc\compilers\common\time.o
LOAD build\kernel\components\libc\compilers\newlib\libc.o
LOAD build\kernel\components\libc\compilers\newlib\stdio.o
LOAD build\kernel\components\libc\compilers\newlib\syscalls.o
LOAD d:/env_released_1.1.3/env/tools/gnu_gcc/arm_gcc/mingw/bin/../lib/gcc/arm-none-eabi/5.4.1/../../../../arm-none-eabi/lib/armv7-ar/thumb/softfp\libc.a
LOAD d:/env_released_1.1.3/env/tools/gnu_gcc/arm_gcc/mingw/bin/../lib/gcc/arm-none-eabi/5.4.1/../../../../arm-none-eabi/lib/armv7-ar/thumb/softfp\libm.a
START GROUP
LOAD d:/env_released_1.1.3/env/tools/gnu_gcc/arm_gcc/mingw/bin/../lib/gcc/arm-none-eabi/5.4.1/armv7-ar/thumb/softfp\libgcc.a
LOAD d:/env_released_1.1.3/env/tools/gnu_gcc/arm_gcc/mingw/bin/../lib/gcc/arm-none-eabi/5.4.1/../../../../arm-none-eabi/lib/armv7-ar/thumb/softfp\libc.a
END GROUP
LOAD d:/env_released_1.1.3/env/tools/gnu_gcc/arm_gcc/mingw/bin/../lib/gcc/arm-none-eabi/5.4.1/armv7-ar/thumb/softfp/crtend.o
LOAD d:/env_released_1.1.3/env/tools/gnu_gcc/arm_gcc/mingw/bin/../lib/gcc/arm-none-eabi/5.4.1/armv7-ar/thumb/softfp/crtn.o
                0x80001000                . = 0x80001000
                0x80001000                __text_start = .

.text           0x80001000    0x3d9b4
 *(.vectors)
 .vectors       0x80001000       0x40 build\kernel\libcpu\arm\cortex-a\vector_gcc.o
                0x80001000                system_vectors
 *(.text)
 .text          0x80001040     0x3748 build\applications\sd.o
                0x80001040                USDHC_Dump_All
                0x800018b0                USDHC_Init
                0x800019c4                CardInsertDetect
                0x80001a28                USDHC_SetDataBusWidth
                0x80001a74                USDHC_SetSdClock
                0x80001d1c                USDHC_SetCardActive
                0x80001da0                USDHC_GetResponse
                0x800028d0                sd_init
                0x800030fc                sd_read_blocks
                0x80003300                sd_write_blocks
                0x80004288                MMC_SelectBoot1Partition
                0x800042b8                MMC_ExitBoot1Partition
                0x800042e8                mmc_init
 .text          0x80004788      0xa14 build\applications\main.o
                0x80004834                main
                0x800048d4                init_pins
                0x800050d0                sd_test
 .text          0x8000519c      0xc18 build\drivers\drv_i2c.o
                0x80005bec                imx6ull_i2c_init
                0x80005d30                imx6ull_i2c_register
 .text          0x80005db4      0x1ec build\drivers\board.o
                0x80005dfc                rt_hw_timer_init
                0x80005f64                rt_hw_board_init
 .text          0x80005fa0      0x164 build\drivers\cortex_a_gcc.o
                0x80005fa0                arm_set_interrupt_state
                0x80005fc4                cpu_get_current
                0x80005fd0                enable_neon_fpu
                0x80005fec                disable_strict_align_check
                0x80006000                disable_L1_cache
                0x80006020                get_arm_private_peripheral_base
                0x80006028                arm_unified_tlb_invalidate
                0x80006038                arm_unified_tlb_invalidate_is
                0x80006048                arm_branch_prediction_enable
                0x80006058                arm_branch_prediction_disable
                0x80006068                arm_branch_target_cache_invalidate
                0x80006074                arm_branch_target_cache_invalidate_is
                0x80006080                scu_enable
                0x80006094                scu_join_smp
                0x800060a4                scu_leave_smp
                0x800060b4                scu_get_cpus_in_smp
                0x800060c8                scu_enable_maintenance_broadcast
                0x800060d8                scu_disable_maintenance_broadcast
                0x800060e8                scu_secure_invalidate
 .text          0x80006104      0x424 build\drivers\wm8960.o
                0x80006104                i2c_test
                0x800061fc                ft54x6_get_point
                0x800063fc                ft54x6_init
 .text          0x80006528     0x1860 build\drivers\drv_sdio.o
                0x80006788                imx6ull_sdhc_get_response
                0x80007368                im6ull_sdhc_set_clock
                0x800077ec                rt_hw_usdhc1_irq
                0x800078bc                imx6ull_sdio
                0x80007ac0                im6ull_sdio_low_init
 .text          0x80007d88      0x348 build\drivers\drv_clk.o
                0x80007d88                clk_enable
                0x80007da0                imx6u_clk_init
 .text          0x800080d0      0x3b4 build\drivers\drv_uart.o
                0x8000834c                uart_iomux
                0x800083c0                rt_hw_uart_init
 .text          0x80008484      0x17c build\kernel\src\irq.o
                0x80008484                rt_interrupt_enter_sethook
                0x800084b4                rt_interrupt_leave_sethook
                0x800084e4                rt_interrupt_enter
                0x80008554                rt_interrupt_leave
                0x800085c4                rt_interrupt_get_nest
 .text          0x80008600      0x400 build\kernel\src\idle.o
                0x80008664                rt_thread_idle_sethook
                0x800086f8                rt_thread_idle_delhook
                0x800087d4                rt_thread_idle_excute
                0x8000890c                rt_thread_idle_init
                0x800089d4                rt_thread_idle_gethandler
 .text          0x80008a00     0x1058 build\kernel\src\mem.o
                0x80008a00                rt_malloc_sethook
                0x80008a30                rt_free_sethook
                0x80008c64                rt_system_heap_init
                0x80008e60                rt_malloc
                0x80009360                rt_realloc
                0x80009668                rt_calloc
                0x800096cc                rt_free
                0x8000996c                rt_memory_info
                0x800099f4                list_mem
 .text          0x80009a58     0x1054 build\kernel\src\thread.o
                0x80009b54                rt_thread_suspend_sethook
                0x80009b84                rt_thread_resume_sethook
                0x80009bb4                rt_thread_inited_sethook
                0x80009c30                rt_thread_exit
                0x80009e74                rt_thread_init
                0x80009f2c                rt_thread_self
                0x80009f50                rt_thread_startup
                0x8000a044                rt_thread_detach
                0x8000a144                rt_thread_create
                0x8000a1f0                rt_thread_delete
                0x8000a310                rt_thread_yield
                0x8000a370                rt_thread_sleep
                0x8000a448                rt_thread_delay
                0x8000a470                rt_thread_delay_until
                0x8000a5d8                rt_thread_mdelay
                0x8000a60c                rt_thread_control
                0x8000a78c                rt_thread_suspend
                0x8000a8cc                rt_thread_resume
                0x8000a9b8                rt_thread_timeout
                0x8000aa80                rt_thread_find
 .text          0x8000aaac     0x10f8 build\kernel\src\timer.o
                0x8000abe4                rt_timer_enter_sethook
                0x8000ac14                rt_timer_exit_sethook
                0x8000adcc                rt_timer_init
                0x8000ae48                rt_timer_detach
                0x8000af28                rt_timer_create
                0x8000af94                rt_timer_delete
                0x8000b074                rt_timer_start
                0x8000b428                rt_timer_stop
                0x8000b514                rt_timer_control
                0x8000b65c                rt_timer_check
                0x8000b81c                rt_timer_next_timeout_tick
                0x8000b83c                rt_soft_timer_check
                0x8000baa4                rt_system_timer_init
                0x8000bafc                rt_system_timer_thread_init
 .text          0x8000bba4      0x208 build\kernel\src\clock.o
                0x8000bba4                rt_tick_get
                0x8000bbc8                rt_tick_set
                0x8000bc04                rt_tick_increase
                0x8000bc94                rt_tick_from_millisecond
                0x8000bd94                rt_tick_get_millisecond
 .text          0x8000bdac     0x1e00 build\kernel\src\kservice.o
                0x8000bdac                rt_get_errno
                0x8000be10                rt_set_errno
                0x8000be80                _rt_errno
                0x8000bedc                rt_memset
                0x8000c03c                rt_memcpy
                0x8000c1d4                rt_memmove
                0x8000c2d0                rt_memcmp
                0x8000c378                rt_strstr
                0x8000c424                rt_strcasecmp
                0x8000c4e0                rt_strncpy
                0x8000c5a0                rt_strncmp
                0x8000c630                rt_strcmp
                0x8000c6b0                rt_strnlen
                0x8000c724                rt_strlen
                0x8000c778                rt_strdup
                0x8000c7dc                rt_show_version
                0x8000ccb0                rt_vsnprintf
                0x8000d578                rt_snprintf
                0x8000d5c8                rt_vsprintf
                0x8000d604                rt_sprintf
                0x8000d64c                rt_console_get_device
                0x8000d670                rt_console_set_device
                0x8000d714                rt_hw_console_output
                0x8000d734                rt_kputs
                0x8000d7f8                rt_kprintf
                0x8000d8ec                rt_malloc_align
                0x8000d9e4                rt_free_align
                0x8000da18                __rt_ffs
                0x8000daf0                rt_assert_set_hook
                0x8000db20                rt_assert_handler
 .text          0x8000dbac      0x9ec build\kernel\src\object.o
                0x8000dc6c                rt_object_attach_sethook
                0x8000dc9c                rt_object_detach_sethook
                0x8000dccc                rt_object_trytake_sethook
                0x8000dcfc                rt_object_take_sethook
                0x8000dd2c                rt_object_put_sethook
                0x8000dd5c                rt_object_get_information
                0x8000dddc                rt_object_get_length
                0x8000de90                rt_object_get_pointers
                0x8000df9c                rt_object_init
                0x8000e0f8                rt_object_detach
                0x8000e18c                rt_object_allocate
                0x8000e2f4                rt_object_delete
                0x8000e3bc                rt_object_is_systemobject
                0x8000e41c                rt_object_get_type
                0x8000e46c                rt_object_find
 .text          0x8000e598     0x3f30 build\kernel\src\ipc.o
                0x8000e844                rt_ipc_get_highest_priority
                0x8000e8c4                rt_sem_init
                0x8000e974                rt_sem_detach
                0x8000ea34                rt_sem_create
                0x8000eb1c                rt_sem_delete
                0x8000ec28                rt_sem_take
                0x8000ee74                rt_sem_trytake
                0x8000eea0                rt_sem_release
                0x8000efd4                rt_sem_control
                0x8000f0a8                rt_mutex_init
                0x8000f154                rt_mutex_detach
                0x8000f214                rt_mutex_create
                0x8000f2f4                rt_mutex_delete
                0x8000f400                rt_mutex_take
                0x8000f73c                rt_mutex_release
                0x8000fa80                rt_mutex_control
                0x8000fafc                rt_event_init
                0x8000fb84                rt_event_detach
                0x8000fc44                rt_event_create
                0x8000fd00                rt_event_delete
                0x8000fe0c                rt_event_send
                0x8001005c                rt_event_recv
                0x800103fc                rt_event_control
                0x800104c4                rt_mb_init
                0x80010590                rt_mb_detach
                0x80010660                rt_mb_create
                0x8001079c                rt_mb_delete
                0x800108c8                rt_mb_send_wait
                0x80010c68                rt_mb_send
                0x80010c9c                rt_mb_urgent
                0x80010e44                rt_mb_recv
                0x80011220                rt_mb_control
                0x80011310                rt_mq_init
                0x8001147c                rt_mq_detach
                0x8001154c                rt_mq_create
                0x8001171c                rt_mq_delete
                0x80011848                rt_mq_send_wait
                0x80011c8c                rt_mq_send
                0x80011cc8                rt_mq_urgent
                0x80011f1c                rt_mq_recv
                0x80012384                rt_mq_control
 .text          0x800124c8      0xa88 build\kernel\src\device.o
                0x80012560                rt_device_register
                0x80012610                rt_device_unregister
                0x800126c0                rt_device_find
                0x800126ec                rt_device_create
                0x80012774                rt_device_destroy
                0x80012828                rt_device_init
                0x800128ec                rt_device_open
                0x80012ad8                rt_device_close
                0x80012be4                rt_device_read
                0x80012cc0                rt_device_write
                0x80012d9c                rt_device_control
                0x80012e48                rt_device_set_rx_indicate
                0x80012ecc                rt_device_set_tx_complete
 .text          0x80012f50      0x200 build\kernel\src\components.o
                0x80012fc0                rt_components_board_init
                0x80013014                rt_components_init
                0x80013068                entry
                0x80013080                main_thread_entry
                0x800130a4                rt_application_init
                0x80013118                rtthread_startup
 .text          0x80013150      0x8f0 build\kernel\src\scheduler.o
                0x80013288                rt_scheduler_sethook
                0x80013414                rt_system_scheduler_init
                0x8001347c                rt_system_scheduler_start
                0x800134cc                rt_schedule
                0x80013780                rt_schedule_insert_thread
                0x8001388c                rt_schedule_remove_thread
                0x80013940                rt_enter_critical
                0x80013988                rt_exit_critical
                0x80013a18                rt_critical_level
 .text          0x80013a40      0x22c build\kernel\libcpu\arm\cortex-a\stack.o
                0x80013a40                rt_hw_stack_init
 .text          0x80013c6c       0x58 build\kernel\libcpu\arm\cortex-a\cpu.o
                0x80013c6c                rt_hw_cpu_shutdown
 .text          0x80013cc4      0x590 build\kernel\libcpu\arm\cortex-a\mmu.o
                0x80013cc4                rt_hw_cpu_dump_page_table_2nd
                0x80013e70                rt_hw_cpu_dump_page_table
                0x800140b4                rt_hw_mmu_setmtt
                0x8001416c                rt_hw_set_domain_register
                0x800141a0                rt_hw_init_mmu_table
                0x8001420c                rt_hw_mmu_init
 .text          0x80014254      0x154 build\kernel\libcpu\arm\cortex-a\cp15_gcc.o
                0x80014254                rt_cpu_get_smp_id
                0x8001425c                rt_cpu_vector_set_base
                0x80014274                rt_hw_cpu_dcache_enable
                0x80014284                rt_hw_cpu_icache_enable
                0x8001429c                rt_cpu_dcache_clean_flush
                0x80014330                rt_cpu_icache_flush
                0x80014344                rt_hw_cpu_dcache_disable
                0x80014360                rt_hw_cpu_icache_disable
                0x80014370                rt_cpu_mmu_disable
                0x80014388                rt_cpu_mmu_enable
                0x8001439c                rt_cpu_tlb_set
 .text          0x800143a8      0x318 build\kernel\libcpu\arm\cortex-a\trap.o
                0x800143a8                rt_hw_show_register
                0x800144b8                rt_hw_trap_undef
                0x800144f0                rt_hw_trap_swi
                0x80014528                rt_hw_trap_pabt
                0x80014560                rt_hw_trap_dabt
                0x80014598                rt_hw_trap_resv
                0x800145d0                rt_hw_trap_irq
                0x80014658                rt_hw_trap_fiq
 .text          0x800146c0     0x1cb8 build\kernel\libcpu\arm\cortex-a\gic.o
                0x800146c0                arm_gic_get_active_irq
                0x80014770                arm_gic_ack
                0x80014884                arm_gic_mask
                0x8001495c                arm_gic_umask
                0x80014a34                arm_gic_get_pending_irq
                0x80014b94                arm_gic_set_pending_irq
                0x80014cb4                arm_gic_clear_pending_irq
                0x80014e00                arm_gic_set_configuration
                0x80014f54                arm_gic_get_configuration
                0x80015020                arm_gic_clear_active
                0x800150f8                arm_gic_set_cpu
                0x8001524c                arm_gic_get_target_cpu
                0x8001531c                arm_gic_set_priority
                0x80015474                arm_gic_get_priority
                0x80015544                arm_gic_set_interface_prior_mask
                0x800155c8                arm_gic_get_interface_prior_mask
                0x8001563c                arm_gic_set_binary_point
                0x800156a0                arm_gic_get_binary_point
                0x800156f4                arm_gic_get_irq_status
                0x8001582c                arm_gic_send_sgi
                0x8001590c                arm_gic_get_high_pending_irq
                0x80015980                arm_gic_get_interface_id
                0x800159f4                arm_gic_set_group
                0x80015b6c                arm_gic_get_group
                0x80015c38                arm_gic_dist_init
                0x80015f58                arm_gic_cpu_init
                0x80016004                arm_gic_dump_type
                0x80016118                arm_gic_dump
                0x80016354                gic_dump
 .text          0x80016378      0x334 build\kernel\libcpu\arm\cortex-a\cache.o
                0x800163e4                rt_hw_cpu_icache_invalidate
                0x80016490                rt_hw_cpu_dcache_invalidate
                0x80016538                rt_hw_cpu_dcache_clean
                0x800165e0                rt_hw_cpu_icache_ops
                0x8001661c                rt_hw_cpu_dcache_ops
                0x80016674                rt_hw_cpu_icache_status
                0x80016690                rt_hw_cpu_dcache_status
 .text          0x800166ac      0x464 build\kernel\libcpu\arm\cortex-a\interrupt.o
                0x80016704                rt_hw_vector_init
                0x80016724                rt_hw_interrupt_init
                0x8001678c                rt_hw_interrupt_mask
                0x800167b4                rt_hw_interrupt_umask
                0x800167dc                rt_hw_interrupt_get_irq
                0x800167f8                rt_hw_interrupt_ack
                0x80016820                rt_hw_interrupt_set_target_cpus
                0x80016850                rt_hw_interrupt_get_target_cpus
                0x8001687c                rt_hw_interrupt_set_triger_mode
                0x800168ac                rt_hw_interrupt_get_triger_mode
                0x800168d8                rt_hw_interrupt_set_pending
                0x80016900                rt_hw_interrupt_get_pending
                0x8001692c                rt_hw_interrupt_clear_pending
                0x80016954                rt_hw_interrupt_set_priority
                0x80016984                rt_hw_interrupt_get_priority
                0x800169b0                rt_hw_interrupt_set_priority_mask
                0x800169d8                rt_hw_interrupt_get_priority_mask
                0x800169f4                rt_hw_interrupt_set_prior_group_bits
                0x80016a48                rt_hw_interrupt_get_prior_group_bits
                0x80016a7c                rt_hw_interrupt_install
 .text          0x80016b10       0xcc build\kernel\libcpu\arm\cortex-a\start_gcc.o
                0x80016b10                _reset
 .text          0x80016bdc       0x1c build\kernel\libcpu\arm\cortex-a\context_gcc.o
                0x80016bdc                rt_hw_interrupt_disable
                0x80016be8                rt_hw_interrupt_enable
                0x80016bf0                rt_hw_context_switch_to
 .text          0x80016bf8      0xe08 build\kernel\components\dfs\src\dfs_posix.o
                0x80016bf8                open
                0x80016c9c                close
                0x80016d1c                read
                0x80016dac                write
                0x80016e3c                lseek
                0x80016f58                rename
                0x80016fa8                unlink
                0x80016ff0                stat
                0x80017040                fstat
                0x80017108                fsync
                0x80017164                fcntl
                0x80017210                ioctl
                0x80017268                ftruncate
                0x80017314                statfs
                0x80017364                mkdir
                0x80017414                rmdir
                0x8001745c                opendir
                0x80017544                readdir
                0x80017670                telldir
                0x800176ec                seekdir
                0x80017770                rewinddir
                0x800177f0                closedir
                0x80017880                chdir
                0x80017978                access
                0x800179c0                getcwd
 .text          0x80017a00     0x1484 build\kernel\components\dfs\src\dfs_file.o
                0x80017a00                dfs_file_open
                0x80017c40                dfs_file_close
                0x80017cd8                dfs_file_ioctl
                0x80017dec                dfs_file_read
                0x80017e8c                dfs_file_getdents
                0x80017f10                dfs_file_unlink
                0x80018070                dfs_file_write
                0x800180e4                dfs_file_flush
                0x80018148                dfs_file_lseek
                0x800181d0                dfs_file_stat
                0x800183c8                dfs_file_rename
                0x80018544                dfs_file_ftruncate
                0x800185f4                ls
                0x800187b8                rm
                0x800187f8                cat
                0x80018c68                copy
 .text          0x80018e84      0xe4c build\kernel\components\dfs\src\dfs.o
                0x80018e84                dfs_init
                0x80018f78                dfs_lock
                0x80018fe0                dfs_unlock
                0x80019208                fd_new
                0x800192c4                fd_get
                0x800193a8                fd_put
                0x80019498                fd_is_open
                0x8001962c                dfs_subdir
                0x800196bc                dfs_normalize_path
                0x80019a88                dfs_fdtable_get
                0x80019ab4                list_fd
 .text          0x80019cd0      0xf44 build\kernel\components\dfs\src\dfs_fs.o
                0x80019cd0                dfs_register
                0x80019e08                dfs_filesystem_lookup
                0x80019f60                dfs_filesystem_get_mounted_path
                0x80019ff8                dfs_filesystem_get_partition
                0x8001a250                dfs_mount
                0x8001a5fc                dfs_unmount
                0x8001a770                dfs_mkfs
                0x8001a918                dfs_statfs
                0x8001a988                mkfs
                0x8001a9b4                df
 .text          0x8001ac14      0x93c build\kernel\components\dfs\filesystems\devfs\devfs.o
                0x8001ac14                dfs_device_fs_mount
                0x8001ac40                dfs_device_fs_ioctl
                0x8001ace4                dfs_device_fs_read
                0x8001ad98                dfs_device_fs_write
                0x8001ae4c                dfs_device_fs_close
                0x8001af3c                dfs_device_fs_open
                0x8001b1ec                dfs_device_fs_stat
                0x8001b380                dfs_device_fs_getdents
                0x8001b530                devfs_init
 .text          0x8001b550     0x88e0 build\kernel\components\dfs\filesystems\elmfat\ff.o
                0x8001fb10                f_mount
                0x8001fc58                f_open
                0x800201b4                f_read
                0x800206cc                f_write
                0x80020ca8                f_sync
                0x80020e80                f_close
                0x80020f00                f_lseek
                0x80021770                f_opendir
                0x8002190c                f_closedir
                0x80021970                f_readdir
                0x80021aa0                f_seekdir
                0x80021b4c                f_stat
                0x80021c50                f_getfree
                0x80021edc                f_truncate
                0x80022148                f_unlink
                0x80022370                f_mkdir
                0x80022644                f_rename
                0x80022dd0                f_mkfs
                0x80023dc4                elm_get_vol
 .text          0x80023e30     0x1a20 build\kernel\components\dfs\filesystems\elmfat\dfs_elm.o
                0x80023f70                dfs_elm_mount
                0x80024188                dfs_elm_unmount
                0x80024294                dfs_elm_mkfs
                0x800244c0                dfs_elm_statfs
                0x800245e8                dfs_elm_open
                0x80024900                dfs_elm_close
                0x800249e4                dfs_elm_ioctl
                0x80024ad8                dfs_elm_read
                0x80024b98                dfs_elm_write
                0x80024c68                dfs_elm_flush
                0x80024cd4                dfs_elm_lseek
                0x80024e1c                dfs_elm_getdents
                0x80025020                dfs_elm_unlink
                0x800250d0                dfs_elm_rename
                0x80025190                dfs_elm_stat
                0x800253ec                elm_init
                0x8002540c                disk_initialize
                0x80025434                disk_status
                0x8002545c                disk_read
                0x800254d0                disk_write
                0x80025544                disk_ioctl
                0x800256d0                get_fattime
                0x800256f8                ff_cre_syncobj
                0x8002576c                ff_del_syncobj
                0x800257a0                ff_req_grant
                0x800257e0                ff_rel_grant
                0x80025804                ff_memalloc
                0x8002582c                ff_memfree
 .text          0x80025850      0x360 build\kernel\components\dfs\filesystems\elmfat\ffunicode.o
                0x80025850                ff_uni2oem
                0x80025920                ff_oem2uni
                0x800259b8                ff_wtoupper
 .text          0x80025bb0      0x314 build\kernel\components\drivers\i2c\i2c_core.o
                0x80025bb0                rt_i2c_bus_device_register
                0x80025c4c                rt_i2c_bus_device_find
                0x80025cd0                rt_i2c_transfer
                0x80025d7c                rt_i2c_master_send
                0x80025dfc                rt_i2c_master_recv
                0x80025ea8                rt_i2c_core_init
 .text          0x80025ec4      0x338 build\kernel\components\drivers\i2c\i2c_dev.o
                0x80026130                rt_i2c_bus_device_device_init
 .text          0x800261fc      0x6a8 build\kernel\components\drivers\misc\pin.o
                0x800263ec                rt_device_pin_register
                0x800264e4                rt_pin_attach_irq
                0x8002658c                rt_pin_detach_irq
                0x80026618                rt_pin_irq_enable
                0x800266ac                rt_pin_mode
                0x8002671c                rt_pin_write
                0x8002678c                rt_pin_read
                0x800267f8                rt_pin_get
 .text          0x800268a4     0x1570 build\kernel\components\drivers\sdio\mmc.o
                0x8002779c                mmc_send_op_cond
                0x80027ccc                init_mmc
 .text          0x80027e14     0x17dc build\kernel\components\drivers\sdio\sd.o
                0x80028a50                mmcsd_send_app_cmd
                0x80028ba8                mmcsd_app_set_bus_width
                0x80028c58                mmcsd_send_app_op_cond
                0x80028db4                mmcsd_send_if_cond
                0x80028e78                mmcsd_get_card_addr
                0x80028f04                mmcsd_get_scr
                0x80029460                init_sd
 .text          0x800295f0     0x1074 build\kernel\components\drivers\sdio\block_dev.o
                0x800296b0                mmcsd_num_wr_blocks
                0x8002a0bc                rt_mmcsd_blk_probe
                0x8002a53c                rt_mmcsd_blk_remove
                0x8002a648                rt_mmcsd_blk_init
 .text          0x8002a664     0x3574 build\kernel\components\drivers\sdio\sdio.o
                0x8002a79c                sdio_io_send_op_cond
                0x8002a90c                sdio_io_rw_direct
                0x8002ab48                sdio_io_rw_extended
                0x8002aec8                sdio_io_rw_extended_block
                0x8002b1ac                sdio_io_readb
                0x8002b228                sdio_io_writeb
                0x8002b284                sdio_io_readw
                0x8002b314                sdio_io_writew
                0x8002b36c                sdio_io_readl
                0x8002b3f8                sdio_io_writel
                0x8002b44c                sdio_io_read_multi_fifo_b
                0x8002b49c                sdio_io_write_multi_fifo_b
                0x8002b4ec                sdio_io_read_multi_incr_b
                0x8002b53c                sdio_io_write_multi_incr_b
                0x8002bf34                sdio_free_cis
                0x8002ca28                init_sdio
                0x8002cf60                sdio_attach_irq
                0x8002d11c                sdio_detach_irq
                0x8002d29c                sdio_irq_wakeup
                0x8002d304                sdio_enable_func
                0x8002d54c                sdio_disable_func
                0x8002d6e0                sdio_set_drvdata
                0x8002d710                sdio_get_drvdata
                0x8002d738                sdio_set_block_size
                0x8002d9c0                sdio_register_driver
                0x8002da98                sdio_unregister_driver
                0x8002dbc0                rt_sdio_init
 .text          0x8002dbd8     0x170c build\kernel\components\drivers\sdio\mmcsd_core.o
                0x8002dd10                mmcsd_host_lock
                0x8002dd40                mmcsd_host_unlock
                0x8002dd6c                mmcsd_req_complete
                0x8002ddac                mmcsd_send_request
                0x8002dee8                mmcsd_send_cmd
                0x8002df70                mmcsd_go_idle
                0x8002e02c                mmcsd_spi_read_ocr
                0x8002e0b8                mmcsd_all_get_cid
                0x8002e14c                mmcsd_get_cid
                0x8002e38c                mmcsd_get_csd
                0x8002e664                mmcsd_select_card
                0x8002e698                mmcsd_deselect_cards
                0x8002e6cc                mmcsd_spi_use_crc
                0x8002e804                mmcsd_set_chip_select
                0x8002e83c                mmcsd_set_clock
                0x8002e8a8                mmcsd_set_bus_mode
                0x8002e8e0                mmcsd_set_bus_width
                0x8002e918                mmcsd_set_data_timeout
                0x8002eb7c                mmcsd_select_voltage
                0x8002eda4                mmcsd_wait_cd_changed
                0x8002ee08                mmcsd_change
                0x8002ee38                mmcsd_detect
                0x8002f0a8                mmcsd_alloc_host
                0x8002f180                mmcsd_free_host
                0x8002f1c4                rt_mmcsd_core_init
 .text          0x8002f2e4     0x2338 build\kernel\components\drivers\serial\serial.o
                0x800310e8                rt_hw_serial_register
                0x800311fc                rt_hw_serial_isr
 .text          0x8003161c      0xdbc build\kernel\components\drivers\src\dataqueue.o
                0x800316f0                rt_data_queue_init
                0x8003182c                rt_data_queue_push
                0x80031b68                rt_data_queue_pop
                0x80031f48                rt_data_queue_peek
                0x80032054                rt_data_queue_reset
                0x800321e0                rt_data_queue_deinit
                0x80032290                rt_data_queue_len
 .text          0x800323d8      0x394 build\kernel\components\drivers\src\completion.o
                0x800324ac                rt_completion_init
                0x80032518                rt_completion_wait
                0x800326b8                rt_completion_done
 .text          0x8003276c      0x448 build\kernel\components\drivers\src\waitqueue.o
                0x800328a4                rt_wqueue_add
                0x800328f0                rt_wqueue_remove
                0x8003292c                __wqueue_default_wake
                0x80032954                rt_wqueue_wakeup
                0x80032a38                rt_wqueue_wait
 .text          0x80032bb4     0x1550 build\kernel\components\finsh\shell.o
                0x80032bb4                finsh_set_prompt
                0x80032c6c                finsh_get_prompt
                0x80032dcc                finsh_get_prompt_mode
                0x80032e20                finsh_set_prompt_mode
                0x80032f18                finsh_set_echo
                0x80032f88                finsh_get_echo
                0x800332f8                finsh_thread_entry
                0x80033f70                finsh_system_function_init
                0x80033fb4                finsh_system_var_init
                0x80033ff8                finsh_system_init
 .text          0x80034104      0xd7c build\kernel\components\finsh\msh.o
                0x80034104                msh_is_used
                0x80034120                msh_help
                0x800341e8                cmd_ps
                0x80034210                cmd_free
                0x80034744                msh_exec
                0x800348e4                msh_auto_complete_path
                0x80034cb8                msh_auto_complete
 .text          0x80034e80     0x1200 build\kernel\components\finsh\msh_file.o
                0x80034fb0                msh_exec_script
                0x80035234                cmd_ls
                0x80035288                cmd_cp
                0x800352f8                cmd_mv
                0x80035508                cmd_cat
                0x800357b4                cmd_rm
                0x80035ab8                cmd_cd
                0x80035b48                cmd_pwd
                0x80035b80                cmd_mkdir
                0x80035be4                cmd_mkfs
                0x80035cd8                cmd_mount
                0x80035e44                cmd_umount
                0x80035ed8                cmd_df
                0x80035f8c                cmd_echo
 .text          0x80036080     0x1580 build\kernel\components\finsh\cmd.o
                0x80036120                hello
                0x80036160                version
                0x800363b4                list_thread
                0x80036708                list_sem
                0x800368ec                list_event
                0x80036ab0                list_mutex
                0x80036c2c                list_mailbox
                0x80036e30                list_msgqueue
                0x80037014                list_mempool
                0x80037234                list_timer
                0x800373d0                list_device
                0x80037550                list
 .text          0x80037600       0x7c build\kernel\components\libc\compilers\common\stdlib.o
                0x80037600                __rt_libc_exit
                0x80037658                __rt_libc_system
 .text          0x8003767c     0x1424 build\kernel\components\libc\compilers\common\time.o
                0x80037838                gmtime_r
                0x80037adc                gmtime
                0x80037b0c                localtime_r
                0x80037b78                localtime
                0x80037ba8                mktime
                0x80037c0c                asctime_r
                0x80037e08                asctime
                0x80037e38                ctime_r
                0x80037e7c                ctime
                0x80037eb0                time
                0x80037f18                clock
                0x80037f30                stime
                0x80037fb0                timegm
                0x80038454                gettimeofday
                0x800384b0                settimeofday
                0x8003864c                clock_getres
                0x800386d4                clock_gettime
                0x80038810                clock_settime
                0x80038944                clock_time_to_tick
 .text          0x80038aa0       0x58 build\kernel\components\libc\compilers\newlib\libc.o
                0x80038aa0                libc_system_init
 .text          0x80038af8      0x23c build\kernel\components\libc\compilers\newlib\stdio.o
                0x80038af8                libc_stdio_set_console
                0x80038cf0                libc_stdio_get_console
 .text          0x80038d34      0x5c0 build\kernel\components\libc\compilers\newlib\syscalls.o
                0x80038d34                __errno
                0x80038d4c                _getpid_r
                0x80038d70                _close_r
                0x80038d9c                _execve_r
                0x80038dd8                _fcntl_r
                0x80038e14                _fork_r
                0x80038e44                _fstat_r
                0x80038e7c                _isatty_r
                0x80038ec4                _kill_r
                0x80038efc                _link_r
                0x80038f34                _lseek_r
                0x80038f74                _mkdir_r
                0x80038fb0                _open_r
                0x80038ff0                _read_r
                0x80039030                _rename_r
                0x80039068                _stat_r
                0x800390a0                _unlink_r
                0x800390cc                _wait_r
                0x80039100                _write_r
                0x80039140                _malloc_r
                0x80039188                _realloc_r
                0x800391d8                _calloc_r
                0x80039228                _free_r
                0x80039250                _exit
                0x8003926c                _system
                0x80039290                __libc_init_array
                0x800392a8                umask
                0x800392cc                flock
 .text          0x800392f4       0xec d:/env_released_1.1.3/env/tools/gnu_gcc/arm_gcc/mingw/bin/../lib/gcc/arm-none-eabi/5.4.1/../../../../arm-none-eabi/lib/armv7-ar/thumb/softfp\libc.a(lib_a-memcpy.o)
                0x800392f4                memcpy
 .text          0x800393e0      0x1bc d:/env_released_1.1.3/env/tools/gnu_gcc/arm_gcc/mingw/bin/../lib/gcc/arm-none-eabi/5.4.1/../../../../arm-none-eabi/lib/armv7-ar/thumb/softfp\libc.a(lib_a-strcmp.o)
                0x800393e0                strcmp
 *fill*         0x8003959c        0x4 00000000
 .text          0x800395a0      0x278 d:/env_released_1.1.3/env/tools/gnu_gcc/arm_gcc/mingw/bin/../lib/gcc/arm-none-eabi/5.4.1/armv7-ar/thumb/softfp\libgcc.a(_udivsi3.o)
                0x800395a0                __aeabi_uidiv
                0x800395a0                __udivsi3
                0x800397fc                __aeabi_uidivmod
 .text          0x80039818      0x2b0 d:/env_released_1.1.3/env/tools/gnu_gcc/arm_gcc/mingw/bin/../lib/gcc/arm-none-eabi/5.4.1/armv7-ar/thumb/softfp\libgcc.a(_divsi3.o)
                0x80039818                __divsi3
                0x80039818                __aeabi_idiv
                0x80039aac                __aeabi_idivmod
 .text          0x80039ac8        0x4 d:/env_released_1.1.3/env/tools/gnu_gcc/arm_gcc/mingw/bin/../lib/gcc/arm-none-eabi/5.4.1/armv7-ar/thumb/softfp\libgcc.a(_dvmd_tls.o)
                0x80039ac8                __aeabi_idiv0
                0x80039ac8                __aeabi_ldiv0
 .text          0x80039acc       0x30 d:/env_released_1.1.3/env/tools/gnu_gcc/arm_gcc/mingw/bin/../lib/gcc/arm-none-eabi/5.4.1/armv7-ar/thumb/softfp\libgcc.a(_aeabi_uldivmod.o)
                0x80039acc                __aeabi_uldivmod
 .text          0x80039afc      0x114 d:/env_released_1.1.3/env/tools/gnu_gcc/arm_gcc/mingw/bin/../lib/gcc/arm-none-eabi/5.4.1/armv7-ar/thumb/softfp\libgcc.a(_udivmoddi4.o)
                0x80039afc                __udivmoddi4
 *(.text.*)
 *fill*         0x80039c10       0x10 00000000
 .text.isr      0x80039c20      0x1d8 build\kernel\libcpu\arm\cortex-a\start_gcc.o
                0x80039c20                vector_fiq
                0x80039c40                vector_irq
                0x80039cc0                vector_swi
                0x80039d00                vector_undef
                0x80039d40                vector_pabt
                0x80039d80                vector_dabt
                0x80039dc0                vector_resv
 .text.isr      0x80039df8       0x68 build\kernel\libcpu\arm\cortex-a\context_gcc.o
                0x80039df8                rt_hw_context_switch
                0x80039e1c                rt_hw_context_switch_interrupt
                0x80039e48                rt_hw_context_switch_exit
 .text._fclose_r
                0x80039e60       0x84 d:/env_released_1.1.3/env/tools/gnu_gcc/arm_gcc/mingw/bin/../lib/gcc/arm-none-eabi/5.4.1/../../../../arm-none-eabi/lib/armv7-ar/thumb/softfp\libc.a(lib_a-fclose.o)
                0x80039e60                _fclose_r
 .text.fclose   0x80039ee4       0x10 d:/env_released_1.1.3/env/tools/gnu_gcc/arm_gcc/mingw/bin/../lib/gcc/arm-none-eabi/5.4.1/../../../../arm-none-eabi/lib/armv7-ar/thumb/softfp\libc.a(lib_a-fclose.o)
                0x80039ee4                fclose
 .text.__sflush_r
                0x80039ef4      0x150 d:/env_released_1.1.3/env/tools/gnu_gcc/arm_gcc/mingw/bin/../lib/gcc/arm-none-eabi/5.4.1/../../../../arm-none-eabi/lib/armv7-ar/thumb/softfp\libc.a(lib_a-fflush.o)
                0x80039ef4                __sflush_r
 .text._fflush_r
                0x8003a044       0x2c d:/env_released_1.1.3/env/tools/gnu_gcc/arm_gcc/mingw/bin/../lib/gcc/arm-none-eabi/5.4.1/../../../../arm-none-eabi/lib/armv7-ar/thumb/softfp\libc.a(lib_a-fflush.o)
                0x8003a044                _fflush_r
 .text.fflush   0x8003a070       0x28 d:/env_released_1.1.3/env/tools/gnu_gcc/arm_gcc/mingw/bin/../lib/gcc/arm-none-eabi/5.4.1/../../../../arm-none-eabi/lib/armv7-ar/thumb/softfp\libc.a(lib_a-fflush.o)
                0x8003a070                fflush
 .text.fileno   0x8003a098       0x34 d:/env_released_1.1.3/env/tools/gnu_gcc/arm_gcc/mingw/bin/../lib/gcc/arm-none-eabi/5.4.1/../../../../arm-none-eabi/lib/armv7-ar/thumb/softfp\libc.a(lib_a-fileno.o)
                0x8003a098                fileno
 .text._cleanup_r
                0x8003a0cc        0xc d:/env_released_1.1.3/env/tools/gnu_gcc/arm_gcc/mingw/bin/../lib/gcc/arm-none-eabi/5.4.1/../../../../arm-none-eabi/lib/armv7-ar/thumb/softfp\libc.a(lib_a-findfp.o)
                0x8003a0cc                _cleanup_r
 .text.__sinit.part.1
                0x8003a0d8      0x100 d:/env_released_1.1.3/env/tools/gnu_gcc/arm_gcc/mingw/bin/../lib/gcc/arm-none-eabi/5.4.1/../../../../arm-none-eabi/lib/armv7-ar/thumb/softfp\libc.a(lib_a-findfp.o)
 .text.__sfmoreglue
                0x8003a1d8       0x30 d:/env_released_1.1.3/env/tools/gnu_gcc/arm_gcc/mingw/bin/../lib/gcc/arm-none-eabi/5.4.1/../../../../arm-none-eabi/lib/armv7-ar/thumb/softfp\libc.a(lib_a-findfp.o)
                0x8003a1d8                __sfmoreglue
 .text.__sfp    0x8003a208       0x88 d:/env_released_1.1.3/env/tools/gnu_gcc/arm_gcc/mingw/bin/../lib/gcc/arm-none-eabi/5.4.1/../../../../arm-none-eabi/lib/armv7-ar/thumb/softfp\libc.a(lib_a-findfp.o)
                0x8003a208                __sfp
 .text.__sinit  0x8003a290        0xc d:/env_released_1.1.3/env/tools/gnu_gcc/arm_gcc/mingw/bin/../lib/gcc/arm-none-eabi/5.4.1/../../../../arm-none-eabi/lib/armv7-ar/thumb/softfp\libc.a(lib_a-findfp.o)
                0x8003a290                __sinit
 .text.__sfp_lock_acquire
                0x8003a29c        0x4 d:/env_released_1.1.3/env/tools/gnu_gcc/arm_gcc/mingw/bin/../lib/gcc/arm-none-eabi/5.4.1/../../../../arm-none-eabi/lib/armv7-ar/thumb/softfp\libc.a(lib_a-findfp.o)
                0x8003a29c                __sfp_lock_acquire
 .text.__sfp_lock_release
                0x8003a2a0        0x4 d:/env_released_1.1.3/env/tools/gnu_gcc/arm_gcc/mingw/bin/../lib/gcc/arm-none-eabi/5.4.1/../../../../arm-none-eabi/lib/armv7-ar/thumb/softfp\libc.a(lib_a-findfp.o)
                0x8003a2a0                __sfp_lock_release
 .text._fopen_r
                0x8003a2a4       0x94 d:/env_released_1.1.3/env/tools/gnu_gcc/arm_gcc/mingw/bin/../lib/gcc/arm-none-eabi/5.4.1/../../../../arm-none-eabi/lib/armv7-ar/thumb/softfp\libc.a(lib_a-fopen.o)
                0x8003a2a4                _fopen_r
 .text.fopen    0x8003a338       0x14 d:/env_released_1.1.3/env/tools/gnu_gcc/arm_gcc/mingw/bin/../lib/gcc/arm-none-eabi/5.4.1/../../../../arm-none-eabi/lib/armv7-ar/thumb/softfp\libc.a(lib_a-fopen.o)
                0x8003a338                fopen
 .text._fseek_r
                0x8003a34c        0x4 d:/env_released_1.1.3/env/tools/gnu_gcc/arm_gcc/mingw/bin/../lib/gcc/arm-none-eabi/5.4.1/../../../../arm-none-eabi/lib/armv7-ar/thumb/softfp\libc.a(lib_a-fseek.o)
                0x8003a34c                _fseek_r
 .text._fseeko_r
                0x8003a350      0x2d4 d:/env_released_1.1.3/env/tools/gnu_gcc/arm_gcc/mingw/bin/../lib/gcc/arm-none-eabi/5.4.1/../../../../arm-none-eabi/lib/armv7-ar/thumb/softfp\libc.a(lib_a-fseeko.o)
                0x8003a350                _fseeko_r
 .text._fwalk   0x8003a624       0x48 d:/env_released_1.1.3/env/tools/gnu_gcc/arm_gcc/mingw/bin/../lib/gcc/arm-none-eabi/5.4.1/../../../../arm-none-eabi/lib/armv7-ar/thumb/softfp\libc.a(lib_a-fwalk.o)
                0x8003a624                _fwalk
 .text._fwalk_reent
                0x8003a66c       0x50 d:/env_released_1.1.3/env/tools/gnu_gcc/arm_gcc/mingw/bin/../lib/gcc/arm-none-eabi/5.4.1/../../../../arm-none-eabi/lib/armv7-ar/thumb/softfp\libc.a(lib_a-fwalk.o)
                0x8003a66c                _fwalk_reent
 .text.__swhatbuf_r
                0x8003a6bc       0x60 d:/env_released_1.1.3/env/tools/gnu_gcc/arm_gcc/mingw/bin/../lib/gcc/arm-none-eabi/5.4.1/../../../../arm-none-eabi/lib/armv7-ar/thumb/softfp\libc.a(lib_a-makebuf.o)
                0x8003a6bc                __swhatbuf_r
 .text.__smakebuf_r
                0x8003a71c       0x90 d:/env_released_1.1.3/env/tools/gnu_gcc/arm_gcc/mingw/bin/../lib/gcc/arm-none-eabi/5.4.1/../../../../arm-none-eabi/lib/armv7-ar/thumb/softfp\libc.a(lib_a-makebuf.o)
                0x8003a71c                __smakebuf_r
 .text.memcmp   0x8003a7ac       0x60 d:/env_released_1.1.3/env/tools/gnu_gcc/arm_gcc/mingw/bin/../lib/gcc/arm-none-eabi/5.4.1/../../../../arm-none-eabi/lib/armv7-ar/thumb/softfp\libc.a(lib_a-memcmp.o)
                0x8003a7ac                memcmp
 .text.memset   0x8003a80c       0xa4 d:/env_released_1.1.3/env/tools/gnu_gcc/arm_gcc/mingw/bin/../lib/gcc/arm-none-eabi/5.4.1/../../../../arm-none-eabi/lib/armv7-ar/thumb/softfp\libc.a(lib_a-memset.o)
                0x8003a80c                memset
 .text.putenv   0x8003a8b0       0x10 d:/env_released_1.1.3/env/tools/gnu_gcc/arm_gcc/mingw/bin/../lib/gcc/arm-none-eabi/5.4.1/../../../../arm-none-eabi/lib/armv7-ar/thumb/softfp\libc.a(lib_a-putenv.o)
                0x8003a8b0                putenv
 .text._putenv_r
                0x8003a8c0       0x44 d:/env_released_1.1.3/env/tools/gnu_gcc/arm_gcc/mingw/bin/../lib/gcc/arm-none-eabi/5.4.1/../../../../arm-none-eabi/lib/armv7-ar/thumb/softfp\libc.a(lib_a-putenv_r.o)
                0x8003a8c0                _putenv_r
 .text.lflush   0x8003a904       0x14 d:/env_released_1.1.3/env/tools/gnu_gcc/arm_gcc/mingw/bin/../lib/gcc/arm-none-eabi/5.4.1/../../../../arm-none-eabi/lib/armv7-ar/thumb/softfp\libc.a(lib_a-refill.o)
 .text.__srefill_r
                0x8003a918      0x11c d:/env_released_1.1.3/env/tools/gnu_gcc/arm_gcc/mingw/bin/../lib/gcc/arm-none-eabi/5.4.1/../../../../arm-none-eabi/lib/armv7-ar/thumb/softfp\libc.a(lib_a-refill.o)
                0x8003a918                __srefill_r
 .text.__srget_r
                0x8003aa34       0x34 d:/env_released_1.1.3/env/tools/gnu_gcc/arm_gcc/mingw/bin/../lib/gcc/arm-none-eabi/5.4.1/../../../../arm-none-eabi/lib/armv7-ar/thumb/softfp\libc.a(lib_a-rget.o)
                0x8003aa34                __srget_r
 .text._setenv_r
                0x8003aa68      0x188 d:/env_released_1.1.3/env/tools/gnu_gcc/arm_gcc/mingw/bin/../lib/gcc/arm-none-eabi/5.4.1/../../../../arm-none-eabi/lib/armv7-ar/thumb/softfp\libc.a(lib_a-setenv_r.o)
                0x8003aa68                _setenv_r
 .text.setvbuf  0x8003abf0      0x154 d:/env_released_1.1.3/env/tools/gnu_gcc/arm_gcc/mingw/bin/../lib/gcc/arm-none-eabi/5.4.1/../../../../arm-none-eabi/lib/armv7-ar/thumb/softfp\libc.a(lib_a-setvbuf.o)
                0x8003abf0                setvbuf
 .text.snprintf
                0x8003ad44       0x8c d:/env_released_1.1.3/env/tools/gnu_gcc/arm_gcc/mingw/bin/../lib/gcc/arm-none-eabi/5.4.1/../../../../arm-none-eabi/lib/armv7-ar/thumb/softfp\libc.a(lib_a-snprintf.o)
                0x8003ad44                snprintf
 .text.__sread  0x8003add0       0x24 d:/env_released_1.1.3/env/tools/gnu_gcc/arm_gcc/mingw/bin/../lib/gcc/arm-none-eabi/5.4.1/../../../../arm-none-eabi/lib/armv7-ar/thumb/softfp\libc.a(lib_a-stdio.o)
                0x8003add0                __sread
 .text.__swrite
                0x8003adf4       0x3c d:/env_released_1.1.3/env/tools/gnu_gcc/arm_gcc/mingw/bin/../lib/gcc/arm-none-eabi/5.4.1/../../../../arm-none-eabi/lib/armv7-ar/thumb/softfp\libc.a(lib_a-stdio.o)
                0x8003adf4                __swrite
 .text.__sseek  0x8003ae30       0x20 d:/env_released_1.1.3/env/tools/gnu_gcc/arm_gcc/mingw/bin/../lib/gcc/arm-none-eabi/5.4.1/../../../../arm-none-eabi/lib/armv7-ar/thumb/softfp\libc.a(lib_a-stdio.o)
                0x8003ae30                __sseek
 .text.__sclose
                0x8003ae50        0x8 d:/env_released_1.1.3/env/tools/gnu_gcc/arm_gcc/mingw/bin/../lib/gcc/arm-none-eabi/5.4.1/../../../../arm-none-eabi/lib/armv7-ar/thumb/softfp\libc.a(lib_a-stdio.o)
                0x8003ae50                __sclose
 .text.strchr   0x8003ae58       0xec d:/env_released_1.1.3/env/tools/gnu_gcc/arm_gcc/mingw/bin/../lib/gcc/arm-none-eabi/5.4.1/../../../../arm-none-eabi/lib/armv7-ar/thumb/softfp\libc.a(lib_a-strchr.o)
                0x8003ae58                strchr
 .text.strcpy   0x8003af44       0xbc d:/env_released_1.1.3/env/tools/gnu_gcc/arm_gcc/mingw/bin/../lib/gcc/arm-none-eabi/5.4.1/../../../../arm-none-eabi/lib/armv7-ar/thumb/softfp\libc.a(lib_a-strcpy.o)
                0x8003af44                strcpy
 .text._strdup_r
                0x8003b000       0x28 d:/env_released_1.1.3/env/tools/gnu_gcc/arm_gcc/mingw/bin/../lib/gcc/arm-none-eabi/5.4.1/../../../../arm-none-eabi/lib/armv7-ar/thumb/softfp\libc.a(lib_a-strdup_r.o)
                0x8003b000                _strdup_r
 .text.strlen   0x8003b028       0x5c d:/env_released_1.1.3/env/tools/gnu_gcc/arm_gcc/mingw/bin/../lib/gcc/arm-none-eabi/5.4.1/../../../../arm-none-eabi/lib/armv7-ar/thumb/softfp\libc.a(lib_a-strlen-stub.o)
                0x8003b028                strlen
 .text.strncmp  0x8003b084       0xa0 d:/env_released_1.1.3/env/tools/gnu_gcc/arm_gcc/mingw/bin/../lib/gcc/arm-none-eabi/5.4.1/../../../../arm-none-eabi/lib/armv7-ar/thumb/softfp\libc.a(lib_a-strncmp.o)
                0x8003b084                strncmp
 .text.strncpy  0x8003b124       0x70 d:/env_released_1.1.3/env/tools/gnu_gcc/arm_gcc/mingw/bin/../lib/gcc/arm-none-eabi/5.4.1/../../../../arm-none-eabi/lib/armv7-ar/thumb/softfp\libc.a(lib_a-strncpy.o)
                0x8003b124                strncpy
 .text.strrchr  0x8003b194       0x24 d:/env_released_1.1.3/env/tools/gnu_gcc/arm_gcc/mingw/bin/../lib/gcc/arm-none-eabi/5.4.1/../../../../arm-none-eabi/lib/armv7-ar/thumb/softfp\libc.a(lib_a-strrchr.o)
                0x8003b194                strrchr
 .text.critical_factorization
                0x8003b1b8       0xb8 d:/env_released_1.1.3/env/tools/gnu_gcc/arm_gcc/mingw/bin/../lib/gcc/arm-none-eabi/5.4.1/../../../../arm-none-eabi/lib/armv7-ar/thumb/softfp\libc.a(lib_a-strstr.o)
 .text.two_way_long_needle
                0x8003b270      0x214 d:/env_released_1.1.3/env/tools/gnu_gcc/arm_gcc/mingw/bin/../lib/gcc/arm-none-eabi/5.4.1/../../../../arm-none-eabi/lib/armv7-ar/thumb/softfp\libc.a(lib_a-strstr.o)
 .text.strstr   0x8003b484      0x220 d:/env_released_1.1.3/env/tools/gnu_gcc/arm_gcc/mingw/bin/../lib/gcc/arm-none-eabi/5.4.1/../../../../arm-none-eabi/lib/armv7-ar/thumb/softfp\libc.a(lib_a-strstr.o)
                0x8003b484                strstr
 *fill*         0x8003b6a4        0x4 00000000
 .text._svfprintf_r
                0x8003b6a8     0x1770 d:/env_released_1.1.3/env/tools/gnu_gcc/arm_gcc/mingw/bin/../lib/gcc/arm-none-eabi/5.4.1/../../../../arm-none-eabi/lib/armv7-ar/thumb/softfp\libc.a(lib_a-svfprintf.o)
                0x8003b6a8                _svfprintf_r
 .text.quorem   0x8003ce18      0x140 d:/env_released_1.1.3/env/tools/gnu_gcc/arm_gcc/mingw/bin/../lib/gcc/arm-none-eabi/5.4.1/../../../../arm-none-eabi/lib/armv7-ar/thumb/softfp\libc.a(lib_a-dtoa.o)
 .text._dtoa_r  0x8003cf58      0xd1c d:/env_released_1.1.3/env/tools/gnu_gcc/arm_gcc/mingw/bin/../lib/gcc/arm-none-eabi/5.4.1/../../../../arm-none-eabi/lib/armv7-ar/thumb/softfp\libc.a(lib_a-dtoa.o)
                0x8003cf58                _dtoa_r
 .text.__env_lock
                0x8003dc74        0x4 d:/env_released_1.1.3/env/tools/gnu_gcc/arm_gcc/mingw/bin/../lib/gcc/arm-none-eabi/5.4.1/../../../../arm-none-eabi/lib/armv7-ar/thumb/softfp\libc.a(lib_a-envlock.o)
                0x8003dc74                __env_lock
 .text.__env_unlock
                0x8003dc78        0x4 d:/env_released_1.1.3/env/tools/gnu_gcc/arm_gcc/mingw/bin/../lib/gcc/arm-none-eabi/5.4.1/../../../../arm-none-eabi/lib/armv7-ar/thumb/softfp\libc.a(lib_a-envlock.o)
                0x8003dc78                __env_unlock
 .text.__sflags
                0x8003dc7c       0x78 d:/env_released_1.1.3/env/tools/gnu_gcc/arm_gcc/mingw/bin/../lib/gcc/arm-none-eabi/5.4.1/../../../../arm-none-eabi/lib/armv7-ar/thumb/softfp\libc.a(lib_a-flags.o)
                0x8003dc7c                __sflags
 .text._findenv_r
                0x8003dcf4       0x88 d:/env_released_1.1.3/env/tools/gnu_gcc/arm_gcc/mingw/bin/../lib/gcc/arm-none-eabi/5.4.1/../../../../arm-none-eabi/lib/armv7-ar/thumb/softfp\libc.a(lib_a-getenv_r.o)
                0x8003dcf4                _findenv_r
 .text._localeconv_r
                0x8003dd7c       0x20 d:/env_released_1.1.3/env/tools/gnu_gcc/arm_gcc/mingw/bin/../lib/gcc/arm-none-eabi/5.4.1/../../../../arm-none-eabi/lib/armv7-ar/thumb/softfp\libc.a(lib_a-localeconv.o)
                0x8003dd7c                _localeconv_r
 .text.malloc   0x8003dd9c       0x10 d:/env_released_1.1.3/env/tools/gnu_gcc/arm_gcc/mingw/bin/../lib/gcc/arm-none-eabi/5.4.1/../../../../arm-none-eabi/lib/armv7-ar/thumb/softfp\libc.a(lib_a-malloc.o)
                0x8003dd9c                malloc
 .text.memchr   0x8003ddac       0x8c d:/env_released_1.1.3/env/tools/gnu_gcc/arm_gcc/mingw/bin/../lib/gcc/arm-none-eabi/5.4.1/../../../../arm-none-eabi/lib/armv7-ar/thumb/softfp\libc.a(lib_a-memchr-stub.o)
                0x8003ddac                memchr
 .text._Balloc  0x8003de38       0x50 d:/env_released_1.1.3/env/tools/gnu_gcc/arm_gcc/mingw/bin/../lib/gcc/arm-none-eabi/5.4.1/../../../../arm-none-eabi/lib/armv7-ar/thumb/softfp\libc.a(lib_a-mprec.o)
                0x8003de38                _Balloc
 .text._Bfree   0x8003de88       0x14 d:/env_released_1.1.3/env/tools/gnu_gcc/arm_gcc/mingw/bin/../lib/gcc/arm-none-eabi/5.4.1/../../../../arm-none-eabi/lib/armv7-ar/thumb/softfp\libc.a(lib_a-mprec.o)
                0x8003de88                _Bfree
 .text.__multadd
                0x8003de9c       0x88 d:/env_released_1.1.3/env/tools/gnu_gcc/arm_gcc/mingw/bin/../lib/gcc/arm-none-eabi/5.4.1/../../../../arm-none-eabi/lib/armv7-ar/thumb/softfp\libc.a(lib_a-mprec.o)
                0x8003de9c                __multadd
 .text.__hi0bits
                0x8003df24       0x40 d:/env_released_1.1.3/env/tools/gnu_gcc/arm_gcc/mingw/bin/../lib/gcc/arm-none-eabi/5.4.1/../../../../arm-none-eabi/lib/armv7-ar/thumb/softfp\libc.a(lib_a-mprec.o)
                0x8003df24                __hi0bits
 .text.__lo0bits
                0x8003df64       0x58 d:/env_released_1.1.3/env/tools/gnu_gcc/arm_gcc/mingw/bin/../lib/gcc/arm-none-eabi/5.4.1/../../../../arm-none-eabi/lib/armv7-ar/thumb/softfp\libc.a(lib_a-mprec.o)
                0x8003df64                __lo0bits
 .text.__i2b    0x8003dfbc       0x14 d:/env_released_1.1.3/env/tools/gnu_gcc/arm_gcc/mingw/bin/../lib/gcc/arm-none-eabi/5.4.1/../../../../arm-none-eabi/lib/armv7-ar/thumb/softfp\libc.a(lib_a-mprec.o)
                0x8003dfbc                __i2b
 .text.__multiply
                0x8003dfd0      0x14c d:/env_released_1.1.3/env/tools/gnu_gcc/arm_gcc/mingw/bin/../lib/gcc/arm-none-eabi/5.4.1/../../../../arm-none-eabi/lib/armv7-ar/thumb/softfp\libc.a(lib_a-mprec.o)
                0x8003dfd0                __multiply
 .text.__pow5mult
                0x8003e11c       0xa4 d:/env_released_1.1.3/env/tools/gnu_gcc/arm_gcc/mingw/bin/../lib/gcc/arm-none-eabi/5.4.1/../../../../arm-none-eabi/lib/armv7-ar/thumb/softfp\libc.a(lib_a-mprec.o)
                0x8003e11c                __pow5mult
 .text.__lshift
                0x8003e1c0       0xb0 d:/env_released_1.1.3/env/tools/gnu_gcc/arm_gcc/mingw/bin/../lib/gcc/arm-none-eabi/5.4.1/../../../../arm-none-eabi/lib/armv7-ar/thumb/softfp\libc.a(lib_a-mprec.o)
                0x8003e1c0                __lshift
 .text.__mcmp   0x8003e270       0x44 d:/env_released_1.1.3/env/tools/gnu_gcc/arm_gcc/mingw/bin/../lib/gcc/arm-none-eabi/5.4.1/../../../../arm-none-eabi/lib/armv7-ar/thumb/softfp\libc.a(lib_a-mprec.o)
                0x8003e270                __mcmp
 .text.__mdiff  0x8003e2b4      0x124 d:/env_released_1.1.3/env/tools/gnu_gcc/arm_gcc/mingw/bin/../lib/gcc/arm-none-eabi/5.4.1/../../../../arm-none-eabi/lib/armv7-ar/thumb/softfp\libc.a(lib_a-mprec.o)
                0x8003e2b4                __mdiff
 .text.__d2b    0x8003e3d8       0xb8 d:/env_released_1.1.3/env/tools/gnu_gcc/arm_gcc/mingw/bin/../lib/gcc/arm-none-eabi/5.4.1/../../../../arm-none-eabi/lib/armv7-ar/thumb/softfp\libc.a(lib_a-mprec.o)
                0x8003e3d8                __d2b
 .text.__ssprint_r
                0x8003e490      0x108 d:/env_released_1.1.3/env/tools/gnu_gcc/arm_gcc/mingw/bin/../lib/gcc/arm-none-eabi/5.4.1/../../../../arm-none-eabi/lib/armv7-ar/thumb/softfp\libc.a(lib_a-svfiprintf.o)
                0x8003e490                __ssprint_r
 .text.__ascii_mbtowc
                0x8003e598       0x2c d:/env_released_1.1.3/env/tools/gnu_gcc/arm_gcc/mingw/bin/../lib/gcc/arm-none-eabi/5.4.1/../../../../arm-none-eabi/lib/armv7-ar/thumb/softfp\libc.a(lib_a-mbtowc_r.o)
                0x8003e598                __ascii_mbtowc
 .text.memmove  0x8003e5c4       0xc4 d:/env_released_1.1.3/env/tools/gnu_gcc/arm_gcc/mingw/bin/../lib/gcc/arm-none-eabi/5.4.1/../../../../arm-none-eabi/lib/armv7-ar/thumb/softfp\libc.a(lib_a-memmove.o)
                0x8003e5c4                memmove
 .text.__ascii_wctomb
                0x8003e688       0x18 d:/env_released_1.1.3/env/tools/gnu_gcc/arm_gcc/mingw/bin/../lib/gcc/arm-none-eabi/5.4.1/../../../../arm-none-eabi/lib/armv7-ar/thumb/softfp\libc.a(lib_a-wctomb_r.o)
                0x8003e688                __ascii_wctomb
 .text.__ascii_wctomb.__stub
                0x8003e6a0       0x18 linker stubs
                0x8003e6b8                . = ALIGN (0x4)
                0x8003e6b8                __fsymtab_start = .
 *(FSymTab)
 FSymTab        0x8003e6b8        0xc build\applications\main.o
                0x8003e6b8                __fsym___cmd_sd_test
 FSymTab        0x8003e6c4       0x18 build\drivers\wm8960.o
                0x8003e6c4                __fsym___cmd_i2c_test
                0x8003e6d0                __fsym___cmd_ft54x6_init
 FSymTab        0x8003e6dc        0xc build\drivers\drv_sdio.o
                0x8003e6dc                __fsym___cmd_imx6ull_sdio
 FSymTab        0x8003e6e8        0xc build\kernel\src\mem.o
                0x8003e6e8                __fsym_list_mem
 FSymTab        0x8003e6f4        0xc build\kernel\libcpu\arm\cortex-a\gic.o
                0x8003e6f4                __fsym___cmd_gic_dump
 FSymTab        0x8003e700       0x18 build\kernel\components\dfs\src\dfs_posix.o
                0x8003e700                __fsym_mkdir
                0x8003e70c                __fsym_cd
 FSymTab        0x8003e718       0x30 build\kernel\components\dfs\src\dfs_file.o
                0x8003e718                __fsym_ls
                0x8003e724                __fsym_rm
                0x8003e730                __fsym_cat
                0x8003e73c                __fsym_copy
 FSymTab        0x8003e748        0xc build\kernel\components\dfs\src\dfs.o
                0x8003e748                __fsym___cmd_list_fd
 FSymTab        0x8003e754       0x18 build\kernel\components\dfs\src\dfs_fs.o
                0x8003e754                __fsym_mkfs
                0x8003e760                __fsym_df
 FSymTab        0x8003e76c       0x30 build\kernel\components\drivers\misc\pin.o
                0x8003e76c                __fsym_pinMode
                0x8003e778                __fsym_pinWrite
                0x8003e784                __fsym_pinRead
                0x8003e790                __fsym_pinGet
 FSymTab        0x8003e79c       0x24 build\kernel\components\finsh\msh.o
                0x8003e79c                __fsym___cmd_help
                0x8003e7a8                __fsym___cmd_ps
                0x8003e7b4                __fsym___cmd_free
 FSymTab        0x8003e7c0       0x9c build\kernel\components\finsh\msh_file.o
                0x8003e7c0                __fsym___cmd_ls
                0x8003e7cc                __fsym___cmd_cp
                0x8003e7d8                __fsym___cmd_mv
                0x8003e7e4                __fsym___cmd_cat
                0x8003e7f0                __fsym___cmd_rm
                0x8003e7fc                __fsym___cmd_cd
                0x8003e808                __fsym___cmd_pwd
                0x8003e814                __fsym___cmd_mkdir
                0x8003e820                __fsym___cmd_mkfs
                0x8003e82c                __fsym___cmd_mount
                0x8003e838                __fsym___cmd_umount
                0x8003e844                __fsym___cmd_df
                0x8003e850                __fsym___cmd_echo
 FSymTab        0x8003e85c      0x120 build\kernel\components\finsh\cmd.o
                0x8003e85c                __fsym_hello
                0x8003e868                __fsym_clear
                0x8003e874                __fsym___cmd_clear
                0x8003e880                __fsym_version
                0x8003e88c                __fsym___cmd_version
                0x8003e898                __fsym_list_thread
                0x8003e8a4                __fsym___cmd_list_thread
                0x8003e8b0                __fsym_list_sem
                0x8003e8bc                __fsym___cmd_list_sem
                0x8003e8c8                __fsym_list_event
                0x8003e8d4                __fsym___cmd_list_event
                0x8003e8e0                __fsym_list_mutex
                0x8003e8ec                __fsym___cmd_list_mutex
                0x8003e8f8                __fsym_list_mailbox
                0x8003e904                __fsym___cmd_list_mailbox
                0x8003e910                __fsym_list_msgqueue
                0x8003e91c                __fsym___cmd_list_msgqueue
                0x8003e928                __fsym_list_mempool
                0x8003e934                __fsym___cmd_list_mempool
                0x8003e940                __fsym_list_timer
                0x8003e94c                __fsym___cmd_list_timer
                0x8003e958                __fsym_list_device
                0x8003e964                __fsym___cmd_list_device
                0x8003e970                __fsym_list
                0x8003e97c                __fsymtab_end = .
                0x8003e97c                . = ALIGN (0x4)
                0x8003e97c                __vsymtab_start = .
 *(VSymTab)
                0x8003e97c                __vsymtab_end = .
                0x8003e97c                . = ALIGN (0x4)
                0x8003e97c                . = ALIGN (0x4)
                0x8003e97c                __rtmsymtab_start = .
 *(RTMSymTab)
                0x8003e97c                __rtmsymtab_end = .
                0x8003e97c                . = ALIGN (0x4)
                0x8003e97c                __rt_init_start = .
 *(SORT(.rti_fn*))
 .rti_fn.0      0x8003e97c        0x4 build\kernel\src\components.o
                0x8003e97c                __rt_init_rti_start
 .rti_fn.0.end  0x8003e980        0x4 build\kernel\src\components.o
                0x8003e980                __rt_init_rti_board_start
 .rti_fn.1      0x8003e984        0x4 build\drivers\drv_i2c.o
                0x8003e984                __rt_init_imx6ull_i2c_register
 .rti_fn.1      0x8003e988        0x4 build\drivers\board.o
                0x8003e988                __rt_init_rt_hw_timer_init
 .rti_fn.1      0x8003e98c        0x4 build\drivers\drv_uart.o
                0x8003e98c                __rt_init_rt_hw_uart_init
 .rti_fn.1.end  0x8003e990        0x4 build\kernel\src\components.o
                0x8003e990                __rt_init_rti_board_end
 .rti_fn.2      0x8003e994        0x4 build\kernel\components\dfs\src\dfs.o
                0x8003e994                __rt_init_dfs_init
 .rti_fn.2      0x8003e998        0x4 build\kernel\components\drivers\sdio\mmcsd_core.o
                0x8003e998                __rt_init_rt_mmcsd_core_init
 .rti_fn.4      0x8003e99c        0x4 build\kernel\components\dfs\filesystems\elmfat\dfs_elm.o
                0x8003e99c                __rt_init_elm_init
 .rti_fn.4      0x8003e9a0        0x4 build\kernel\components\drivers\i2c\i2c_core.o
                0x8003e9a0                __rt_init_rt_i2c_core_init
 .rti_fn.4      0x8003e9a4        0x4 build\kernel\components\libc\compilers\common\time.o
                0x8003e9a4                __rt_init_clock_time_system_init
 .rti_fn.4      0x8003e9a8        0x4 build\kernel\components\libc\compilers\newlib\libc.o
                0x8003e9a8                __rt_init_libc_system_init
 .rti_fn.6      0x8003e9ac        0x4 build\kernel\components\finsh\shell.o
                0x8003e9ac                __rt_init_finsh_system_init
 .rti_fn.6.end  0x8003e9b0        0x4 build\kernel\src\components.o
                0x8003e9b0                __rt_init_rti_end
                0x8003e9b4                __rt_init_end = .
                0x8003e9b4                __text_end = .
                0x8003e9b4                __rodata_start = .

.glue_7         0x8003e9b4        0x0
 .glue_7        0x8003e9b4        0x0 linker stubs

.glue_7t        0x8003e9b4        0x0
 .glue_7t       0x8003e9b4        0x0 linker stubs

.vfp11_veneer   0x8003e9b4        0x0
 .vfp11_veneer  0x8003e9b4        0x0 linker stubs

.v4_bx          0x8003e9b4        0x0
 .v4_bx         0x8003e9b4        0x0 linker stubs

.init           0x8003e9b4        0x4
 .init          0x8003e9b4        0x4 d:/env_released_1.1.3/env/tools/gnu_gcc/arm_gcc/mingw/bin/../lib/gcc/arm-none-eabi/5.4.1/armv7-ar/thumb/softfp/crti.o
                0x8003e9b4                _init

.fini           0x8003e9b8        0x4
 .fini          0x8003e9b8        0x4 d:/env_released_1.1.3/env/tools/gnu_gcc/arm_gcc/mingw/bin/../lib/gcc/arm-none-eabi/5.4.1/armv7-ar/thumb/softfp/crti.o
                0x8003e9b8                _fini

.iplt           0x8003e9bc        0x0
 .iplt          0x8003e9bc        0x0 d:/env_released_1.1.3/env/tools/gnu_gcc/arm_gcc/mingw/bin/../lib/gcc/arm-none-eabi/5.4.1/armv7-ar/thumb/softfp/crtbegin.o

.rodata         0x8003e9c0     0x5d25
 *(.rodata)
 .rodata        0x8003e9c0      0x684 build\applications\sd.o
 .rodata        0x8003f044       0x2b build\applications\main.o
 *fill*         0x8003f06f        0x1 
 .rodata        0x8003f070       0x9c build\drivers\drv_i2c.o
 .rodata        0x8003f10c       0x12 build\drivers\board.o
                0x8003f10c                platform_mem_desc_size
 *fill*         0x8003f11e        0x2 
 .rodata        0x8003f120       0x85 build\drivers\wm8960.o
 *fill*         0x8003f1a5        0x3 
 .rodata        0x8003f1a8      0x289 build\drivers\drv_sdio.o
 *fill*         0x8003f431        0x3 
 .rodata        0x8003f434       0x22 build\drivers\drv_uart.o
 *fill*         0x8003f456        0x2 
 .rodata        0x8003f458       0x4a build\kernel\src\idle.o
 *fill*         0x8003f4a2        0x2 
 .rodata        0x8003f4a4      0x33c build\kernel\src\mem.o
 .rodata        0x8003f7e0      0x272 build\kernel\src\thread.o
 *fill*         0x8003fa52        0x2 
 .rodata        0x8003fa54      0x141 build\kernel\src\timer.o
 *fill*         0x8003fb95        0x3 
 .rodata        0x8003fb98      0x1ed build\kernel\src\kservice.o
                0x8003fc28                __lowest_bit_bitmap
 *fill*         0x8003fd85        0x3 
 .rodata        0x8003fd88      0x11f build\kernel\src\object.o
 *fill*         0x8003fea7        0x1 
 .rodata        0x8003fea8      0x6ba build\kernel\src\ipc.o
 *fill*         0x80040562        0x2 
 .rodata        0x80040564      0x1de build\kernel\src\device.o
 *fill*         0x80040742        0x2 
 .rodata        0x80040744       0x2c build\kernel\src\components.o
 .rodata        0x80040770       0xba build\kernel\src\scheduler.o
 *fill*         0x8004082a        0x2 
 .rodata        0x8004082c       0x27 build\kernel\libcpu\arm\cortex-a\cpu.o
 *fill*         0x80040853        0x1 
 .rodata        0x80040854      0x104 build\kernel\libcpu\arm\cortex-a\mmu.o
 .rodata        0x80040958      0x13c build\kernel\libcpu\arm\cortex-a\trap.o
 .rodata        0x80040a94      0x315 build\kernel\libcpu\arm\cortex-a\gic.o
 *fill*         0x80040da9        0x3 
 .rodata        0x80040dac        0x4 build\kernel\components\dfs\src\dfs_posix.o
 .rodata        0x80040db0      0x1cc build\kernel\components\dfs\src\dfs_file.o
 .rodata        0x80040f7c      0x15f build\kernel\components\dfs\src\dfs.o
 *fill*         0x800410db        0x1 
 .rodata        0x800410dc      0x1f9 build\kernel\components\dfs\src\dfs_fs.o
 *fill*         0x800412d5        0x3 
 .rodata        0x800412d8      0x123 build\kernel\components\dfs\filesystems\devfs\devfs.o
 *fill*         0x800413fb        0x1 
 .rodata        0x800413fc      0x112 build\kernel\components\dfs\filesystems\elmfat\ff.o
 *fill*         0x8004150e        0x2 
 .rodata        0x80041510      0x1d9 build\kernel\components\dfs\filesystems\elmfat\dfs_elm.o
 *fill*         0x800416e9        0x3 
 .rodata        0x800416ec      0x3b0 build\kernel\components\dfs\filesystems\elmfat\ffunicode.o
 .rodata        0x80041a9c       0x9f build\kernel\components\drivers\i2c\i2c_core.o
 *fill*         0x80041b3b        0x1 
 .rodata        0x80041b3c       0x86 build\kernel\components\drivers\i2c\i2c_dev.o
 *fill*         0x80041bc2        0x2 
 .rodata        0x80041bc4       0xcf build\kernel\components\drivers\misc\pin.o
 *fill*         0x80041c93        0x1 
 .rodata        0x80041c94      0x1be build\kernel\components\drivers\sdio\mmc.o
 *fill*         0x80041e52        0x2 
 .rodata        0x80041e54      0x1cd build\kernel\components\drivers\sdio\sd.o
 *fill*         0x80042021        0x3 
 .rodata        0x80042024      0x164 build\kernel\components\drivers\sdio\block_dev.o
 .rodata        0x80042188      0x62e build\kernel\components\drivers\sdio\sdio.o
 *fill*         0x800427b6        0x2 
 .rodata        0x800427b8      0x167 build\kernel\components\drivers\sdio\mmcsd_core.o
 *fill*         0x8004291f        0x1 
 .rodata        0x80042920      0x365 build\kernel\components\drivers\serial\serial.o
 *fill*         0x80042c85        0x3 
 .rodata        0x80042c88      0x11e build\kernel\components\drivers\src\dataqueue.o
 *fill*         0x80042da6        0x2 
 .rodata        0x80042da8       0xaf build\kernel\components\drivers\src\completion.o
 *fill*         0x80042e57        0x1 
 .rodata        0x80042e58       0x3b build\kernel\components\drivers\src\waitqueue.o
 *fill*         0x80042e93        0x1 
 .rodata        0x80042e94       0xcb build\kernel\components\finsh\shell.o
 *fill*         0x80042f5f        0x1 
 .rodata        0x80042f60       0x92 build\kernel\components\finsh\msh.o
 *fill*         0x80042ff2        0x2 
 .rodata        0x80042ff4      0x3d5 build\kernel\components\finsh\msh_file.o
 *fill*         0x800433c9        0x3 
 .rodata        0x800433cc      0x6a1 build\kernel\components\finsh\cmd.o
 *fill*         0x80043a6d        0x3 
 .rodata        0x80043a70       0x14 build\kernel\components\libc\compilers\common\stdlib.o
 .rodata        0x80043a84       0xff build\kernel\components\libc\compilers\common\time.o
 *fill*         0x80043b83        0x1 
 .rodata        0x80043b84       0x17 build\kernel\components\libc\compilers\newlib\libc.o
 *fill*         0x80043b9b        0x1 
 .rodata        0x80043b9c       0x13 build\kernel\components\libc\compilers\newlib\stdio.o
 *(.rodata.*)
 *fill*         0x80043baf        0x1 
 .rodata.name   0x80043bb0       0x14 build\applications\main.o
                0x80043bb0                __fsym___cmd_sd_test_name
                0x80043bc0                __fsym___cmd_sd_test_desc
 .rodata.name   0x80043bc4       0x30 build\drivers\wm8960.o
                0x80043bc4                __fsym___cmd_i2c_test_name
                0x80043bd4                __fsym___cmd_i2c_test_desc
                0x80043bdc                __fsym___cmd_ft54x6_init_name
                0x80043bf0                __fsym___cmd_ft54x6_init_desc
 .rodata.name   0x80043bf4       0x18 build\drivers\drv_sdio.o
                0x80043bf4                __fsym___cmd_imx6ull_sdio_name
                0x80043c08                __fsym___cmd_imx6ull_sdio_desc
 .rodata.name   0x80043c0c       0x2a build\kernel\src\mem.o
                0x80043c0c                __fsym_list_mem_name
                0x80043c18                __fsym_list_mem_desc
 *fill*         0x80043c36        0x2 
 .rodata.name   0x80043c38       0x20 build\kernel\libcpu\arm\cortex-a\gic.o
                0x80043c38                __fsym___cmd_gic_dump_name
                0x80043c48                __fsym___cmd_gic_dump_desc
 .rodata.name   0x80043c58       0x41 build\kernel\components\dfs\src\dfs_posix.o
                0x80043c58                __fsym_mkdir_name
                0x80043c60                __fsym_mkdir_desc
                0x80043c74                __fsym_cd_name
                0x80043c78                __fsym_cd_desc
 *fill*         0x80043c99        0x3 
 .rodata.name   0x80043c9c       0x65 build\kernel\components\dfs\src\dfs_file.o
                0x80043c9c                __fsym_ls_name
                0x80043ca0                __fsym_ls_desc
                0x80043cb8                __fsym_rm_name
                0x80043cbc                __fsym_rm_desc
                0x80043cd8                __fsym_cat_name
                0x80043cdc                __fsym_cat_desc
                0x80043ce8                __fsym_copy_name
                0x80043cf0                __fsym_copy_desc
 *fill*         0x80043d01        0x3 
 .rodata.name   0x80043d04       0x25 build\kernel\components\dfs\src\dfs.o
                0x80043d04                __fsym___cmd_list_fd_name
                0x80043d14                __fsym___cmd_list_fd_desc
 *fill*         0x80043d29        0x3 
 .rodata.name   0x80043d2c       0x2e build\kernel\components\dfs\src\dfs_fs.o
                0x80043d2c                __fsym_mkfs_name
                0x80043d34                __fsym_mkfs_desc
                0x80043d48                __fsym_df_name
                0x80043d4c                __fsym_df_desc
 *fill*         0x80043d5a        0x2 
 .rodata.name   0x80043d5c       0x99 build\kernel\components\drivers\misc\pin.o
                0x80043d5c                __fsym_pinMode_name
                0x80043d64                __fsym_pinMode_desc
                0x80043d7c                __fsym_pinWrite_name
                0x80043d88                __fsym_pinWrite_desc
                0x80043da4                __fsym_pinRead_name
                0x80043dac                __fsym_pinRead_desc
                0x80043dcc                __fsym_pinGet_name
                0x80043dd4                __fsym_pinGet_desc
 *fill*         0x80043df5        0x3 
 .rodata.name   0x80043df8       0x7d build\kernel\components\finsh\msh.o
                0x80043df8                __fsym___cmd_help_name
                0x80043e04                __fsym___cmd_help_desc
                0x80043e1c                __fsym___cmd_ps_name
                0x80043e28                __fsym___cmd_ps_desc
                0x80043e44                __fsym___cmd_free_name
                0x80043e50                __fsym___cmd_free_desc
 *fill*         0x80043e75        0x3 
 .rodata.name   0x80043e78      0x21c build\kernel\components\finsh\msh_file.o
                0x80043e78                __fsym___cmd_ls_name
                0x80043e84                __fsym___cmd_ls_desc
                0x80043ea8                __fsym___cmd_cp_name
                0x80043eb4                __fsym___cmd_cp_desc
                0x80043ecc                __fsym___cmd_mv_name
                0x80043ed8                __fsym___cmd_mv_desc
                0x80043ef0                __fsym___cmd_cat_name
                0x80043efc                __fsym___cmd_cat_desc
                0x80043f10                __fsym___cmd_rm_name
                0x80043f1c                __fsym___cmd_rm_desc
                0x80043f38                __fsym___cmd_cd_name
                0x80043f44                __fsym___cmd_cd_desc
                0x80043f68                __fsym___cmd_pwd_name
                0x80043f74                __fsym___cmd_pwd_desc
                0x80043fa8                __fsym___cmd_mkdir_name
                0x80043fb4                __fsym___cmd_mkdir_desc
                0x80043fcc                __fsym___cmd_mkfs_name
                0x80043fd8                __fsym___cmd_mkfs_desc
                0x80043ff8                __fsym___cmd_mount_name
                0x80044004                __fsym___cmd_mount_desc
                0x8004402c                __fsym___cmd_umount_name
                0x8004403c                __fsym___cmd_umount_desc
                0x8004405c                __fsym___cmd_df_name
                0x80044068                __fsym___cmd_df_desc
                0x80044074                __fsym___cmd_echo_name
                0x80044080                __fsym___cmd_echo_desc
 .rodata.name   0x80044094      0x3c6 build\kernel\components\finsh\cmd.o
                0x80044094                __fsym_hello_name
                0x8004409c                __fsym_hello_desc
                0x800440ac                __fsym_clear_name
                0x800440b4                __fsym_clear_desc
                0x800440d0                __fsym___cmd_clear_name
                0x800440dc                __fsym___cmd_clear_desc
                0x800440f8                __fsym_version_name
                0x80044100                __fsym_version_desc
                0x80044124                __fsym___cmd_version_name
                0x80044134                __fsym___cmd_version_desc
                0x80044158                __fsym_list_thread_name
                0x80044164                __fsym_list_thread_desc
                0x80044170                __fsym___cmd_list_thread_name
                0x80044184                __fsym___cmd_list_thread_desc
                0x80044190                __fsym_list_sem_name
                0x8004419c                __fsym_list_sem_desc
                0x800441b8                __fsym___cmd_list_sem_name
                0x800441c8                __fsym___cmd_list_sem_desc
                0x800441e4                __fsym_list_event_name
                0x800441f0                __fsym_list_event_desc
                0x80044208                __fsym___cmd_list_event_name
                0x8004421c                __fsym___cmd_list_event_desc
                0x80044234                __fsym_list_mutex_name
                0x80044240                __fsym_list_mutex_desc
                0x80044258                __fsym___cmd_list_mutex_name
                0x8004426c                __fsym___cmd_list_mutex_desc
                0x80044284                __fsym_list_mailbox_name
                0x80044294                __fsym_list_mailbox_desc
                0x800442ac                __fsym___cmd_list_mailbox_name
                0x800442c0                __fsym___cmd_list_mailbox_desc
                0x800442d8                __fsym_list_msgqueue_name
                0x800442e8                __fsym_list_msgqueue_desc
                0x80044308                __fsym___cmd_list_msgqueue_name
                0x8004431c                __fsym___cmd_list_msgqueue_desc
                0x8004433c                __fsym_list_mempool_name
                0x8004434c                __fsym_list_mempool_desc
                0x80044368                __fsym___cmd_list_mempool_name
                0x8004437c                __fsym___cmd_list_mempool_desc
                0x80044398                __fsym_list_timer_name
                0x800443a4                __fsym_list_timer_desc
                0x800443bc                __fsym___cmd_list_timer_name
                0x800443d0                __fsym___cmd_list_timer_desc
                0x800443e8                __fsym_list_device_name
                0x800443f4                __fsym_list_device_desc
                0x8004440c                __fsym___cmd_list_device_name
                0x80044420                __fsym___cmd_list_device_desc
                0x80044438                __fsym_list_name
                0x80044440                __fsym_list_desc
 *fill*         0x8004445a        0x2 
 .rodata._global_impure_ptr
                0x8004445c        0x4 d:/env_released_1.1.3/env/tools/gnu_gcc/arm_gcc/mingw/bin/../lib/gcc/arm-none-eabi/5.4.1/../../../../arm-none-eabi/lib/armv7-ar/thumb/softfp\libc.a(lib_a-impure.o)
                0x8004445c                _global_impure_ptr
 .rodata.zeroes.7258
                0x80044460       0x10 d:/env_released_1.1.3/env/tools/gnu_gcc/arm_gcc/mingw/bin/../lib/gcc/arm-none-eabi/5.4.1/../../../../arm-none-eabi/lib/armv7-ar/thumb/softfp\libc.a(lib_a-svfprintf.o)
 .rodata.str1.4
                0x80044470       0x42 d:/env_released_1.1.3/env/tools/gnu_gcc/arm_gcc/mingw/bin/../lib/gcc/arm-none-eabi/5.4.1/../../../../arm-none-eabi/lib/armv7-ar/thumb/softfp\libc.a(lib_a-svfprintf.o)
 *fill*         0x800444b2        0x2 
 .rodata.blanks.7257
                0x800444b4       0x10 d:/env_released_1.1.3/env/tools/gnu_gcc/arm_gcc/mingw/bin/../lib/gcc/arm-none-eabi/5.4.1/../../../../arm-none-eabi/lib/armv7-ar/thumb/softfp\libc.a(lib_a-svfprintf.o)
 .rodata.str1.4
                0x800444c4       0x10 d:/env_released_1.1.3/env/tools/gnu_gcc/arm_gcc/mingw/bin/../lib/gcc/arm-none-eabi/5.4.1/../../../../arm-none-eabi/lib/armv7-ar/thumb/softfp\libc.a(lib_a-dtoa.o)
                                 0x12 (size before relaxing)
 *fill*         0x800444d4        0x4 
 .rodata.__mprec_tens
                0x800444d8       0xc8 d:/env_released_1.1.3/env/tools/gnu_gcc/arm_gcc/mingw/bin/../lib/gcc/arm-none-eabi/5.4.1/../../../../arm-none-eabi/lib/armv7-ar/thumb/softfp\libc.a(lib_a-mprec.o)
                0x800444d8                __mprec_tens
 .rodata.__mprec_bigtens
                0x800445a0       0x28 d:/env_released_1.1.3/env/tools/gnu_gcc/arm_gcc/mingw/bin/../lib/gcc/arm-none-eabi/5.4.1/../../../../arm-none-eabi/lib/armv7-ar/thumb/softfp\libc.a(lib_a-mprec.o)
                0x800445a0                __mprec_bigtens
 .rodata.p05.6087
                0x800445c8        0xc d:/env_released_1.1.3/env/tools/gnu_gcc/arm_gcc/mingw/bin/../lib/gcc/arm-none-eabi/5.4.1/../../../../arm-none-eabi/lib/armv7-ar/thumb/softfp\libc.a(lib_a-mprec.o)
 .rodata.str1.4
                0x800445d4       0x10 d:/env_released_1.1.3/env/tools/gnu_gcc/arm_gcc/mingw/bin/../lib/gcc/arm-none-eabi/5.4.1/../../../../arm-none-eabi/lib/armv7-ar/thumb/softfp\libc.a(lib_a-locale.o)
                                 0x12 (size before relaxing)
 .rodata._ctype_
                0x800445e4      0x101 d:/env_released_1.1.3/env/tools/gnu_gcc/arm_gcc/mingw/bin/../lib/gcc/arm-none-eabi/5.4.1/../../../../arm-none-eabi/lib/armv7-ar/thumb/softfp\libc.a(lib_a-ctype_.o)
                0x800445e4                _ctype_
                0x800446e5                __rodata_end = .

.ARM.exidx      0x800446e8        0x8
 .ARM.exidx     0x800446e8        0x8 d:/env_released_1.1.3/env/tools/gnu_gcc/arm_gcc/mingw/bin/../lib/gcc/arm-none-eabi/5.4.1/armv7-ar/thumb/softfp\libgcc.a(_udivmoddi4.o)

.rel.dyn        0x800446f0        0x0
 .rel.iplt      0x800446f0        0x0 d:/env_released_1.1.3/env/tools/gnu_gcc/arm_gcc/mingw/bin/../lib/gcc/arm-none-eabi/5.4.1/armv7-ar/thumb/softfp/crtbegin.o
                0x800446f0                . = ALIGN (0x4)

.ctors          0x800446f0        0x0
                0x800446f0                PROVIDE (__ctors_start__, .)
 *(SORT(.ctors.*))
 *(.ctors)
                0x800446f0                PROVIDE (__ctors_end__, .)

.dtors          0x800446f0        0x0
                [!provide]                PROVIDE (__dtors_start__, .)
 *(SORT(.dtors.*))
 *(.dtors)
                [!provide]                PROVIDE (__dtors_end__, .)
                0x80048000                . = ALIGN (0x4000)

.l1_page_table  0x80048000     0x4000
                0x80048000                __l1_page_table_start = .
                0x8004c000                . = (. + 0x4000)
 *fill*         0x80048000     0x4000 
                0x8004c000                . = ALIGN (0x8)
                0x8004c000                __data_start = .

.data           0x8004c000     0x1394
 *(.data)
 .data          0x8004c000       0x10 build\drivers\drv_i2c.o
 .data          0x8004c010       0x24 build\drivers\board.o
                0x8004c010                platform_mem_desc
 .data          0x8004c034       0x14 build\drivers\drv_sdio.o
                0x8004c038                imx6ll_sdio_ops
 .data          0x8004c048        0x1 build\kernel\src\timer.o
 *fill*         0x8004c049        0x3 
 .data          0x8004c04c       0x90 build\kernel\src\object.o
 .data          0x8004c0dc      0x100 build\kernel\components\dfs\src\dfs.o
                0x8004c0dc                working_directory
 .data          0x8004c1dc        0x8 build\kernel\components\drivers\sdio\block_dev.o
 .data          0x8004c1e4       0x10 build\kernel\components\drivers\sdio\sdio.o
 *(.data.*)