Archive member included to satisfy reference by file (symbol)

d:/env_released_1.1.3/env/tools/gnu_gcc/arm_gcc/mingw/bin/../lib/gcc/arm-none-eabi/5.4.1/../../../../arm-none-eabi/lib/armv7-ar/thumb/softfp\libc.a(lib_a-assert.o)
                              build\drivers\iomux\uart_iomux_config.o (__assert_func)
d:/env_released_1.1.3/env/tools/gnu_gcc/arm_gcc/mingw/bin/../lib/gcc/arm-none-eabi/5.4.1/../../../../arm-none-eabi/lib/armv7-ar/thumb/softfp\libc.a(lib_a-atoi.o)
                              build\kernel\components\finsh\finsh_token.o (atoi)
d:/env_released_1.1.3/env/tools/gnu_gcc/arm_gcc/mingw/bin/../lib/gcc/arm-none-eabi/5.4.1/../../../../arm-none-eabi/lib/armv7-ar/thumb/softfp\libc.a(lib_a-fclose.o)
                              build\kernel\components\libc\compilers\newlib\stdio.o (fclose)
d:/env_released_1.1.3/env/tools/gnu_gcc/arm_gcc/mingw/bin/../lib/gcc/arm-none-eabi/5.4.1/../../../../arm-none-eabi/lib/armv7-ar/thumb/softfp\libc.a(lib_a-fflush.o)
                              d:/env_released_1.1.3/env/tools/gnu_gcc/arm_gcc/mingw/bin/../lib/gcc/arm-none-eabi/5.4.1/../../../../arm-none-eabi/lib/armv7-ar/thumb/softfp\libc.a(lib_a-fclose.o) (__sflush_r)
d:/env_released_1.1.3/env/tools/gnu_gcc/arm_gcc/mingw/bin/../lib/gcc/arm-none-eabi/5.4.1/../../../../arm-none-eabi/lib/armv7-ar/thumb/softfp\libc.a(lib_a-fileno.o)
                              build\kernel\components\libc\compilers\newlib\stdio.o (fileno)
d:/env_released_1.1.3/env/tools/gnu_gcc/arm_gcc/mingw/bin/../lib/gcc/arm-none-eabi/5.4.1/../../../../arm-none-eabi/lib/armv7-ar/thumb/softfp\libc.a(lib_a-findfp.o)
                              d:/env_released_1.1.3/env/tools/gnu_gcc/arm_gcc/mingw/bin/../lib/gcc/arm-none-eabi/5.4.1/../../../../arm-none-eabi/lib/armv7-ar/thumb/softfp\libc.a(lib_a-fclose.o) (__sinit)
d:/env_released_1.1.3/env/tools/gnu_gcc/arm_gcc/mingw/bin/../lib/gcc/arm-none-eabi/5.4.1/../../../../arm-none-eabi/lib/armv7-ar/thumb/softfp\libc.a(lib_a-fiprintf.o)
                              d:/env_released_1.1.3/env/tools/gnu_gcc/arm_gcc/mingw/bin/../lib/gcc/arm-none-eabi/5.4.1/../../../../arm-none-eabi/lib/armv7-ar/thumb/softfp\libc.a(lib_a-assert.o) (fiprintf)
d:/env_released_1.1.3/env/tools/gnu_gcc/arm_gcc/mingw/bin/../lib/gcc/arm-none-eabi/5.4.1/../../../../arm-none-eabi/lib/armv7-ar/thumb/softfp\libc.a(lib_a-fopen.o)
                              build\kernel\components\libc\compilers\newlib\stdio.o (fopen)
d:/env_released_1.1.3/env/tools/gnu_gcc/arm_gcc/mingw/bin/../lib/gcc/arm-none-eabi/5.4.1/../../../../arm-none-eabi/lib/armv7-ar/thumb/softfp\libc.a(lib_a-fseek.o)
                              d:/env_released_1.1.3/env/tools/gnu_gcc/arm_gcc/mingw/bin/../lib/gcc/arm-none-eabi/5.4.1/../../../../arm-none-eabi/lib/armv7-ar/thumb/softfp\libc.a(lib_a-fopen.o) (_fseek_r)
d:/env_released_1.1.3/env/tools/gnu_gcc/arm_gcc/mingw/bin/../lib/gcc/arm-none-eabi/5.4.1/../../../../arm-none-eabi/lib/armv7-ar/thumb/softfp\libc.a(lib_a-fseeko.o)
                              d:/env_released_1.1.3/env/tools/gnu_gcc/arm_gcc/mingw/bin/../lib/gcc/arm-none-eabi/5.4.1/../../../../arm-none-eabi/lib/armv7-ar/thumb/softfp\libc.a(lib_a-fseek.o) (_fseeko_r)
d:/env_released_1.1.3/env/tools/gnu_gcc/arm_gcc/mingw/bin/../lib/gcc/arm-none-eabi/5.4.1/../../../../arm-none-eabi/lib/armv7-ar/thumb/softfp\libc.a(lib_a-fwalk.o)
                              d:/env_released_1.1.3/env/tools/gnu_gcc/arm_gcc/mingw/bin/../lib/gcc/arm-none-eabi/5.4.1/../../../../arm-none-eabi/lib/armv7-ar/thumb/softfp\libc.a(lib_a-findfp.o) (_fwalk)
d:/env_released_1.1.3/env/tools/gnu_gcc/arm_gcc/mingw/bin/../lib/gcc/arm-none-eabi/5.4.1/../../../../arm-none-eabi/lib/armv7-ar/thumb/softfp\libc.a(lib_a-impure.o)
                              build\kernel\components\libc\compilers\newlib\stdio.o (_global_impure_ptr)
d:/env_released_1.1.3/env/tools/gnu_gcc/arm_gcc/mingw/bin/../lib/gcc/arm-none-eabi/5.4.1/../../../../arm-none-eabi/lib/armv7-ar/thumb/softfp\libc.a(lib_a-makebuf.o)
                              d:/env_released_1.1.3/env/tools/gnu_gcc/arm_gcc/mingw/bin/../lib/gcc/arm-none-eabi/5.4.1/../../../../arm-none-eabi/lib/armv7-ar/thumb/softfp\libc.a(lib_a-fseeko.o) (__smakebuf_r)
d:/env_released_1.1.3/env/tools/gnu_gcc/arm_gcc/mingw/bin/../lib/gcc/arm-none-eabi/5.4.1/../../../../arm-none-eabi/lib/armv7-ar/thumb/softfp\libc.a(lib_a-memcmp.o)
                              build\kernel\components\finsh\shell.o (memcmp)
d:/env_released_1.1.3/env/tools/gnu_gcc/arm_gcc/mingw/bin/../lib/gcc/arm-none-eabi/5.4.1/../../../../arm-none-eabi/lib/armv7-ar/thumb/softfp\libc.a(lib_a-memcpy.o)
                              build\kernel\components\drivers\src\ringbuffer.o (memcpy)
d:/env_released_1.1.3/env/tools/gnu_gcc/arm_gcc/mingw/bin/../lib/gcc/arm-none-eabi/5.4.1/../../../../arm-none-eabi/lib/armv7-ar/thumb/softfp\libc.a(lib_a-memset.o)
[...]
Memory Configuration

Name             Origin             Length             Attributes
*default*        0x00000000         0xffffffff

Linker script and memory map

LOAD d:/env_released_1.1.3/env/tools/gnu_gcc/arm_gcc/mingw/bin/../lib/gcc/arm-none-eabi/5.4.1/armv7-ar/thumb/softfp/crti.o
LOAD d:/env_released_1.1.3/env/tools/gnu_gcc/arm_gcc/mingw/bin/../lib/gcc/arm-none-eabi/5.4.1/armv7-ar/thumb/softfp/crtbegin.o
LOAD d:/env_released_1.1.3/env/tools/gnu_gcc/arm_gcc/mingw/bin/../lib/gcc/arm-none-eabi/5.4.1/../../../../arm-none-eabi/lib/armv7-ar/thumb/softfp/crt0.o
LOAD build\applications\application.o
LOAD build\applications\startup.o
LOAD build\drivers\board.o
LOAD build\drivers\led.o
LOAD build\drivers\serial.o
LOAD build\drivers\iomux\iomux_config.o
LOAD build\drivers\iomux\uart_iomux_config.o
LOAD build\platform\drivers\epit.o
LOAD build\platform\drivers\gpt.o
LOAD build\platform\drivers\imx_timer.o
LOAD build\platform\drivers\imx_i2c.o
LOAD build\platform\drivers\imx_uart.o
LOAD build\platform\cpu\armv7_cache.o
LOAD build\platform\cpu\ccm_pll2.o
LOAD build\platform\cpu\cortex_a_gcc.o
LOAD build\kernel\src\clock.o
LOAD build\kernel\src\components.o
LOAD build\kernel\src\device.o
LOAD build\kernel\src\idle.o
LOAD build\kernel\src\ipc.o
LOAD build\kernel\src\irq.o
LOAD build\kernel\src\kservice.o
LOAD build\kernel\src\mem.o
LOAD build\kernel\src\mempool.o
LOAD build\kernel\src\object.o
LOAD build\kernel\src\scheduler.o
LOAD build\kernel\src\signal.o
LOAD build\kernel\src\thread.o
LOAD build\kernel\src\timer.o
LOAD build\kernel\libcpu\arm\common\backtrace.o
LOAD build\kernel\libcpu\arm\common\div0.o
LOAD build\kernel\libcpu\arm\common\showmem.o
LOAD build\kernel\libcpu\arm\cortex-a\cache.o
LOAD build\kernel\libcpu\arm\cortex-a\cpu.o
LOAD build\kernel\libcpu\arm\cortex-a\gic.o
LOAD build\kernel\libcpu\arm\cortex-a\interrupt.o
LOAD build\kernel\libcpu\arm\cortex-a\mmu.o
LOAD build\kernel\libcpu\arm\cortex-a\pmu.o
LOAD build\kernel\libcpu\arm\cortex-a\stack.o
LOAD build\kernel\libcpu\arm\cortex-a\trap.o
LOAD build\kernel\libcpu\arm\cortex-a\context_gcc.o
LOAD build\kernel\libcpu\arm\cortex-a\cp15_gcc.o
LOAD build\kernel\libcpu\arm\cortex-a\start_gcc.o
LOAD build\kernel\libcpu\arm\cortex-a\vector_gcc.o
LOAD build\kernel\components\dfs\src\dfs.o
LOAD build\kernel\components\dfs\src\dfs_file.o
LOAD build\kernel\components\dfs\src\dfs_fs.o
LOAD build\kernel\components\dfs\src\dfs_posix.o
LOAD build\kernel\components\dfs\src\poll.o
LOAD build\kernel\components\dfs\src\select.o
LOAD build\kernel\components\dfs\filesystems\devfs\devfs.o
LOAD build\kernel\components\drivers\misc\pin.o
LOAD build\kernel\components\drivers\serial\serial.o
LOAD build\kernel\components\drivers\src\completion.o
LOAD build\kernel\components\drivers\src\dataqueue.o
LOAD build\kernel\components\drivers\src\pipe.o
LOAD build\kernel\components\drivers\src\ringblk_buf.o
LOAD build\kernel\components\drivers\src\ringbuffer.o
LOAD build\kernel\components\drivers\src\waitqueue.o
LOAD build\kernel\components\drivers\src\workqueue.o
LOAD build\kernel\components\finsh\shell.o
LOAD build\kernel\components\finsh\cmd.o
LOAD build\kernel\components\finsh\msh.o
LOAD build\kernel\components\finsh\msh_file.o
LOAD build\kernel\components\finsh\finsh_compiler.o
LOAD build\kernel\components\finsh\finsh_error.o
LOAD build\kernel\components\finsh\finsh_heap.o
LOAD build\kernel\components\finsh\finsh_init.o
LOAD build\kernel\components\finsh\finsh_node.o
LOAD build\kernel\components\finsh\finsh_ops.o
LOAD build\kernel\components\finsh\finsh_parser.o
LOAD build\kernel\components\finsh\finsh_var.o
LOAD build\kernel\components\finsh\finsh_vm.o
LOAD build\kernel\components\finsh\finsh_token.o
LOAD build\kernel\components\libc\compilers\newlib\libc.o
LOAD build\kernel\components\libc\compilers\newlib\libc_syms.o
LOAD build\kernel\components\libc\compilers\newlib\stdio.o
LOAD build\kernel\components\libc\compilers\newlib\syscalls.o
LOAD build\kernel\components\libc\compilers\newlib\time.o
LOAD d:/env_released_1.1.3/env/tools/gnu_gcc/arm_gcc/mingw/bin/../lib/gcc/arm-none-eabi/5.4.1/../../../../arm-none-eabi/lib/armv7-ar/thumb/softfp\libc.a
LOAD d:/env_released_1.1.3/env/tools/gnu_gcc/arm_gcc/mingw/bin/../lib/gcc/arm-none-eabi/5.4.1/../../../../arm-none-eabi/lib/armv7-ar/thumb/softfp\libm.a
START GROUP
LOAD d:/env_released_1.1.3/env/tools/gnu_gcc/arm_gcc/mingw/bin/../lib/gcc/arm-none-eabi/5.4.1/armv7-ar/thumb/softfp\libgcc.a
LOAD d:/env_released_1.1.3/env/tools/gnu_gcc/arm_gcc/mingw/bin/../lib/gcc/arm-none-eabi/5.4.1/../../../../arm-none-eabi/lib/armv7-ar/thumb/softfp\libc.a
END GROUP
LOAD d:/env_released_1.1.3/env/tools/gnu_gcc/arm_gcc/mingw/bin/../lib/gcc/arm-none-eabi/5.4.1/armv7-ar/thumb/softfp/crtend.o
LOAD d:/env_released_1.1.3/env/tools/gnu_gcc/arm_gcc/mingw/bin/../lib/gcc/arm-none-eabi/5.4.1/armv7-ar/thumb/softfp/crtn.o
                0x80100000                . = 0x80100000
                0x80100000                __text_start = .

.text           0x80100000    0x305ec
 *(.vectors)
 .vectors       0x80100000       0x40 build\kernel\libcpu\arm\cortex-a\vector_gcc.o
                0x80100000                system_vectors
 *(.text)
 .text          0x80100040      0x12c build\applications\application.o
                0x80100040                show_freq
                0x801000d4                init_thread
                0x8010010c                rt_application_init
 .text          0x8010016c       0x60 build\applications\startup.o
                0x8010016c                rtthread_startup
                0x801001b0                main
 .text          0x801001cc      0x16c build\drivers\board.o
                0x801001f8                rt_hw_timer_init
                0x8010030c                rt_hw_board_init
 .text          0x80100338      0x190 build\drivers\led.o
                0x80100338                led_init
                0x80100450                led_ctl
 .text          0x801004c8      0x390 build\drivers\serial.o
                0x801007dc                rt_hw_uart_init
 .text          0x80100858      0x1cc build\drivers\iomux\uart_iomux_config.o
                0x80100858                uart1_iomux_config
                0x801008d0                uart2_iomux_config
                0x801008e8                uart3_iomux_config
                0x80100900                uart4_iomux_config
                0x80100918                uart5_iomux_config
                0x80100930                uart6_iomux_config
                0x80100948                uart7_iomux_config
                0x80100960                uart8_iomux_config
                0x80100978                uart_iomux_config
 .text          0x80100a24      0x974 build\platform\drivers\epit.o
                0x80100ab8                epit_reload_counter
                0x80100b1c                epit_get_counter_value
                0x80100b78                epit_set_compare_event
                0x80100bdc                epit_get_compare_event
                0x80100cd0                epit_counter_disable
                0x80100e94                epit_counter_enable
                0x801010f0                epit_setup_interrupt
                0x80101180                epit_init
 .text          0x80101398     0x3528 build\platform\drivers\imx_uart.o
                0x8010142c                uart_get_reffreq
                0x80101524                uart_putchar
                0x801016d4                uart_getchar
                0x80101898                uart_set_FIFO_mode
                0x80102774                uart_set_loopback_mode
                0x80102a84                uart_setup_interrupt
                0x80102b50                uart_init
 .text          0x801048c0      0xb70 build\platform\cpu\ccm_pll2.o
                0x801048c0                set_soc_core_voltage
                0x80104970                setup_clk
                0x80104ad4                ccm_init
                0x80104bc0                get_main_clock
                0x80104e08                get_peri_clock
                0x80104fb4                ccm_ccgr_config
                0x80105020                clock_gating_config
 .text          0x80105430      0x164 build\platform\cpu\cortex_a_gcc.o
                0x80105430                arm_set_interrupt_state
                0x80105454                cpu_get_current
                0x80105460                enable_neon_fpu
                0x8010547c                disable_strict_align_check
                0x80105490                disable_L1_cache
                0x801054b0                get_arm_private_peripheral_base
                0x801054b8                arm_unified_tlb_invalidate
                0x801054c8                arm_unified_tlb_invalidate_is
                0x801054d8                arm_branch_prediction_enable
                0x801054e8                arm_branch_prediction_disable
                0x801054f8                arm_branch_target_cache_invalidate
                0x80105504                arm_branch_target_cache_invalidate_is
                0x80105510                scu_enable
                0x80105524                scu_join_smp
                0x80105534                scu_leave_smp
                0x80105544                scu_get_cpus_in_smp
                0x80105558                scu_enable_maintenance_broadcast
                0x80105568                scu_disable_maintenance_broadcast
                0x80105578                scu_secure_invalidate
 .text          0x80105594      0x1fc build\kernel\src\clock.o
                0x80105594                rt_system_tick_init
                0x801055ac                rt_tick_get
                0x801055d0                rt_tick_set
                0x8010560c                rt_tick_increase
                0x8010569c                rt_tick_from_millisecond
 .text          0x80105790      0x118 build\kernel\src\components.o
                0x80105800                rt_components_board_init
                0x80105854                rt_components_init
 .text          0x801058a8      0xb68 build\kernel\src\device.o
                0x80105940                rt_device_register
                0x801059f0                rt_device_unregister
                0x80105aa0                rt_device_init_all
                0x80105abc                rt_device_find
                0x80105bac                rt_device_create
                0x80105c34                rt_device_destroy
                0x80105ce8                rt_device_init
                0x80105dac                rt_device_open
                0x80105f98                rt_device_close
                0x801060a4                rt_device_read
                0x80106180                rt_device_write
                0x8010625c                rt_device_control
                0x80106308                rt_device_set_rx_indicate
                0x8010638c                rt_device_set_tx_complete
 .text          0x80106410      0x464 build\kernel\src\idle.o
                0x80106474                rt_thread_idle_sethook
                0x80106508                rt_thread_idle_delhook
                0x801065e4                rt_thread_idle_excute
                0x80106780                rt_thread_idle_init
                0x80106848                rt_thread_idle_gethandler
 .text          0x80106874     0x3b34 build\kernel\src\ipc.o
                0x80106b20                rt_sem_init
                0x80106bd0                rt_sem_detach
                0x80106c90                rt_sem_create
                0x80106d78                rt_sem_delete
                0x80106e84                rt_sem_take
                0x801070d0                rt_sem_trytake
                0x801070fc                rt_sem_release
                0x80107208                rt_sem_control
                0x801072dc                rt_mutex_init
                0x80107388                rt_mutex_detach
                0x80107448                rt_mutex_create
                0x80107528                rt_mutex_delete
                0x80107634                rt_mutex_take
                0x80107944                rt_mutex_release
                0x80107be8                rt_mutex_control
                0x80107c64                rt_event_init
                0x80107cec                rt_event_detach
                0x80107dac                rt_event_create
                0x80107e68                rt_event_delete
                0x80107f74                rt_event_send
                0x801081ac                rt_event_recv
                0x80108528                rt_event_control
                0x801085f0                rt_mb_init
                0x801086bc                rt_mb_detach
                0x8010878c                rt_mb_create
                0x801088c8                rt_mb_delete
                0x801089f4                rt_mb_send_wait
                0x80108d68                rt_mb_send
                0x80108d9c                rt_mb_recv
                0x80109168                rt_mb_control
                0x80109258                rt_mq_init
                0x801093c4                rt_mq_detach
                0x80109494                rt_mq_create
                0x80109664                rt_mq_delete
                0x80109790                rt_mq_send_wait
                0x80109ba8                rt_mq_send
                0x80109be4                rt_mq_urgent
                0x80109e0c                rt_mq_recv
                0x8010a264                rt_mq_control
 .text          0x8010a3a8      0x17c build\kernel\src\irq.o
                0x8010a3a8                rt_interrupt_enter_sethook
                0x8010a3d8                rt_interrupt_leave_sethook
                0x8010a408                rt_interrupt_enter
                0x8010a478                rt_interrupt_leave
                0x8010a4e8                rt_interrupt_get_nest
 .text          0x8010a524     0x1de8 build\kernel\src\kservice.o
                0x8010a524                rt_get_errno
                0x8010a588                rt_set_errno
                0x8010a5f8                _rt_errno
                0x8010a654                rt_memset
                0x8010a7b4                rt_memcpy
                0x8010a94c                rt_memmove
                0x8010aa48                rt_memcmp
                0x8010aaf0                rt_strstr
                0x8010ab9c                rt_strcasecmp
                0x8010ac58                rt_strncpy
                0x8010ad18                rt_strncmp
                0x8010ada8                rt_strcmp
                0x8010ae28                rt_strnlen
                0x8010ae9c                rt_strlen
                0x8010aef0                rt_strdup
                0x8010af54                rt_show_version
                0x8010b428                rt_vsnprintf
                0x8010bcf0                rt_snprintf
                0x8010bd40                rt_vsprintf
                0x8010bd7c                rt_sprintf
                0x8010bdc4                rt_console_get_device
                0x8010bde8                rt_console_set_device
                0x8010be74                rt_hw_console_output
                0x8010be94                rt_kputs
                0x8010bf58                rt_kprintf
                0x8010c04c                rt_malloc_align
                0x8010c144                rt_free_align
                0x8010c178                __rt_ffs
                0x8010c250                rt_assert_set_hook
                0x8010c280                rt_assert_handler
 .text          0x8010c30c     0x1058 build\kernel\src\mem.o
                0x8010c30c                rt_malloc_sethook
                0x8010c33c                rt_free_sethook
                0x8010c570                rt_system_heap_init
                0x8010c76c                rt_malloc
                0x8010cc6c                rt_realloc
                0x8010cf74                rt_calloc
                0x8010cfd8                rt_free
                0x8010d278                rt_memory_info
                0x8010d300                list_mem
 .text          0x8010d364      0xa04 build\kernel\src\object.o
                0x8010d424                rt_object_attach_sethook
                0x8010d454                rt_object_detach_sethook
                0x8010d484                rt_object_trytake_sethook
                0x8010d4b4                rt_object_take_sethook
                0x8010d4e4                rt_object_put_sethook
                0x8010d514                rt_system_object_init
                0x8010d52c                rt_object_get_information
                0x8010d5ac                rt_object_get_length
                0x8010d660                rt_object_get_pointers
                0x8010d76c                rt_object_init
                0x8010d8c8                rt_object_detach
                0x8010d95c                rt_object_allocate
                0x8010dac4                rt_object_delete
                0x8010db8c                rt_object_is_systemobject
                0x8010dbec                rt_object_get_type
                0x8010dc3c                rt_object_find
 .text          0x8010dd68      0x8f4 build\kernel\src\scheduler.o
                0x8010dea0                rt_scheduler_sethook
                0x8010e030                rt_system_scheduler_init
                0x8010e098                rt_system_scheduler_start
                0x8010e0e8                rt_schedule
                0x8010e39c                rt_schedule_insert_thread
                0x8010e4a8                rt_schedule_remove_thread
                0x8010e55c                rt_enter_critical
                0x8010e5a4                rt_exit_critical
                0x8010e634                rt_critical_level
 .text          0x8010e65c     0x1098 build\kernel\src\thread.o
                0x8010e758                rt_thread_suspend_sethook
                0x8010e788                rt_thread_resume_sethook
                0x8010e7b8                rt_thread_inited_sethook
                0x8010e7e8                rt_thread_exit
                0x8010ea34                rt_thread_init
                0x8010eaec                rt_thread_self
                0x8010eb10                rt_thread_startup
                0x8010ec04                rt_thread_detach
                0x8010ed4c                rt_thread_create
                0x8010edf8                rt_thread_delete
                0x8010ef10                rt_thread_yield
                0x8010ef28                rt_thread_sleep
                0x8010f000                rt_thread_delay
                0x8010f028                rt_thread_delay_until
                0x8010f188                rt_thread_mdelay
                0x8010f1bc                rt_thread_control
                0x8010f310                rt_thread_suspend
                0x8010f450                rt_thread_resume
                0x8010f53c                rt_thread_timeout
                0x8010f604                rt_thread_find
 .text          0x8010f6f4      0xce8 build\kernel\src\timer.o
                0x8010f82c                rt_timer_enter_sethook
                0x8010f85c                rt_timer_exit_sethook
                0x8010fa14                rt_timer_init
                0x8010fa8c                rt_timer_detach
                0x8010fb50                rt_timer_create
                0x8010fbbc                rt_timer_delete
                0x8010fc80                rt_timer_start
                0x8010ffd0                rt_timer_stop
                0x801100bc                rt_timer_control
                0x801101f0                rt_timer_check
                0x8011034c                rt_timer_next_timeout_tick
                0x8011036c                rt_system_timer_init
                0x801103c4                rt_system_timer_thread_init
 .text          0x801103dc       0x58 build\kernel\libcpu\arm\cortex-a\cpu.o
                0x801103dc                rt_hw_cpu_shutdown
 .text          0x80110434     0x1178 build\kernel\libcpu\arm\cortex-a\gic.o
                0x80110434                arm_gic_get_active_irq
                0x801104e4                arm_gic_ack
                0x80110640                arm_gic_mask
                0x80110760                arm_gic_clear_pending
                0x80110880                arm_gic_clear_active
                0x801109a0                arm_gic_set_cpu
                0x80110b58                arm_gic_umask
                0x80110c78                arm_gic_dump_type
                0x80110d8c                arm_gic_dump
                0x80110fc8                arm_gic_dist_init
                0x801112e8                arm_gic_cpu_init
                0x80111394                arm_gic_set_group
 .text          0x801115ac      0x20c build\kernel\libcpu\arm\cortex-a\interrupt.o
                0x80111604                rt_hw_vector_init
                0x80111624                rt_hw_interrupt_init
                0x8011168c                rt_hw_interrupt_mask
                0x801116b4                rt_hw_interrupt_umask
                0x801116dc                rt_hw_interrupt_get_irq
                0x801116fc                rt_hw_interrupt_ack
                0x80111724                rt_hw_interrupt_install
 .text          0x801117b8      0x590 build\kernel\libcpu\arm\cortex-a\mmu.o
                0x801117b8                rt_hw_cpu_dump_page_table_2nd
                0x80111964                rt_hw_cpu_dump_page_table
                0x80111ba8                rt_hw_mmu_setmtt
                0x80111c60                rt_hw_set_domain_register
                0x80111c94                rt_hw_init_mmu_table
                0x80111d00                rt_hw_mmu_init
 .text          0x80111d48      0x22c build\kernel\libcpu\arm\cortex-a\stack.o
                0x80111d48                rt_hw_stack_init
 .text          0x80111f74      0x318 build\kernel\libcpu\arm\cortex-a\trap.o
                0x80111f74                rt_hw_show_register
                0x80112084                rt_hw_trap_undef
                0x801120bc                rt_hw_trap_swi
                0x801120f4                rt_hw_trap_pabt
                0x8011212c                rt_hw_trap_dabt
                0x80112164                rt_hw_trap_resv
                0x8011219c                rt_hw_trap_irq
                0x80112224                rt_hw_trap_fiq
 .text          0x8011228c       0x1c build\kernel\libcpu\arm\cortex-a\context_gcc.o
                0x8011228c                rt_hw_interrupt_disable
                0x80112298                rt_hw_interrupt_enable
                0x801122a0                rt_hw_context_switch_to
 .text          0x801122a8      0x154 build\kernel\libcpu\arm\cortex-a\cp15_gcc.o
                0x801122a8                rt_cpu_get_smp_id
                0x801122b0                rt_cpu_vector_set_base
                0x801122c8                rt_hw_cpu_dcache_enable
                0x801122d8                rt_hw_cpu_icache_enable
                0x801122f0                rt_cpu_dcache_clean_flush
                0x80112384                rt_cpu_icache_flush
                0x80112398                rt_hw_cpu_dcache_disable
                0x801123b4                rt_hw_cpu_icache_disable
                0x801123c4                rt_cpu_mmu_disable
                0x801123dc                rt_cpu_mmu_enable
                0x801123f0                rt_cpu_tlb_set
 .text          0x801123fc       0xcc build\kernel\libcpu\arm\cortex-a\start_gcc.o
                0x801123fc                _reset
 .text          0x801124c8      0xe24 build\kernel\components\dfs\src\dfs.o
                0x801124c8                dfs_init
                0x801125bc                dfs_lock
                0x80112624                dfs_unlock
                0x8011284c                fd_new
                0x80112908                fd_get
                0x801129ec                fd_put
                0x80112adc                fd_is_open
                0x80112c70                dfs_subdir
                0x80112d00                dfs_normalize_path
                0x801130cc                dfs_fdtable_get
                0x801130f8                list_fd
 .text          0x801132ec     0x1468 build\kernel\components\dfs\src\dfs_file.o
                0x801132ec                dfs_file_open
                0x8011352c                dfs_file_close
                0x801135c4                dfs_file_ioctl
                0x801136c8                dfs_file_read
                0x80113768                dfs_file_getdents
                0x801137ec                dfs_file_unlink
                0x8011394c                dfs_file_write
                0x801139c0                dfs_file_flush
                0x80113a24                dfs_file_lseek
                0x80113aac                dfs_file_stat
                0x80113ca4                dfs_file_rename
                0x80113e20                dfs_file_ftruncate
                0x80113ed0                ls
                0x80114094                rm
                0x801140d4                cat
                0x80114538                copy
 .text          0x80114754      0xf44 build\kernel\components\dfs\src\dfs_fs.o
                0x80114754                dfs_register
                0x8011488c                dfs_filesystem_lookup
                0x801149e4                dfs_filesystem_get_mounted_path
                0x80114a7c                dfs_filesystem_get_partition
                0x80114cd4                dfs_mount
                0x80115080                dfs_unmount
                0x801151f4                dfs_mkfs
                0x8011539c                dfs_statfs
                0x8011540c                mkfs
                0x80115438                df
 .text          0x80115698      0xe08 build\kernel\components\dfs\src\dfs_posix.o
                0x80115698                open
                0x8011573c                close
                0x801157bc                read
                0x8011584c                write
                0x801158dc                lseek
                0x801159f8                rename
                0x80115a48                unlink
                0x80115a90                stat
                0x80115ae0                fstat
                0x80115ba8                fsync
                0x80115c04                fcntl
                0x80115cb0                ioctl
                0x80115d08                ftruncate
                0x80115db4                statfs
                0x80115e04                mkdir
                0x80115eb4                rmdir
                0x80115efc                opendir
                0x80115fe4                readdir
                0x80116110                telldir
                0x8011618c                seekdir
                0x80116210                rewinddir
                0x80116290                closedir
                0x80116320                chdir
                0x80116418                access
                0x80116460                getcwd
 .text          0x801164a0      0x924 build\kernel\components\dfs\filesystems\devfs\devfs.o
                0x801164a0                dfs_device_fs_mount
                0x801164cc                dfs_device_fs_ioctl
                0x80116570                dfs_device_fs_read
                0x80116624                dfs_device_fs_write
                0x801166d8                dfs_device_fs_close
                0x801167c8                dfs_device_fs_open
                0x80116a60                dfs_device_fs_stat
                0x80116bf4                dfs_device_fs_getdents
                0x80116da4                devfs_init
 .text          0x80116dc4      0x5fc build\kernel\components\drivers\misc\pin.o
                0x80116fb4                rt_device_pin_register
                0x801170ac                rt_pin_attach_irq
                0x80117154                rt_pin_detach_irq
                0x801171e0                rt_pin_irq_enable
                0x80117274                rt_pin_mode
                0x801172e4                rt_pin_write
                0x80117354                rt_pin_read
 .text          0x801173c0     0x22c8 build\kernel\components\drivers\serial\serial.o
                0x80119154                rt_hw_serial_register
                0x80119268                rt_hw_serial_isr
 .text          0x80119688      0x394 build\kernel\components\drivers\src\completion.o
                0x8011975c                rt_completion_init
                0x801197c8                rt_completion_wait
                0x80119968                rt_completion_done
 .text          0x80119a1c      0xb20 build\kernel\components\drivers\src\dataqueue.o
                0x80119af0                rt_data_queue_init
                0x80119be0                rt_data_queue_push
                0x80119ec0                rt_data_queue_pop
                0x8011a23c                rt_data_queue_peak
                0x8011a37c                rt_data_queue_reset
                0x8011a48c                rt_data_queue_deinit
 .text          0x8011a53c      0x448 build\kernel\components\drivers\src\waitqueue.o
                0x8011a674                rt_wqueue_add
                0x8011a6c0                rt_wqueue_remove
                0x8011a6fc                __wqueue_default_wake
                0x8011a724                rt_wqueue_wakeup
                0x8011a808                rt_wqueue_wait
 .text          0x8011a984     0x172c build\kernel\components\finsh\shell.o
                0x8011a984                finsh_set_prompt
                0x8011aa3c                finsh_get_prompt
                0x8011ab9c                finsh_get_prompt_mode
                0x8011abf0                finsh_set_prompt_mode
                0x8011ace8                finsh_set_echo
                0x8011ad58                finsh_get_echo
                0x8011ae14                finsh_run_line
                0x8011b204                finsh_thread_entry
                0x8011bf1c                finsh_system_function_init
                0x8011bf60                finsh_system_var_init
                0x8011bfa4                finsh_system_init
 .text          0x8011c0b0     0x1c20 build\kernel\components\finsh\cmd.o
                0x8011c150                hello
                0x8011c190                version
                0x8011c3e4                list_thread
                0x8011c738                list_sem
                0x8011c91c                list_event
                0x8011cae0                list_mutex
                0x8011cc5c                list_mailbox
                0x8011ce60                list_msgqueue
                0x8011d044                list_mempool
                0x8011d264                list_timer
                0x8011d400                list_device
                0x8011d580                list
                0x8011d82c                list_prefix
 .text          0x8011dcd0      0xde8 build\kernel\components\finsh\msh.o
                0x8011dcd0                msh_is_used
                0x8011dd58                msh_help
                0x8011de20                cmd_ps
                0x8011de48                cmd_free
                0x8011e37c                msh_exec
                0x8011e51c                msh_auto_complete_path
                0x8011e8f0                msh_auto_complete
 .text          0x8011eab8      0xb78 build\kernel\components\finsh\msh_file.o
                0x8011ebe8                msh_exec_script
                0x8011ee6c                cmd_ls
                0x8011eec0                cmd_cp
                0x8011ef30                cmd_mv
                0x8011f140                cmd_cat
                0x8011f1d4                cmd_rm
                0x8011f268                cmd_cd
                0x8011f2f8                cmd_pwd
                0x8011f330                cmd_mkdir
                0x8011f394                cmd_mkfs
                0x8011f488                cmd_df
                0x8011f53c                cmd_echo
 .text          0x8011f630     0x3bcc build\kernel\components\finsh\finsh_compiler.o
                0x80123104                finsh_compiler_run
 .text          0x801231fc       0xbc build\kernel\components\finsh\finsh_error.o
                0x801231fc                finsh_error_init
                0x80123228                finsh_error_set
                0x80123260                finsh_errno
                0x80123284                finsh_error_string
 .text          0x801232b8      0x6f0 build\kernel\components\finsh\finsh_heap.o
                0x801232b8                finsh_heap_init
                0x8012332c                finsh_heap_allocate
                0x8012345c                finsh_heap_free
 .text          0x801239a8       0xbc build\kernel\components\finsh\finsh_init.o
                0x801239a8                finsh_init
                0x801239e0                finsh_stack_bottom
                0x80123a04                finsh_flush
                0x80123a34                finsh_reset
 .text          0x80123a64      0x430 build\kernel\components\finsh\finsh_node.o
                0x80123a64                finsh_node_init
                0x80123a8c                finsh_node_allocate
                0x80123b58                finsh_node_new_id
                0x80123c90                finsh_node_new_char
                0x80123ce8                finsh_node_new_int
                0x80123d3c                finsh_node_new_long
                0x80123d90                finsh_node_new_string
                0x80123e40                finsh_node_new_ptr
 .text          0x80123e94     0x1c78 build\kernel\components\finsh\finsh_ops.o
                0x80123e94                OP_no_op
                0x80123eac                OP_add_byte
                0x80123f24                OP_add_word
                0x80123fa8                OP_add_dword
                0x8012401c                OP_sub_byte
                0x80124094                OP_sub_word
                0x80124118                OP_sub_dword
                0x8012418c                OP_div_byte
                0x80124208                OP_div_word
                0x80124288                OP_div_dword
                0x80124300                OP_mod_byte
                0x8012437c                OP_mod_word
                0x801243fc                OP_mod_dword
                0x80124474                OP_mul_byte
                0x801244ec                OP_mul_word
                0x80124570                OP_mul_dword
                0x801245e4                OP_and_byte
                0x8012465c                OP_and_word
                0x801246d4                OP_and_dword
                0x80124748                OP_or_byte
                0x801247c0                OP_or_word
                0x80124838                OP_or_dword
                0x801248ac                OP_xor_byte
                0x80124924                OP_xor_word
                0x8012499c                OP_xor_dword
                0x80124a10                OP_bw_byte
                0x80124a58                OP_bw_word
                0x80124aa0                OP_bw_dword
                0x80124ae4                OP_shl_byte
                0x80124b60                OP_shl_word
                0x80124bdc                OP_shl_dword
                0x80124c50                OP_shr_byte
                0x80124ccc                OP_shr_word
                0x80124d48                OP_shr_dword
                0x80124dbc                OP_ld_byte
                0x80124e2c                OP_ld_word
                0x80124ec4                OP_ld_dword
                0x80124f8c                OP_ld_value_byte
                0x80125064                OP_ld_value_byte_stack
                0x801250b4                OP_ld_value_word
                0x8012518c                OP_ld_value_word_stack
                0x801251dc                OP_ld_value_dword
                0x801252b4                OP_ld_value_dword_stack
                0x80125304                OP_st_byte
                0x80125368                OP_st_word
                0x801253cc                OP_st_dword
                0x80125430                OP_pop
                0x80125464                OP_call
 .text          0x80125b0c     0x1748 build\kernel\components\finsh\finsh_parser.o
                0x80126fb0                finsh_parser_run
                0x80127224                finsh_parser_init
 .text          0x80127254      0x4c8 build\kernel\components\finsh\finsh_var.o
                0x80127254                finsh_var_init
                0x8012727c                finsh_var_insert
                0x801273dc                finsh_var_delete
                0x801274b0                finsh_var_lookup
                0x80127570                finsh_sysvar_append
                0x80127634                finsh_sysvar_lookup
 .text          0x8012771c      0x25c build\kernel\components\finsh\finsh_vm.o
                0x8012771c                finsh_vm_run
                0x801277e0                finsh_syscall_append
                0x80127890                finsh_syscall_lookup
 .text          0x80127978     0x12b4 build\kernel\components\finsh\finsh_token.o
                0x80127978                finsh_token_init
                0x801279b4                finsh_token_token
                0x80127a00                finsh_token_get_token
                0x80127a38                token_get_string
 .text          0x80128c2c       0x58 build\kernel\components\libc\compilers\newlib\libc.o
                0x80128c2c                libc_system_init
 .text          0x80128c84      0x23c build\kernel\components\libc\compilers\newlib\stdio.o
                0x80128c84                libc_stdio_set_console
                0x80128e7c                libc_stdio_get_console
 .text          0x80128ec0      0x93c build\kernel\components\libc\compilers\newlib\syscalls.o
                0x80128ec0                __errno
                0x80128ed8                _close_r
                0x80128f04                _execve_r
                0x80128f40                _fcntl_r
                0x80128f7c                _fork_r
                0x80128fac                _fstat_r
                0x80128fe4                _getpid_r
                0x80129008                _isatty_r
                0x8012905c                _kill_r
                0x80129094                _link_r
                0x801290cc                _lseek_r
                0x8012910c                _mkdir_r
                0x80129148                _open_r
                0x80129188                _read_r
                0x801291c8                _rename_r
                0x80129200                _sbrk_r
                0x80129228                _stat_r
                0x80129260                _times_r
                0x80129294                _unlink_r
                0x801292c4                _wait_r
                0x801292f8                _write_r
                0x80129410                libc_get_time
                0x80129528                _gettimeofday_r
                0x801295b8                _malloc_r
                0x80129600                _realloc_r
                0x80129650                _calloc_r
                0x801296a0                _free_r
                0x801296c8                exit
                0x80129710                _system
                0x80129730                __libc_init_array
                0x80129748                abort
                0x80129794                getuid
                0x801297b0                umask
                0x801297d4                flock
 .text          0x801297fc       0xec d:/env_released_1.1.3/env/tools/gnu_gcc/arm_gcc/mingw/bin/../lib/gcc/arm-none-eabi/5.4.1/../../../../arm-none-eabi/lib/armv7-ar/thumb/softfp\libc.a(lib_a-memcpy.o)
                0x801297fc                memcpy
 .text          0x801298e8      0x1bc d:/env_released_1.1.3/env/tools/gnu_gcc/arm_gcc/mingw/bin/../lib/gcc/arm-none-eabi/5.4.1/../../../../arm-none-eabi/lib/armv7-ar/thumb/softfp\libc.a(lib_a-strcmp.o)
                0x801298e8                strcmp
 *fill*         0x80129aa4        0x4 00000000
 .text          0x80129aa8      0x278 d:/env_released_1.1.3/env/tools/gnu_gcc/arm_gcc/mingw/bin/../lib/gcc/arm-none-eabi/5.4.1/armv7-ar/thumb/softfp\libgcc.a(_udivsi3.o)
                0x80129aa8                __aeabi_uidiv
                0x80129aa8                __udivsi3
                0x80129d04                __aeabi_uidivmod
 .text          0x80129d20      0x2b0 d:/env_released_1.1.3/env/tools/gnu_gcc/arm_gcc/mingw/bin/../lib/gcc/arm-none-eabi/5.4.1/armv7-ar/thumb/softfp\libgcc.a(_divsi3.o)
                0x80129d20                __divsi3
                0x80129d20                __aeabi_idiv
                0x80129fb4                __aeabi_idivmod
 .text          0x80129fd0        0x4 d:/env_released_1.1.3/env/tools/gnu_gcc/arm_gcc/mingw/bin/../lib/gcc/arm-none-eabi/5.4.1/armv7-ar/thumb/softfp\libgcc.a(_dvmd_tls.o)
                0x80129fd0                __aeabi_idiv0
                0x80129fd0                __aeabi_ldiv0
 .text          0x80129fd4       0x30 d:/env_released_1.1.3/env/tools/gnu_gcc/arm_gcc/mingw/bin/../lib/gcc/arm-none-eabi/5.4.1/armv7-ar/thumb/softfp\libgcc.a(_aeabi_uldivmod.o)
                0x80129fd4                __aeabi_uldivmod
 .text          0x8012a004      0x114 d:/env_released_1.1.3/env/tools/gnu_gcc/arm_gcc/mingw/bin/../lib/gcc/arm-none-eabi/5.4.1/armv7-ar/thumb/softfp\libgcc.a(_udivmoddi4.o)
                0x8012a004                __udivmoddi4
 *(.text.*)
 .text.isr      0x8012a118       0x68 build\kernel\libcpu\arm\cortex-a\context_gcc.o
                0x8012a118                rt_hw_context_switch
                0x8012a13c                rt_hw_context_switch_interrupt
                0x8012a168                rt_hw_context_switch_exit
 .text.isr      0x8012a180      0x1d8 build\kernel\libcpu\arm\cortex-a\start_gcc.o
                0x8012a180                vector_fiq
                0x8012a1a0                vector_irq
                0x8012a220                vector_swi
                0x8012a260                vector_undef
                0x8012a2a0                vector_pabt
                0x8012a2e0                vector_dabt
                0x8012a320                vector_resv
 .text.__assert_func
                0x8012a358       0x48 d:/env_released_1.1.3/env/tools/gnu_gcc/arm_gcc/mingw/bin/../lib/gcc/arm-none-eabi/5.4.1/../../../../arm-none-eabi/lib/armv7-ar/thumb/softfp\libc.a(lib_a-assert.o)
                0x8012a358                __assert_func
 .text.atoi     0x8012a3a0        0x8 d:/env_released_1.1.3/env/tools/gnu_gcc/arm_gcc/mingw/bin/../lib/gcc/arm-none-eabi/5.4.1/../../../../arm-none-eabi/lib/armv7-ar/thumb/softfp\libc.a(lib_a-atoi.o)
                0x8012a3a0                atoi
 .text._fclose_r
                0x8012a3a8       0x84 d:/env_released_1.1.3/env/tools/gnu_gcc/arm_gcc/mingw/bin/../lib/gcc/arm-none-eabi/5.4.1/../../../../arm-none-eabi/lib/armv7-ar/thumb/softfp\libc.a(lib_a-fclose.o)
                0x8012a3a8                _fclose_r
 .text.fclose   0x8012a42c       0x10 d:/env_released_1.1.3/env/tools/gnu_gcc/arm_gcc/mingw/bin/../lib/gcc/arm-none-eabi/5.4.1/../../../../arm-none-eabi/lib/armv7-ar/thumb/softfp\libc.a(lib_a-fclose.o)
                0x8012a42c                fclose
 .text.__sflush_r
                0x8012a43c      0x150 d:/env_released_1.1.3/env/tools/gnu_gcc/arm_gcc/mingw/bin/../lib/gcc/arm-none-eabi/5.4.1/../../../../arm-none-eabi/lib/armv7-ar/thumb/softfp\libc.a(lib_a-fflush.o)
                0x8012a43c                __sflush_r
 .text._fflush_r
                0x8012a58c       0x2c d:/env_released_1.1.3/env/tools/gnu_gcc/arm_gcc/mingw/bin/../lib/gcc/arm-none-eabi/5.4.1/../../../../arm-none-eabi/lib/armv7-ar/thumb/softfp\libc.a(lib_a-fflush.o)
                0x8012a58c                _fflush_r
 .text.fflush   0x8012a5b8       0x28 d:/env_released_1.1.3/env/tools/gnu_gcc/arm_gcc/mingw/bin/../lib/gcc/arm-none-eabi/5.4.1/../../../../arm-none-eabi/lib/armv7-ar/thumb/softfp\libc.a(lib_a-fflush.o)
                0x8012a5b8                fflush
 .text.fileno   0x8012a5e0       0x34 d:/env_released_1.1.3/env/tools/gnu_gcc/arm_gcc/mingw/bin/../lib/gcc/arm-none-eabi/5.4.1/../../../../arm-none-eabi/lib/armv7-ar/thumb/softfp\libc.a(lib_a-fileno.o)
                0x8012a5e0                fileno
 .text._cleanup_r
                0x8012a614        0xc d:/env_released_1.1.3/env/tools/gnu_gcc/arm_gcc/mingw/bin/../lib/gcc/arm-none-eabi/5.4.1/../../../../arm-none-eabi/lib/armv7-ar/thumb/softfp\libc.a(lib_a-findfp.o)
                0x8012a614                _cleanup_r
 .text.__sinit.part.1
                0x8012a620      0x100 d:/env_released_1.1.3/env/tools/gnu_gcc/arm_gcc/mingw/bin/../lib/gcc/arm-none-eabi/5.4.1/../../../../arm-none-eabi/lib/armv7-ar/thumb/softfp\libc.a(lib_a-findfp.o)
 .text.__sfmoreglue
                0x8012a720       0x30 d:/env_released_1.1.3/env/tools/gnu_gcc/arm_gcc/mingw/bin/../lib/gcc/arm-none-eabi/5.4.1/../../../../arm-none-eabi/lib/armv7-ar/thumb/softfp\libc.a(lib_a-findfp.o)
                0x8012a720                __sfmoreglue
 .text.__sfp    0x8012a750       0x88 d:/env_released_1.1.3/env/tools/gnu_gcc/arm_gcc/mingw/bin/../lib/gcc/arm-none-eabi/5.4.1/../../../../arm-none-eabi/lib/armv7-ar/thumb/softfp\libc.a(lib_a-findfp.o)
                0x8012a750                __sfp
 .text.__sinit  0x8012a7d8        0xc d:/env_released_1.1.3/env/tools/gnu_gcc/arm_gcc/mingw/bin/../lib/gcc/arm-none-eabi/5.4.1/../../../../arm-none-eabi/lib/armv7-ar/thumb/softfp\libc.a(lib_a-findfp.o)
                0x8012a7d8                __sinit
 .text.__sfp_lock_acquire
                0x8012a7e4        0x4 d:/env_released_1.1.3/env/tools/gnu_gcc/arm_gcc/mingw/bin/../lib/gcc/arm-none-eabi/5.4.1/../../../../arm-none-eabi/lib/armv7-ar/thumb/softfp\libc.a(lib_a-findfp.o)
                0x8012a7e4                __sfp_lock_acquire
 .text.__sfp_lock_release
                0x8012a7e8        0x4 d:/env_released_1.1.3/env/tools/gnu_gcc/arm_gcc/mingw/bin/../lib/gcc/arm-none-eabi/5.4.1/../../../../arm-none-eabi/lib/armv7-ar/thumb/softfp\libc.a(lib_a-findfp.o)
                0x8012a7e8                __sfp_lock_release
 .text.fiprintf
                0x8012a7ec       0x2c d:/env_released_1.1.3/env/tools/gnu_gcc/arm_gcc/mingw/bin/../lib/gcc/arm-none-eabi/5.4.1/../../../../arm-none-eabi/lib/armv7-ar/thumb/softfp\libc.a(lib_a-fiprintf.o)
                0x8012a7ec                fiprintf
 .text._fopen_r
                0x8012a818       0x94 d:/env_released_1.1.3/env/tools/gnu_gcc/arm_gcc/mingw/bin/../lib/gcc/arm-none-eabi/5.4.1/../../../../arm-none-eabi/lib/armv7-ar/thumb/softfp\libc.a(lib_a-fopen.o)
                0x8012a818                _fopen_r
 .text.fopen    0x8012a8ac       0x14 d:/env_released_1.1.3/env/tools/gnu_gcc/arm_gcc/mingw/bin/../lib/gcc/arm-none-eabi/5.4.1/../../../../arm-none-eabi/lib/armv7-ar/thumb/softfp\libc.a(lib_a-fopen.o)
                0x8012a8ac                fopen
 .text._fseek_r
                0x8012a8c0        0x4 d:/env_released_1.1.3/env/tools/gnu_gcc/arm_gcc/mingw/bin/../lib/gcc/arm-none-eabi/5.4.1/../../../../arm-none-eabi/lib/armv7-ar/thumb/softfp\libc.a(lib_a-fseek.o)
                0x8012a8c0                _fseek_r
 .text._fseeko_r
                0x8012a8c4      0x2d4 d:/env_released_1.1.3/env/tools/gnu_gcc/arm_gcc/mingw/bin/../lib/gcc/arm-none-eabi/5.4.1/../../../../arm-none-eabi/lib/armv7-ar/thumb/softfp\libc.a(lib_a-fseeko.o)
                0x8012a8c4                _fseeko_r
 .text._fwalk   0x8012ab98       0x48 d:/env_released_1.1.3/env/tools/gnu_gcc/arm_gcc/mingw/bin/../lib/gcc/arm-none-eabi/5.4.1/../../../../arm-none-eabi/lib/armv7-ar/thumb/softfp\libc.a(lib_a-fwalk.o)
                0x8012ab98                _fwalk
 .text._fwalk_reent
                0x8012abe0       0x50 d:/env_released_1.1.3/env/tools/gnu_gcc/arm_gcc/mingw/bin/../lib/gcc/arm-none-eabi/5.4.1/../../../../arm-none-eabi/lib/armv7-ar/thumb/softfp\libc.a(lib_a-fwalk.o)
                0x8012abe0                _fwalk_reent
 .text.__swhatbuf_r
                0x8012ac30       0x60 d:/env_released_1.1.3/env/tools/gnu_gcc/arm_gcc/mingw/bin/../lib/gcc/arm-none-eabi/5.4.1/../../../../arm-none-eabi/lib/armv7-ar/thumb/softfp\libc.a(lib_a-makebuf.o)
                0x8012ac30                __swhatbuf_r
 .text.__smakebuf_r
                0x8012ac90       0x90 d:/env_released_1.1.3/env/tools/gnu_gcc/arm_gcc/mingw/bin/../lib/gcc/arm-none-eabi/5.4.1/../../../../arm-none-eabi/lib/armv7-ar/thumb/softfp\libc.a(lib_a-makebuf.o)
                0x8012ac90                __smakebuf_r
 .text.memcmp   0x8012ad20       0x60 d:/env_released_1.1.3/env/tools/gnu_gcc/arm_gcc/mingw/bin/../lib/gcc/arm-none-eabi/5.4.1/../../../../arm-none-eabi/lib/armv7-ar/thumb/softfp\libc.a(lib_a-memcmp.o)
                0x8012ad20                memcmp
 .text.memset   0x8012ad80       0xa4 d:/env_released_1.1.3/env/tools/gnu_gcc/arm_gcc/mingw/bin/../lib/gcc/arm-none-eabi/5.4.1/../../../../arm-none-eabi/lib/armv7-ar/thumb/softfp\libc.a(lib_a-memset.o)
                0x8012ad80                memset
 .text.putenv   0x8012ae24       0x10 d:/env_released_1.1.3/env/tools/gnu_gcc/arm_gcc/mingw/bin/../lib/gcc/arm-none-eabi/5.4.1/../../../../arm-none-eabi/lib/armv7-ar/thumb/softfp\libc.a(lib_a-putenv.o)
                0x8012ae24                putenv
 .text._putenv_r
                0x8012ae34       0x44 d:/env_released_1.1.3/env/tools/gnu_gcc/arm_gcc/mingw/bin/../lib/gcc/arm-none-eabi/5.4.1/../../../../arm-none-eabi/lib/armv7-ar/thumb/softfp\libc.a(lib_a-putenv_r.o)
                0x8012ae34                _putenv_r
 .text._puts_r  0x8012ae78       0x6c d:/env_released_1.1.3/env/tools/gnu_gcc/arm_gcc/mingw/bin/../lib/gcc/arm-none-eabi/5.4.1/../../../../arm-none-eabi/lib/armv7-ar/thumb/softfp\libc.a(lib_a-puts.o)
                0x8012ae78                _puts_r
 .text.puts     0x8012aee4       0x10 d:/env_released_1.1.3/env/tools/gnu_gcc/arm_gcc/mingw/bin/../lib/gcc/arm-none-eabi/5.4.1/../../../../arm-none-eabi/lib/armv7-ar/thumb/softfp\libc.a(lib_a-puts.o)
                0x8012aee4                puts
 .text.lflush   0x8012aef4       0x14 d:/env_released_1.1.3/env/tools/gnu_gcc/arm_gcc/mingw/bin/../lib/gcc/arm-none-eabi/5.4.1/../../../../arm-none-eabi/lib/armv7-ar/thumb/softfp\libc.a(lib_a-refill.o)
 .text.__srefill_r
                0x8012af08      0x11c d:/env_released_1.1.3/env/tools/gnu_gcc/arm_gcc/mingw/bin/../lib/gcc/arm-none-eabi/5.4.1/../../../../arm-none-eabi/lib/armv7-ar/thumb/softfp\libc.a(lib_a-refill.o)
                0x8012af08                __srefill_r
 .text.__srget_r
                0x8012b024       0x34 d:/env_released_1.1.3/env/tools/gnu_gcc/arm_gcc/mingw/bin/../lib/gcc/arm-none-eabi/5.4.1/../../../../arm-none-eabi/lib/armv7-ar/thumb/softfp\libc.a(lib_a-rget.o)
                0x8012b024                __srget_r
 .text._setenv_r
                0x8012b058      0x188 d:/env_released_1.1.3/env/tools/gnu_gcc/arm_gcc/mingw/bin/../lib/gcc/arm-none-eabi/5.4.1/../../../../arm-none-eabi/lib/armv7-ar/thumb/softfp\libc.a(lib_a-setenv_r.o)
                0x8012b058                _setenv_r
 .text.setvbuf  0x8012b1e0      0x154 d:/env_released_1.1.3/env/tools/gnu_gcc/arm_gcc/mingw/bin/../lib/gcc/arm-none-eabi/5.4.1/../../../../arm-none-eabi/lib/armv7-ar/thumb/softfp\libc.a(lib_a-setvbuf.o)
                0x8012b1e0                setvbuf
 .text.snprintf
                0x8012b334       0x8c d:/env_released_1.1.3/env/tools/gnu_gcc/arm_gcc/mingw/bin/../lib/gcc/arm-none-eabi/5.4.1/../../../../arm-none-eabi/lib/armv7-ar/thumb/softfp\libc.a(lib_a-snprintf.o)
                0x8012b334                snprintf
 .text.__sread  0x8012b3c0       0x24 d:/env_released_1.1.3/env/tools/gnu_gcc/arm_gcc/mingw/bin/../lib/gcc/arm-none-eabi/5.4.1/../../../../arm-none-eabi/lib/armv7-ar/thumb/softfp\libc.a(lib_a-stdio.o)
                0x8012b3c0                __sread
 .text.__swrite
                0x8012b3e4       0x3c d:/env_released_1.1.3/env/tools/gnu_gcc/arm_gcc/mingw/bin/../lib/gcc/arm-none-eabi/5.4.1/../../../../arm-none-eabi/lib/armv7-ar/thumb/softfp\libc.a(lib_a-stdio.o)
                0x8012b3e4                __swrite
 .text.__sseek  0x8012b420       0x20 d:/env_released_1.1.3/env/tools/gnu_gcc/arm_gcc/mingw/bin/../lib/gcc/arm-none-eabi/5.4.1/../../../../arm-none-eabi/lib/armv7-ar/thumb/softfp\libc.a(lib_a-stdio.o)
                0x8012b420                __sseek
 .text.__sclose
                0x8012b440        0x8 d:/env_released_1.1.3/env/tools/gnu_gcc/arm_gcc/mingw/bin/../lib/gcc/arm-none-eabi/5.4.1/../../../../arm-none-eabi/lib/armv7-ar/thumb/softfp\libc.a(lib_a-stdio.o)
                0x8012b440                __sclose
 .text.strchr   0x8012b448       0xec d:/env_released_1.1.3/env/tools/gnu_gcc/arm_gcc/mingw/bin/../lib/gcc/arm-none-eabi/5.4.1/../../../../arm-none-eabi/lib/armv7-ar/thumb/softfp\libc.a(lib_a-strchr.o)
                0x8012b448                strchr
 .text.strcpy   0x8012b534       0xbc d:/env_released_1.1.3/env/tools/gnu_gcc/arm_gcc/mingw/bin/../lib/gcc/arm-none-eabi/5.4.1/../../../../arm-none-eabi/lib/armv7-ar/thumb/softfp\libc.a(lib_a-strcpy.o)
                0x8012b534                strcpy
 .text._strdup_r
                0x8012b5f0       0x28 d:/env_released_1.1.3/env/tools/gnu_gcc/arm_gcc/mingw/bin/../lib/gcc/arm-none-eabi/5.4.1/../../../../arm-none-eabi/lib/armv7-ar/thumb/softfp\libc.a(lib_a-strdup_r.o)
                0x8012b5f0                _strdup_r
 .text.strlen   0x8012b618       0x5c d:/env_released_1.1.3/env/tools/gnu_gcc/arm_gcc/mingw/bin/../lib/gcc/arm-none-eabi/5.4.1/../../../../arm-none-eabi/lib/armv7-ar/thumb/softfp\libc.a(lib_a-strlen-stub.o)
                0x8012b618                strlen
 .text.strncmp  0x8012b674       0xa0 d:/env_released_1.1.3/env/tools/gnu_gcc/arm_gcc/mingw/bin/../lib/gcc/arm-none-eabi/5.4.1/../../../../arm-none-eabi/lib/armv7-ar/thumb/softfp\libc.a(lib_a-strncmp.o)
                0x8012b674                strncmp
 .text.strncpy  0x8012b714       0x70 d:/env_released_1.1.3/env/tools/gnu_gcc/arm_gcc/mingw/bin/../lib/gcc/arm-none-eabi/5.4.1/../../../../arm-none-eabi/lib/armv7-ar/thumb/softfp\libc.a(lib_a-strncpy.o)
                0x8012b714                strncpy
 .text.strrchr  0x8012b784       0x24 d:/env_released_1.1.3/env/tools/gnu_gcc/arm_gcc/mingw/bin/../lib/gcc/arm-none-eabi/5.4.1/../../../../arm-none-eabi/lib/armv7-ar/thumb/softfp\libc.a(lib_a-strrchr.o)
                0x8012b784                strrchr
 .text.critical_factorization
                0x8012b7a8       0xb8 d:/env_released_1.1.3/env/tools/gnu_gcc/arm_gcc/mingw/bin/../lib/gcc/arm-none-eabi/5.4.1/../../../../arm-none-eabi/lib/armv7-ar/thumb/softfp\libc.a(lib_a-strstr.o)
 .text.two_way_long_needle
                0x8012b860      0x214 d:/env_released_1.1.3/env/tools/gnu_gcc/arm_gcc/mingw/bin/../lib/gcc/arm-none-eabi/5.4.1/../../../../arm-none-eabi/lib/armv7-ar/thumb/softfp\libc.a(lib_a-strstr.o)
 .text.strstr   0x8012ba74      0x220 d:/env_released_1.1.3/env/tools/gnu_gcc/arm_gcc/mingw/bin/../lib/gcc/arm-none-eabi/5.4.1/../../../../arm-none-eabi/lib/armv7-ar/thumb/softfp\libc.a(lib_a-strstr.o)
                0x8012ba74                strstr
 .text._strtol_l.isra.0
                0x8012bc94      0x144 d:/env_released_1.1.3/env/tools/gnu_gcc/arm_gcc/mingw/bin/../lib/gcc/arm-none-eabi/5.4.1/../../../../arm-none-eabi/lib/armv7-ar/thumb/softfp\libc.a(lib_a-strtol.o)
 .text.strtol   0x8012bdd8       0x30 d:/env_released_1.1.3/env/tools/gnu_gcc/arm_gcc/mingw/bin/../lib/gcc/arm-none-eabi/5.4.1/../../../../arm-none-eabi/lib/armv7-ar/thumb/softfp\libc.a(lib_a-strtol.o)
                0x8012bdd8                strtol
 .text._svfprintf_r
                0x8012be08     0x1770 d:/env_released_1.1.3/env/tools/gnu_gcc/arm_gcc/mingw/bin/../lib/gcc/arm-none-eabi/5.4.1/../../../../arm-none-eabi/lib/armv7-ar/thumb/softfp\libc.a(lib_a-svfprintf.o)
                0x8012be08                _svfprintf_r
 .text.__sprint_r.part.0
                0x8012d578       0x78 d:/env_released_1.1.3/env/tools/gnu_gcc/arm_gcc/mingw/bin/../lib/gcc/arm-none-eabi/5.4.1/../../../../arm-none-eabi/lib/armv7-ar/thumb/softfp\libc.a(lib_a-vfiprintf.o)
 .text._vfiprintf_r
                0x8012d5f0      0xe4c d:/env_released_1.1.3/env/tools/gnu_gcc/arm_gcc/mingw/bin/../lib/gcc/arm-none-eabi/5.4.1/../../../../arm-none-eabi/lib/armv7-ar/thumb/softfp\libc.a(lib_a-vfiprintf.o)
                0x8012d5f0                _vfiprintf_r
 .text.__sbprintf
                0x8012e43c       0x6c d:/env_released_1.1.3/env/tools/gnu_gcc/arm_gcc/mingw/bin/../lib/gcc/arm-none-eabi/5.4.1/../../../../arm-none-eabi/lib/armv7-ar/thumb/softfp\libc.a(lib_a-vfiprintf.o)
 .text.__swsetup_r
                0x8012e4a8       0xc8 d:/env_released_1.1.3/env/tools/gnu_gcc/arm_gcc/mingw/bin/../lib/gcc/arm-none-eabi/5.4.1/../../../../arm-none-eabi/lib/armv7-ar/thumb/softfp\libc.a(lib_a-wsetup.o)
                0x8012e4a8                __swsetup_r
 .text.quorem   0x8012e570      0x140 d:/env_released_1.1.3/env/tools/gnu_gcc/arm_gcc/mingw/bin/../lib/gcc/arm-none-eabi/5.4.1/../../../../arm-none-eabi/lib/armv7-ar/thumb/softfp\libc.a(lib_a-dtoa.o)
 .text._dtoa_r  0x8012e6b0      0xd1c d:/env_released_1.1.3/env/tools/gnu_gcc/arm_gcc/mingw/bin/../lib/gcc/arm-none-eabi/5.4.1/../../../../arm-none-eabi/lib/armv7-ar/thumb/softfp\libc.a(lib_a-dtoa.o)
                0x8012e6b0                _dtoa_r
 .text.__env_lock
                0x8012f3cc        0x4 d:/env_released_1.1.3/env/tools/gnu_gcc/arm_gcc/mingw/bin/../lib/gcc/arm-none-eabi/5.4.1/../../../../arm-none-eabi/lib/armv7-ar/thumb/softfp\libc.a(lib_a-envlock.o)
                0x8012f3cc                __env_lock
 .text.__env_unlock
                0x8012f3d0        0x4 d:/env_released_1.1.3/env/tools/gnu_gcc/arm_gcc/mingw/bin/../lib/gcc/arm-none-eabi/5.4.1/../../../../arm-none-eabi/lib/armv7-ar/thumb/softfp\libc.a(lib_a-envlock.o)
                0x8012f3d0                __env_unlock
 .text.__sflags
                0x8012f3d4       0x78 d:/env_released_1.1.3/env/tools/gnu_gcc/arm_gcc/mingw/bin/../lib/gcc/arm-none-eabi/5.4.1/../../../../arm-none-eabi/lib/armv7-ar/thumb/softfp\libc.a(lib_a-flags.o)
                0x8012f3d4                __sflags
 .text.__fputwc
                0x8012f44c       0xa0 d:/env_released_1.1.3/env/tools/gnu_gcc/arm_gcc/mingw/bin/../lib/gcc/arm-none-eabi/5.4.1/../../../../arm-none-eabi/lib/armv7-ar/thumb/softfp\libc.a(lib_a-fputwc.o)
                0x8012f44c                __fputwc
 .text._fputwc_r
                0x8012f4ec       0x28 d:/env_released_1.1.3/env/tools/gnu_gcc/arm_gcc/mingw/bin/../lib/gcc/arm-none-eabi/5.4.1/../../../../arm-none-eabi/lib/armv7-ar/thumb/softfp\libc.a(lib_a-fputwc.o)
                0x8012f4ec                _fputwc_r
 .text.__sfvwrite_r
                0x8012f514      0x324 d:/env_released_1.1.3/env/tools/gnu_gcc/arm_gcc/mingw/bin/../lib/gcc/arm-none-eabi/5.4.1/../../../../arm-none-eabi/lib/armv7-ar/thumb/softfp\libc.a(lib_a-fvwrite.o)
                0x8012f514                __sfvwrite_r
 .text._findenv_r
                0x8012f838       0x88 d:/env_released_1.1.3/env/tools/gnu_gcc/arm_gcc/mingw/bin/../lib/gcc/arm-none-eabi/5.4.1/../../../../arm-none-eabi/lib/armv7-ar/thumb/softfp\libc.a(lib_a-getenv_r.o)
                0x8012f838                _findenv_r
 .text.__locale_mb_cur_max
                0x8012f8c0       0x20 d:/env_released_1.1.3/env/tools/gnu_gcc/arm_gcc/mingw/bin/../lib/gcc/arm-none-eabi/5.4.1/../../../../arm-none-eabi/lib/armv7-ar/thumb/softfp\libc.a(lib_a-locale.o)
                0x8012f8c0                __locale_mb_cur_max
 .text.__locale_ctype_ptr_l
                0x8012f8e0        0x8 d:/env_released_1.1.3/env/tools/gnu_gcc/arm_gcc/mingw/bin/../lib/gcc/arm-none-eabi/5.4.1/../../../../arm-none-eabi/lib/armv7-ar/thumb/softfp\libc.a(lib_a-locale.o)
                0x8012f8e0                __locale_ctype_ptr_l
 .text._localeconv_r
                0x8012f8e8       0x20 d:/env_released_1.1.3/env/tools/gnu_gcc/arm_gcc/mingw/bin/../lib/gcc/arm-none-eabi/5.4.1/../../../../arm-none-eabi/lib/armv7-ar/thumb/softfp\libc.a(lib_a-localeconv.o)
                0x8012f8e8                _localeconv_r
 .text.malloc   0x8012f908       0x10 d:/env_released_1.1.3/env/tools/gnu_gcc/arm_gcc/mingw/bin/../lib/gcc/arm-none-eabi/5.4.1/../../../../arm-none-eabi/lib/armv7-ar/thumb/softfp\libc.a(lib_a-malloc.o)
                0x8012f908                malloc
 .text.__ascii_mbtowc
                0x8012f918       0x2c d:/env_released_1.1.3/env/tools/gnu_gcc/arm_gcc/mingw/bin/../lib/gcc/arm-none-eabi/5.4.1/../../../../arm-none-eabi/lib/armv7-ar/thumb/softfp\libc.a(lib_a-mbtowc_r.o)
                0x8012f918                __ascii_mbtowc
 .text.memchr   0x8012f944       0x8c d:/env_released_1.1.3/env/tools/gnu_gcc/arm_gcc/mingw/bin/../lib/gcc/arm-none-eabi/5.4.1/../../../../arm-none-eabi/lib/armv7-ar/thumb/softfp\libc.a(lib_a-memchr-stub.o)
                0x8012f944                memchr
 .text.memmove  0x8012f9d0       0xc4 d:/env_released_1.1.3/env/tools/gnu_gcc/arm_gcc/mingw/bin/../lib/gcc/arm-none-eabi/5.4.1/../../../../arm-none-eabi/lib/armv7-ar/thumb/softfp\libc.a(lib_a-memmove.o)
                0x8012f9d0                memmove
 .text._Balloc  0x8012fa94       0x50 d:/env_released_1.1.3/env/tools/gnu_gcc/arm_gcc/mingw/bin/../lib/gcc/arm-none-eabi/5.4.1/../../../../arm-none-eabi/lib/armv7-ar/thumb/softfp\libc.a(lib_a-mprec.o)
                0x8012fa94                _Balloc
 .text._Bfree   0x8012fae4       0x14 d:/env_released_1.1.3/env/tools/gnu_gcc/arm_gcc/mingw/bin/../lib/gcc/arm-none-eabi/5.4.1/../../../../arm-none-eabi/lib/armv7-ar/thumb/softfp\libc.a(lib_a-mprec.o)
                0x8012fae4                _Bfree
 .text.__multadd
                0x8012faf8       0x88 d:/env_released_1.1.3/env/tools/gnu_gcc/arm_gcc/mingw/bin/../lib/gcc/arm-none-eabi/5.4.1/../../../../arm-none-eabi/lib/armv7-ar/thumb/softfp\libc.a(lib_a-mprec.o)
                0x8012faf8                __multadd
 .text.__hi0bits
                0x8012fb80       0x40 d:/env_released_1.1.3/env/tools/gnu_gcc/arm_gcc/mingw/bin/../lib/gcc/arm-none-eabi/5.4.1/../../../../arm-none-eabi/lib/armv7-ar/thumb/softfp\libc.a(lib_a-mprec.o)
                0x8012fb80                __hi0bits
 .text.__lo0bits
                0x8012fbc0       0x58 d:/env_released_1.1.3/env/tools/gnu_gcc/arm_gcc/mingw/bin/../lib/gcc/arm-none-eabi/5.4.1/../../../../arm-none-eabi/lib/armv7-ar/thumb/softfp\libc.a(lib_a-mprec.o)
                0x8012fbc0                __lo0bits
 .text.__i2b    0x8012fc18       0x14 d:/env_released_1.1.3/env/tools/gnu_gcc/arm_gcc/mingw/bin/../lib/gcc/arm-none-eabi/5.4.1/../../../../arm-none-eabi/lib/armv7-ar/thumb/softfp\libc.a(lib_a-mprec.o)
                0x8012fc18                __i2b
 .text.__multiply
                0x8012fc2c      0x14c d:/env_released_1.1.3/env/tools/gnu_gcc/arm_gcc/mingw/bin/../lib/gcc/arm-none-eabi/5.4.1/../../../../arm-none-eabi/lib/armv7-ar/thumb/softfp\libc.a(lib_a-mprec.o)
                0x8012fc2c                __multiply
 .text.__pow5mult
                0x8012fd78       0xa4 d:/env_released_1.1.3/env/tools/gnu_gcc/arm_gcc/mingw/bin/../lib/gcc/arm-none-eabi/5.4.1/../../../../arm-none-eabi/lib/armv7-ar/thumb/softfp\libc.a(lib_a-mprec.o)
                0x8012fd78                __pow5mult
 .text.__lshift
                0x8012fe1c       0xb0 d:/env_released_1.1.3/env/tools/gnu_gcc/arm_gcc/mingw/bin/../lib/gcc/arm-none-eabi/5.4.1/../../../../arm-none-eabi/lib/armv7-ar/thumb/softfp\libc.a(lib_a-mprec.o)
                0x8012fe1c                __lshift
 .text.__mcmp   0x8012fecc       0x44 d:/env_released_1.1.3/env/tools/gnu_gcc/arm_gcc/mingw/bin/../lib/gcc/arm-none-eabi/5.4.1/../../../../arm-none-eabi/lib/armv7-ar/thumb/softfp\libc.a(lib_a-mprec.o)
                0x8012fecc                __mcmp
 .text.__mdiff  0x8012ff10      0x124 d:/env_released_1.1.3/env/tools/gnu_gcc/arm_gcc/mingw/bin/../lib/gcc/arm-none-eabi/5.4.1/../../../../arm-none-eabi/lib/armv7-ar/thumb/softfp\libc.a(lib_a-mprec.o)
                0x8012ff10                __mdiff
 .text.__d2b    0x80130034       0xb8 d:/env_released_1.1.3/env/tools/gnu_gcc/arm_gcc/mingw/bin/../lib/gcc/arm-none-eabi/5.4.1/../../../../arm-none-eabi/lib/armv7-ar/thumb/softfp\libc.a(lib_a-mprec.o)
                0x80130034                __d2b
 .text.__ssprint_r
                0x801300ec      0x108 d:/env_released_1.1.3/env/tools/gnu_gcc/arm_gcc/mingw/bin/../lib/gcc/arm-none-eabi/5.4.1/../../../../arm-none-eabi/lib/armv7-ar/thumb/softfp\libc.a(lib_a-svfiprintf.o)
                0x801300ec                __ssprint_r
 .text.__swbuf_r
                0x801301f4       0xa8 d:/env_released_1.1.3/env/tools/gnu_gcc/arm_gcc/mingw/bin/../lib/gcc/arm-none-eabi/5.4.1/../../../../arm-none-eabi/lib/armv7-ar/thumb/softfp\libc.a(lib_a-wbuf.o)
                0x801301f4                __swbuf_r
 .text._wcrtomb_r
                0x8013029c       0x64 d:/env_released_1.1.3/env/tools/gnu_gcc/arm_gcc/mingw/bin/../lib/gcc/arm-none-eabi/5.4.1/../../../../arm-none-eabi/lib/armv7-ar/thumb/softfp\libc.a(lib_a-wcrtomb.o)
                0x8013029c                _wcrtomb_r
 .text.__ascii_wctomb
                0x80130300       0x18 d:/env_released_1.1.3/env/tools/gnu_gcc/arm_gcc/mingw/bin/../lib/gcc/arm-none-eabi/5.4.1/../../../../arm-none-eabi/lib/armv7-ar/thumb/softfp\libc.a(lib_a-wctomb_r.o)
                0x80130300                __ascii_wctomb
 .text.__ascii_wctomb.__stub
                0x80130318       0x18 linker stubs
                0x80130330                . = ALIGN (0x4)
                0x80130330                __fsymtab_start = .
 *(FSymTab)
 FSymTab        0x80130330        0xc build\kernel\src\mem.o
                0x80130330                __fsym_list_mem
 FSymTab        0x8013033c        0xc build\kernel\libcpu\arm\cortex-a\gic.o
                0x8013033c                __fsym_gic
 FSymTab        0x80130348        0xc build\kernel\components\dfs\src\dfs.o
                0x80130348                __fsym___cmd_list_fd
 FSymTab        0x80130354       0x30 build\kernel\components\dfs\src\dfs_file.o
                0x80130354                __fsym_ls
                0x80130360                __fsym_rm
                0x8013036c                __fsym_cat
                0x80130378                __fsym_copy
 FSymTab        0x80130384       0x18 build\kernel\components\dfs\src\dfs_fs.o
                0x80130384                __fsym_mkfs
                0x80130390                __fsym_df
 FSymTab        0x8013039c       0x18 build\kernel\components\dfs\src\dfs_posix.o
                0x8013039c                __fsym_mkdir
                0x801303a8                __fsym_cd
 FSymTab        0x801303b4       0x24 build\kernel\components\drivers\misc\pin.o
                0x801303b4                __fsym_pinMode
                0x801303c0                __fsym_pinWrite
                0x801303cc                __fsym_pinRead
 FSymTab        0x801303d8      0x120 build\kernel\components\finsh\cmd.o
                0x801303d8                __fsym_hello
                0x801303e4                __fsym_clear
                0x801303f0                __fsym___cmd_clear
                0x801303fc                __fsym_version
                0x80130408                __fsym___cmd_version
                0x80130414                __fsym_list_thread
                0x80130420                __fsym___cmd_list_thread
                0x8013042c                __fsym_list_sem
                0x80130438                __fsym___cmd_list_sem
                0x80130444                __fsym_list_event
                0x80130450                __fsym___cmd_list_event
                0x8013045c                __fsym_list_mutex
                0x80130468                __fsym___cmd_list_mutex
                0x80130474                __fsym_list_mailbox
                0x80130480                __fsym___cmd_list_mailbox
                0x8013048c                __fsym_list_msgqueue
                0x80130498                __fsym___cmd_list_msgqueue
                0x801304a4                __fsym_list_mempool
                0x801304b0                __fsym___cmd_list_mempool
                0x801304bc                __fsym_list_timer
                0x801304c8                __fsym___cmd_list_timer
                0x801304d4                __fsym_list_device
                0x801304e0                __fsym___cmd_list_device
                0x801304ec                __fsym_list
 FSymTab        0x801304f8       0x3c build\kernel\components\finsh\msh.o
                0x801304f8                __fsym___cmd_exit
                0x80130504                __fsym_msh
                0x80130510                __fsym___cmd_help
                0x8013051c                __fsym___cmd_ps
                0x80130528                __fsym___cmd_free
 FSymTab        0x80130534       0x84 build\kernel\components\finsh\msh_file.o
                0x80130534                __fsym___cmd_ls
                0x80130540                __fsym___cmd_cp
                0x8013054c                __fsym___cmd_mv
                0x80130558                __fsym___cmd_cat
                0x80130564                __fsym___cmd_rm
                0x80130570                __fsym___cmd_cd
                0x8013057c                __fsym___cmd_pwd
                0x80130588                __fsym___cmd_mkdir
                0x80130594                __fsym___cmd_mkfs
                0x801305a0                __fsym___cmd_df
                0x801305ac                __fsym___cmd_echo
                0x801305b8                __fsymtab_end = .
                0x801305b8                . = ALIGN (0x4)
                0x801305b8                __vsymtab_start = .
 *(VSymTab)
 VSymTab        0x801305b8       0x10 build\kernel\components\finsh\cmd.o
                0x801305b8                __vsym_dummy
                0x801305c8                __vsymtab_end = .
                0x801305c8                . = ALIGN (0x4)
                0x801305c8                . = ALIGN (0x4)
                0x801305c8                __rtmsymtab_start = .
 *(RTMSymTab)
                0x801305c8                __rtmsymtab_end = .
                0x801305c8                . = ALIGN (0x4)
                0x801305c8                __rt_init_start = .
 *(SORT(.rti_fn*))
 .rti_fn.0      0x801305c8        0x4 build\kernel\src\components.o
                0x801305c8                __rt_init_rti_start
 .rti_fn.0.end  0x801305cc        0x4 build\kernel\src\components.o
                0x801305cc                __rt_init_rti_board_start
 .rti_fn.1      0x801305d0        0x4 build\drivers\board.o
                0x801305d0                __rt_init_rt_hw_timer_init
 .rti_fn.1      0x801305d4        0x4 build\drivers\serial.o
                0x801305d4                __rt_init_rt_hw_uart_init
 .rti_fn.1.end  0x801305d8        0x4 build\kernel\src\components.o
                0x801305d8                __rt_init_rti_board_end
 .rti_fn.2      0x801305dc        0x4 build\kernel\components\dfs\src\dfs.o
                0x801305dc                __rt_init_dfs_init
 .rti_fn.4      0x801305e0        0x4 build\kernel\components\libc\compilers\newlib\libc.o
                0x801305e0                __rt_init_libc_system_init
 .rti_fn.6      0x801305e4        0x4 build\kernel\components\finsh\shell.o
                0x801305e4                __rt_init_finsh_system_init
 .rti_fn.6.end  0x801305e8        0x4 build\kernel\src\components.o
                0x801305e8                __rt_init_rti_end
                0x801305ec                __rt_init_end = .
                0x801305ec                __text_end = .
                0x801305ec                __rodata_start = .

.glue_7         0x801305ec        0x0
 .glue_7        0x801305ec        0x0 linker stubs

.glue_7t        0x801305ec        0x0
 .glue_7t       0x801305ec        0x0 linker stubs

.vfp11_veneer   0x801305ec        0x0
 .vfp11_veneer  0x801305ec        0x0 linker stubs

.v4_bx          0x801305ec        0x0
 .v4_bx         0x801305ec        0x0 linker stubs

.init           0x801305ec        0x4
 .init          0x801305ec        0x4 d:/env_released_1.1.3/env/tools/gnu_gcc/arm_gcc/mingw/bin/../lib/gcc/arm-none-eabi/5.4.1/armv7-ar/thumb/softfp/crti.o
                0x801305ec                _init

.fini           0x801305f0        0x4
 .fini          0x801305f0        0x4 d:/env_released_1.1.3/env/tools/gnu_gcc/arm_gcc/mingw/bin/../lib/gcc/arm-none-eabi/5.4.1/armv7-ar/thumb/softfp/crti.o
                0x801305f0                _fini

.iplt           0x801305f4        0x0
 .iplt          0x801305f4        0x0 d:/env_released_1.1.3/env/tools/gnu_gcc/arm_gcc/mingw/bin/../lib/gcc/arm-none-eabi/5.4.1/armv7-ar/thumb/softfp/crtbegin.o

.rodata         0x801305f8     0x3e25
 *(.rodata)
 .rodata        0x801305f8       0x5d build\applications\application.o
 *fill*         0x80130655        0x3 
 .rodata        0x80130658       0x11 build\drivers\board.o
                0x80130658                platform_mem_desc_size
 *fill*         0x80130669        0x3 
 .rodata        0x8013066c       0x66 build\drivers\serial.o
 *fill*         0x801306d2        0x2 
 .rodata        0x801306d4       0x3e build\drivers\iomux\uart_iomux_config.o
 *fill*         0x80130712        0x2 
 .rodata        0x80130714        0x8 build\platform\drivers\epit.o
 .rodata        0x8013071c        0x8 build\platform\drivers\imx_uart.o
 .rodata        0x80130724       0x45 build\platform\cpu\ccm_pll2.o
                0x80130724                PLL2_OUTPUT
                0x80130734                PLL3_OUTPUT
                0x80130748                PLL4_OUTPUT
                0x8013074c                PLL5_OUTPUT
 *fill*         0x80130769        0x3 
 .rodata        0x8013076c      0x206 build\kernel\src\device.o
 *fill*         0x80130972        0x2 
 .rodata        0x80130974       0x4a build\kernel\src\idle.o
 *fill*         0x801309be        0x2 
 .rodata        0x801309c0      0x6aa build\kernel\src\ipc.o
 *fill*         0x8013106a        0x2 
 .rodata        0x8013106c      0x1ed build\kernel\src\kservice.o
                0x801310fc                __lowest_bit_bitmap
 *fill*         0x80131259        0x3 
 .rodata        0x8013125c      0x33c build\kernel\src\mem.o
 .rodata        0x80131598      0x11f build\kernel\src\object.o
 *fill*         0x801316b7        0x1 
 .rodata        0x801316b8       0xba build\kernel\src\scheduler.o
 *fill*         0x80131772        0x2 
 .rodata        0x80131774      0x29b build\kernel\src\thread.o
 *fill*         0x80131a0f        0x1 
 .rodata        0x80131a10      0x139 build\kernel\src\timer.o
 *fill*         0x80131b49        0x3 
 .rodata        0x80131b4c       0x27 build\kernel\libcpu\arm\cortex-a\cpu.o
 *fill*         0x80131b73        0x1 
 .rodata        0x80131b74      0x1c2 build\kernel\libcpu\arm\cortex-a\gic.o
 *fill*         0x80131d36        0x2 
 .rodata        0x80131d38      0x104 build\kernel\libcpu\arm\cortex-a\mmu.o
 .rodata        0x80131e3c      0x13c build\kernel\libcpu\arm\cortex-a\trap.o
 .rodata        0x80131f78      0x157 build\kernel\components\dfs\src\dfs.o
 *fill*         0x801320cf        0x1 
 .rodata        0x801320d0      0x1cc build\kernel\components\dfs\src\dfs_file.o
 .rodata        0x8013229c      0x1f9 build\kernel\components\dfs\src\dfs_fs.o
 *fill*         0x80132495        0x3 
 .rodata        0x80132498        0x4 build\kernel\components\dfs\src\dfs_posix.o
 .rodata        0x8013249c      0x123 build\kernel\components\dfs\filesystems\devfs\devfs.o
 *fill*         0x801325bf        0x1 
 .rodata        0x801325c0       0xb4 build\kernel\components\drivers\misc\pin.o
 .rodata        0x80132674      0x365 build\kernel\components\drivers\serial\serial.o
 *fill*         0x801329d9        0x3 
 .rodata        0x801329dc       0xaf build\kernel\components\drivers\src\completion.o
 *fill*         0x80132a8b        0x1 
 .rodata        0x80132a8c       0xfd build\kernel\components\drivers\src\dataqueue.o
 *fill*         0x80132b89        0x3 
 .rodata        0x80132b8c       0x3b build\kernel\components\drivers\src\waitqueue.o
 *fill*         0x80132bc7        0x1 
 .rodata        0x80132bc8       0xf3 build\kernel\components\finsh\shell.o
 *fill*         0x80132cbb        0x1 
 .rodata        0x80132cbc      0x6d8 build\kernel\components\finsh\cmd.o
 .rodata        0x80133394       0x92 build\kernel\components\finsh\msh.o
 *fill*         0x80133426        0x2 
 .rodata        0x80133428      0x229 build\kernel\components\finsh\msh_file.o
 *fill*         0x80133651        0x3 
 .rodata        0x80133654       0xf2 build\kernel\components\finsh\finsh_error.o
 *fill*         0x80133746        0x2 
 .rodata        0x80133748       0xc4 build\kernel\components\finsh\finsh_ops.o
                0x80133748                op_table
 .rodata        0x8013380c       0x80 build\kernel\components\finsh\finsh_token.o
 .rodata        0x8013388c       0x17 build\kernel\components\libc\compilers\newlib\libc.o
 *fill*         0x801338a3        0x1 
 .rodata        0x801338a4       0x13 build\kernel\components\libc\compilers\newlib\stdio.o
 *fill*         0x801338b7        0x1 
 .rodata        0x801338b8       0x5d build\kernel\components\libc\compilers\newlib\syscalls.o
 *(.rodata.*)
 *fill*         0x80133915        0x3 
 .rodata.name   0x80133918       0x2a build\kernel\src\mem.o
                0x80133918                __fsym_list_mem_name
                0x80133924                __fsym_list_mem_desc
 *fill*         0x80133942        0x2 
 .rodata.name   0x80133944       0x14 build\kernel\libcpu\arm\cortex-a\gic.o
                0x80133944                __fsym_gic_name
                0x80133948                __fsym_gic_desc
 .rodata.name   0x80133958       0x25 build\kernel\components\dfs\src\dfs.o
                0x80133958                __fsym___cmd_list_fd_name
                0x80133968                __fsym___cmd_list_fd_desc
 *fill*         0x8013397d        0x3 
 .rodata.name   0x80133980       0x65 build\kernel\components\dfs\src\dfs_file.o
                0x80133980                __fsym_ls_name
                0x80133984                __fsym_ls_desc
                0x8013399c                __fsym_rm_name
                0x801339a0                __fsym_rm_desc
                0x801339bc                __fsym_cat_name
                0x801339c0                __fsym_cat_desc
                0x801339cc                __fsym_copy_name
                0x801339d4                __fsym_copy_desc
 *fill*         0x801339e5        0x3 
 .rodata.name   0x801339e8       0x2e build\kernel\components\dfs\src\dfs_fs.o
                0x801339e8                __fsym_mkfs_name
                0x801339f0                __fsym_mkfs_desc
                0x80133a04                __fsym_df_name
                0x80133a08                __fsym_df_desc
 *fill*         0x80133a16        0x2 
 .rodata.name   0x80133a18       0x41 build\kernel\components\dfs\src\dfs_posix.o
                0x80133a18                __fsym_mkdir_name
                0x80133a20                __fsym_mkdir_desc
                0x80133a34                __fsym_cd_name
                0x80133a38                __fsym_cd_desc
 *fill*         0x80133a59        0x3 
 .rodata.name   0x80133a5c       0x6e build\kernel\components\drivers\misc\pin.o
                0x80133a5c                __fsym_pinMode_name
                0x80133a64                __fsym_pinMode_desc
                0x80133a7c                __fsym_pinWrite_name
                0x80133a88                __fsym_pinWrite_desc
                0x80133aa4                __fsym_pinRead_name
                0x80133aac                __fsym_pinRead_desc
 *fill*         0x80133aca        0x2 
 .rodata.name   0x80133acc      0x3e9 build\kernel\components\finsh\cmd.o
                0x80133acc                __fsym_hello_name
                0x80133ad4                __fsym_hello_desc
                0x80133ae4                __fsym_clear_name
                0x80133aec                __fsym_clear_desc
                0x80133b08                __fsym___cmd_clear_name
                0x80133b14                __fsym___cmd_clear_desc
                0x80133b30                __fsym_version_name
                0x80133b38                __fsym_version_desc
                0x80133b5c                __fsym___cmd_version_name
                0x80133b6c                __fsym___cmd_version_desc
                0x80133b90                __fsym_list_thread_name
                0x80133b9c                __fsym_list_thread_desc
                0x80133ba8                __fsym___cmd_list_thread_name
                0x80133bbc                __fsym___cmd_list_thread_desc
                0x80133bc8                __fsym_list_sem_name
                0x80133bd4                __fsym_list_sem_desc
                0x80133bf0                __fsym___cmd_list_sem_name
                0x80133c00                __fsym___cmd_list_sem_desc
                0x80133c1c                __fsym_list_event_name
                0x80133c28                __fsym_list_event_desc
                0x80133c40                __fsym___cmd_list_event_name
                0x80133c54                __fsym___cmd_list_event_desc
                0x80133c6c                __fsym_list_mutex_name
                0x80133c78                __fsym_list_mutex_desc
                0x80133c90                __fsym___cmd_list_mutex_name
                0x80133ca4                __fsym___cmd_list_mutex_desc
                0x80133cbc                __fsym_list_mailbox_name
                0x80133ccc                __fsym_list_mailbox_desc
                0x80133ce4                __fsym___cmd_list_mailbox_name
                0x80133cf8                __fsym___cmd_list_mailbox_desc
                0x80133d10                __fsym_list_msgqueue_name
                0x80133d20                __fsym_list_msgqueue_desc
                0x80133d40                __fsym___cmd_list_msgqueue_name
                0x80133d54                __fsym___cmd_list_msgqueue_desc
                0x80133d74                __fsym_list_mempool_name
                0x80133d84                __fsym_list_mempool_desc
                0x80133da0                __fsym___cmd_list_mempool_name
                0x80133db4                __fsym___cmd_list_mempool_desc
                0x80133dd0                __fsym_list_timer_name
                0x80133ddc                __fsym_list_timer_desc
                0x80133df4                __fsym___cmd_list_timer_name
                0x80133e08                __fsym___cmd_list_timer_desc
                0x80133e20                __fsym_list_device_name
                0x80133e2c                __fsym_list_device_desc
                0x80133e44                __fsym___cmd_list_device_name
                0x80133e58                __fsym___cmd_list_device_desc
                0x80133e70                __fsym_list_name
                0x80133e78                __fsym_list_desc
                0x80133e94                __vsym_dummy_name
                0x80133e9c                __vsym_dummy_desc
 *fill*         0x80133eb5        0x3 
 .rodata.name   0x80133eb8       0xc1 build\kernel\components\finsh\msh.o
                0x80133eb8                __fsym___cmd_exit_name
                0x80133ec4                __fsym___cmd_exit_desc
                0x80133ee4                __fsym_msh_name
                0x80133ee8                __fsym_msh_desc
                0x80133efc                __fsym___cmd_help_name
                0x80133f08                __fsym___cmd_help_desc
                0x80133f20                __fsym___cmd_ps_name
                0x80133f2c                __fsym___cmd_ps_desc
                0x80133f48                __fsym___cmd_free_name
                0x80133f54                __fsym___cmd_free_desc
 *fill*         0x80133f79        0x3 
 .rodata.name   0x80133f7c      0x1b8 build\kernel\components\finsh\msh_file.o
                0x80133f7c                __fsym___cmd_ls_name
                0x80133f88                __fsym___cmd_ls_desc
                0x80133fac                __fsym___cmd_cp_name
                0x80133fb8                __fsym___cmd_cp_desc
                0x80133fd0                __fsym___cmd_mv_name
                0x80133fdc                __fsym___cmd_mv_desc
                0x80133ff4                __fsym___cmd_cat_name
                0x80134000                __fsym___cmd_cat_desc
                0x80134014                __fsym___cmd_rm_name
                0x80134020                __fsym___cmd_rm_desc
                0x8013403c                __fsym___cmd_cd_name
                0x80134048                __fsym___cmd_cd_desc
                0x8013406c                __fsym___cmd_pwd_name
                0x80134078                __fsym___cmd_pwd_desc
                0x801340ac                __fsym___cmd_mkdir_name
                0x801340b8                __fsym___cmd_mkdir_desc
                0x801340d0                __fsym___cmd_mkfs_name
                0x801340dc                __fsym___cmd_mkfs_desc
                0x801340fc                __fsym___cmd_df_name
                0x80134108                __fsym___cmd_df_desc
                0x80134114                __fsym___cmd_echo_name
                0x80134120                __fsym___cmd_echo_desc
 .rodata.str1.4
                0x80134134       0x3f d:/env_released_1.1.3/env/tools/gnu_gcc/arm_gcc/mingw/bin/../lib/gcc/arm-none-eabi/5.4.1/../../../../arm-none-eabi/lib/armv7-ar/thumb/softfp\libc.a(lib_a-assert.o)
                                 0x43 (size before relaxing)
 *fill*         0x80134173        0x1 
 .rodata._global_impure_ptr
                0x80134174        0x4 d:/env_released_1.1.3/env/tools/gnu_gcc/arm_gcc/mingw/bin/../lib/gcc/arm-none-eabi/5.4.1/../../../../arm-none-eabi/lib/armv7-ar/thumb/softfp\libc.a(lib_a-impure.o)
                0x80134174                _global_impure_ptr
 .rodata.str1.4
                0x80134178        0x2 d:/env_released_1.1.3/env/tools/gnu_gcc/arm_gcc/mingw/bin/../lib/gcc/arm-none-eabi/5.4.1/../../../../arm-none-eabi/lib/armv7-ar/thumb/softfp\libc.a(lib_a-puts.o)
 *fill*         0x8013417a        0x2 
 .rodata.zeroes.7258
                0x8013417c       0x10 d:/env_released_1.1.3/env/tools/gnu_gcc/arm_gcc/mingw/bin/../lib/gcc/arm-none-eabi/5.4.1/../../../../arm-none-eabi/lib/armv7-ar/thumb/softfp\libc.a(lib_a-svfprintf.o)
 .rodata.str1.4
                0x8013418c       0x42 d:/env_released_1.1.3/env/tools/gnu_gcc/arm_gcc/mingw/bin/../lib/gcc/arm-none-eabi/5.4.1/../../../../arm-none-eabi/lib/armv7-ar/thumb/softfp\libc.a(lib_a-svfprintf.o)
 *fill*         0x801341ce        0x2 
 .rodata.blanks.7257
                0x801341d0       0x10 d:/env_released_1.1.3/env/tools/gnu_gcc/arm_gcc/mingw/bin/../lib/gcc/arm-none-eabi/5.4.1/../../../../arm-none-eabi/lib/armv7-ar/thumb/softfp\libc.a(lib_a-svfprintf.o)
 .rodata.zeroes.7252
                0x801341e0       0x10 d:/env_released_1.1.3/env/tools/gnu_gcc/arm_gcc/mingw/bin/../lib/gcc/arm-none-eabi/5.4.1/../../../../arm-none-eabi/lib/armv7-ar/thumb/softfp\libc.a(lib_a-vfiprintf.o)
 .rodata.blanks.7251
                0x801341f0       0x10 d:/env_released_1.1.3/env/tools/gnu_gcc/arm_gcc/mingw/bin/../lib/gcc/arm-none-eabi/5.4.1/../../../../arm-none-eabi/lib/armv7-ar/thumb/softfp\libc.a(lib_a-vfiprintf.o)
 .rodata.str1.4
                0x80134200       0x2f d:/env_released_1.1.3/env/tools/gnu_gcc/arm_gcc/mingw/bin/../lib/gcc/arm-none-eabi/5.4.1/../../../../arm-none-eabi/lib/armv7-ar/thumb/softfp\libc.a(lib_a-vfiprintf.o)
 .rodata.str1.4
                0x80134200       0x10 d:/env_released_1.1.3/env/tools/gnu_gcc/arm_gcc/mingw/bin/../lib/gcc/arm-none-eabi/5.4.1/../../../../arm-none-eabi/lib/armv7-ar/thumb/softfp\libc.a(lib_a-dtoa.o)
                                 0x12 (size before relaxing)
 .rodata.str1.4
                0x80134210       0x10 d:/env_released_1.1.3/env/tools/gnu_gcc/arm_gcc/mingw/bin/../lib/gcc/arm-none-eabi/5.4.1/../../../../arm-none-eabi/lib/armv7-ar/thumb/softfp\libc.a(lib_a-locale.o)
                                 0x12 (size before relaxing)
 .rodata.__mprec_tens
                0x80134220       0xc8 d:/env_released_1.1.3/env/tools/gnu_gcc/arm_gcc/mingw/bin/../lib/gcc/arm-none-eabi/5.4.1/../../../../arm-none-eabi/lib/armv7-ar/thumb/softfp\libc.a(lib_a-mprec.o)
                0x80134220                __mprec_tens
 .rodata.__mprec_bigtens
                0x801342e8       0x28 d:/env_released_1.1.3/env/tools/gnu_gcc/arm_gcc/mingw/bin/../lib/gcc/arm-none-eabi/5.4.1/../../../../arm-none-eabi/lib/armv7-ar/thumb/softfp\libc.a(lib_a-mprec.o)
                0x801342e8                __mprec_bigtens
 .rodata.p05.6087
                0x80134310        0xc d:/env_released_1.1.3/env/tools/gnu_gcc/arm_gcc/mingw/bin/../lib/gcc/arm-none-eabi/5.4.1/../../../../arm-none-eabi/lib/armv7-ar/thumb/softfp\libc.a(lib_a-mprec.o)
 .rodata._ctype_
                0x8013431c      0x101 d:/env_released_1.1.3/env/tools/gnu_gcc/arm_gcc/mingw/bin/../lib/gcc/arm-none-eabi/5.4.1/../../../../arm-none-eabi/lib/armv7-ar/thumb/softfp\libc.a(lib_a-ctype_.o)
                0x8013431c                _ctype_
                0x8013441d                __rodata_end = .

.ARM.exidx      0x80134420        0x8
 .ARM.exidx     0x80134420        0x8 d:/env_released_1.1.3/env/tools/gnu_gcc/arm_gcc/mingw/bin/../lib/gcc/arm-none-eabi/5.4.1/armv7-ar/thumb/softfp\libgcc.a(_udivmoddi4.o)

.rel.dyn        0x80134428        0x0
 .rel.iplt      0x80134428        0x0 d:/env_released_1.1.3/env/tools/gnu_gcc/arm_gcc/mingw/bin/../lib/gcc/arm-none-eabi/5.4.1/armv7-ar/thumb/softfp/crtbegin.o
                0x80134428                . = ALIGN (0x4)

.ctors          0x80134428        0x0
                0x80134428                PROVIDE (__ctors_start__, .)
 *(SORT(.ctors.*))
 *(.ctors)
                0x80134428                PROVIDE (__ctors_end__, .)

.dtors          0x80134428        0x0
                [!provide]                PROVIDE (__dtors_start__, .)
 *(SORT(.dtors.*))
 *(.dtors)
                [!provide]                PROVIDE (__dtors_end__, .)
                0x80138000                . = ALIGN (0x4000)

.l1_page_table  0x80138000     0x4000
                0x80138000                __l1_page_table_start = .
                0x8013c000                . = (. + 0x4000)
 *fill*         0x80138000     0x4000 
                0x8013c000                . = ALIGN (0x8)
                0x8013c000                __data_start = .

.data           0x8013c000     0x1394
 *(.data)
 .data          0x8013c000       0x20 build\drivers\board.o
                0x8013c000                platform_mem_desc
 .data          0x8013c020        0x4 build\platform\cpu\ccm_pll2.o
                0x8013c020                g_arm_clk
 .data          0x8013c024       0x90 build\kernel\src\object.o
 .data          0x8013c0b4      0x100 build\kernel\components\dfs\src\dfs.o
                0x8013c0b4                working_directory
 .data          0x8013c1b4        0x4 build\kernel\components\finsh\msh.o
 .data          0x8013c1b8       0x3c build\kernel\components\finsh\finsh_error.o
 *(.data.*)
 *fill*         0x8013c1f4        0x4 
 .data.share.isr
                0x8013c1f8      0xc00 build\kernel\libcpu\arm\cortex-a\start_gcc.o
                0x8013c1f8                stack_start
                0x8013cdf8                stack_top
 .data.impure_data
                0x8013cdf8      0x428 d:/env_released_1.1.3/env/tools/gnu_gcc/arm_gcc/mingw/bin/../lib/gcc/arm-none-eabi/5.4.1/../../../../arm-none-eabi/lib/armv7-ar/thumb/softfp\libc.a(lib_a-impure.o)
 .data._impure_ptr
                0x8013d220        0x4 d:/env_released_1.1.3/env/tools/gnu_gcc/arm_gcc/mingw/bin/../lib/gcc/arm-none-eabi/5.4.1/../../../../arm-none-eabi/lib/armv7-ar/thumb/softfp\libc.a(lib_a-impure.o)
                0x8013d220                _impure_ptr
 .data.environ  0x8013d224        0x4 d:/env_released_1.1.3/env/tools/gnu_gcc/arm_gcc/mingw/bin/../lib/gcc/arm-none-eabi/5.4.1/../../../../arm-none-eabi/lib/armv7-ar/thumb/softfp\libc.a(lib_a-environ.o)
                0x8013d224                environ
 .data.__global_locale
                0x8013d228      0x16c d:/env_released_1.1.3/env/tools/gnu_gcc/arm_gcc/mingw/bin/../lib/gcc/arm-none-eabi/5.4.1/../../../../arm-none-eabi/lib/armv7-ar/thumb/softfp\libc.a(lib_a-locale.o)
                0x8013d228                __global_locale
                0x8013d394                __data_end = .

.igot.plt       0x8013d394        0x0
 .igot.plt      0x8013d394        0x0 d:/env_released_1.1.3/env/tools/gnu_gcc/arm_gcc/mingw/bin/../lib/gcc/arm-none-eabi/5.4.1/armv7-ar/thumb/softfp/crtbegin.o
                0x8013d398                . = ALIGN (0x8)
                0x8013d398                __bss_start = .

.bss            0x80140000     0x8cd8
 *(.bss)
 .bss           0x80140000       0x10 build\drivers\led.o
 .bss           0x80140010        0x4 build\kernel\src\clock.o
 .bss           0x80140014      0x190 build\kernel\src\idle.o
 .bss           0x801401a4        0x9 build\kernel\src\irq.o
                0x801401ac                rt_interrupt_nest
 *fill*         0x801401ad        0x3 
 .bss           0x801401b0       0x88 build\kernel\src\kservice.o
 .bss           0x80140238       0x40 build\kernel\src\mem.o
 .bss           0x80140278        0x8 build\kernel\src\object.o
 .bss           0x80140280        0x8 build\kernel\src\scheduler.o
 .bss           0x80140288        0xc build\kernel\src\thread.o
 .bss           0x80140294       0x14 build\kernel\src\timer.o
 .bss           0x801402a8       0x10 build\kernel\libcpu\arm\cortex-a\gic.o
 .bss           0x801402b8        0xc build\kernel\libcpu\arm\cortex-a\interrupt.o
                0x801402b8                rt_interrupt_from_thread
                0x801402bc                rt_interrupt_to_thread