Archive member included to satisfy reference by file (symbol)

d:/env_released_1.1.3/env/tools/gnu_gcc/arm_gcc/mingw/bin/../lib/gcc/arm-none-eabi/5.4.1/../../../../arm-none-eabi/lib/armv7-ar/thumb/softfp\libc.a(lib_a-assert.o)
                              build\drivers\iomux\uart_iomux_config.o (__assert_func)
d:/env_released_1.1.3/env/tools/gnu_gcc/arm_gcc/mingw/bin/../lib/gcc/arm-none-eabi/5.4.1/../../../../arm-none-eabi/lib/armv7-ar/thumb/softfp\libc.a(lib_a-atoi.o)
                              build\kernel\components\finsh\finsh_token.o (atoi)
d:/env_released_1.1.3/env/tools/gnu_gcc/arm_gcc/mingw/bin/../lib/gcc/arm-none-eabi/5.4.1/../../../../arm-none-eabi/lib/armv7-ar/thumb/softfp\libc.a(lib_a-fclose.o)
                              build\kernel\components\libc\compilers\newlib\stdio.o (fclose)
d:/env_released_1.1.3/env/tools/gnu_gcc/arm_gcc/mingw/bin/../lib/gcc/arm-none-eabi/5.4.1/../../../../arm-none-eabi/lib/armv7-ar/thumb/softfp\libc.a(lib_a-fflush.o)
                              d:/env_released_1.1.3/env/tools/gnu_gcc/arm_gcc/mingw/bin/../lib/gcc/arm-none-eabi/5.4.1/../../../../arm-none-eabi/lib/armv7-ar/thumb/softfp\libc.a(lib_a-fclose.o) (__sflush_r)
d:/env_released_1.1.3/env/tools/gnu_gcc/arm_gcc/mingw/bin/../lib/gcc/arm-none-eabi/5.4.1/../../../../arm-none-eabi/lib/armv7-ar/thumb/softfp\libc.a(lib_a-fileno.o)
                              build\kernel\components\libc\compilers\newlib\stdio.o (fileno)
d:/env_released_1.1.3/env/tools/gnu_gcc/arm_gcc/mingw/bin/../lib/gcc/arm-none-eabi/5.4.1/../../../../arm-none-eabi/lib/armv7-ar/thumb/softfp\libc.a(lib_a-findfp.o)
                              d:/env_released_1.1.3/env/tools/gnu_gcc/arm_gcc/mingw/bin/../lib/gcc/arm-none-eabi/5.4.1/../../../../arm-none-eabi/lib/armv7-ar/thumb/softfp\libc.a(lib_a-fclose.o) (__sinit)
d:/env_released_1.1.3/env/tools/gnu_gcc/arm_gcc/mingw/bin/../lib/gcc/arm-none-eabi/5.4.1/../../../../arm-none-eabi/lib/armv7-ar/thumb/softfp\libc.a(lib_a-fiprintf.o)
                              d:/env_released_1.1.3/env/tools/gnu_gcc/arm_gcc/mingw/bin/../lib/gcc/arm-none-eabi/5.4.1/../../../../arm-none-eabi/lib/armv7-ar/thumb/softfp\libc.a(lib_a-assert.o) (fiprintf)
d:/env_released_1.1.3/env/tools/gnu_gcc/arm_gcc/mingw/bin/../lib/gcc/arm-none-eabi/5.4.1/../../../../arm-none-eabi/lib/armv7-ar/thumb/softfp\libc.a(lib_a-fopen.o)
                              build\kernel\components\libc\compilers\newlib\stdio.o (fopen)
d:/env_released_1.1.3/env/tools/gnu_gcc/arm_gcc/mingw/bin/../lib/gcc/arm-none-eabi/5.4.1/../../../../arm-none-eabi/lib/armv7-ar/thumb/softfp\libc.a(lib_a-fseek.o)
                              d:/env_released_1.1.3/env/tools/gnu_gcc/arm_gcc/mingw/bin/../lib/gcc/arm-none-eabi/5.4.1/../../../../arm-none-eabi/lib/armv7-ar/thumb/softfp\libc.a(lib_a-fopen.o) (_fseek_r)
d:/env_released_1.1.3/env/tools/gnu_gcc/arm_gcc/mingw/bin/../lib/gcc/arm-none-eabi/5.4.1/../../../../arm-none-eabi/lib/armv7-ar/thumb/softfp\libc.a(lib_a-fseeko.o)
                              d:/env_released_1.1.3/env/tools/gnu_gcc/arm_gcc/mingw/bin/../lib/gcc/arm-none-eabi/5.4.1/../../../../arm-none-eabi/lib/armv7-ar/thumb/softfp\libc.a(lib_a-fseek.o) (_fseeko_r)
d:/env_released_1.1.3/env/tools/gnu_gcc/arm_gcc/mingw/bin/../lib/gcc/arm-none-eabi/5.4.1/../../../../arm-none-eabi/lib/armv7-ar/thumb/softfp\libc.a(lib_a-fwalk.o)
                              d:/env_released_1.1.3/env/tools/gnu_gcc/arm_gcc/mingw/bin/../lib/gcc/arm-none-eabi/5.4.1/../../../../arm-none-eabi/lib/armv7-ar/thumb/softfp\libc.a(lib_a-findfp.o) (_fwalk)
d:/env_released_1.1.3/env/tools/gnu_gcc/arm_gcc/mingw/bin/../lib/gcc/arm-none-eabi/5.4.1/../../../../arm-none-eabi/lib/armv7-ar/thumb/softfp\libc.a(lib_a-impure.o)
                              build\kernel\components\libc\compilers\newlib\stdio.o (_global_impure_ptr)
d:/env_released_1.1.3/env/tools/gnu_gcc/arm_gcc/mingw/bin/../lib/gcc/arm-none-eabi/5.4.1/../../../../arm-none-eabi/lib/armv7-ar/thumb/softfp\libc.a(lib_a-makebuf.o)
                              d:/env_released_1.1.3/env/tools/gnu_gcc/arm_gcc/mingw/bin/../lib/gcc/arm-none-eabi/5.4.1/../../../../arm-none-eabi/lib/armv7-ar/thumb/softfp\libc.a(lib_a-fseeko.o) (__smakebuf_r)
d:/env_released_1.1.3/env/tools/gnu_gcc/arm_gcc/mingw/bin/../lib/gcc/arm-none-eabi/5.4.1/../../../../arm-none-eabi/lib/armv7-ar/thumb/softfp\libc.a(lib_a-memcmp.o)
                              build\kernel\components\finsh\shell.o (memcmp)
d:/env_released_1.1.3/env/tools/gnu_gcc/arm_gcc/mingw/bin/../lib/gcc/arm-none-eabi/5.4.1/../../../../arm-none-eabi/lib/armv7-ar/thumb/softfp\libc.a(lib_a-memcpy.o)
                              build\kernel\components\drivers\src\ringbuffer.o (memcpy)
d:/env_released_1.1.3/env/tools/gnu_gcc/arm_gcc/mingw/bin/../lib/gcc/arm-none-eabi/5.4.1/../../../../arm-none-eabi/lib/armv7-ar/thumb/softfp\libc.a(lib_a-memset.o)
[...]
Memory Configuration

Name             Origin             Length             Attributes
*default*        0x00000000         0xffffffff

Linker script and memory map

LOAD d:/env_released_1.1.3/env/tools/gnu_gcc/arm_gcc/mingw/bin/../lib/gcc/arm-none-eabi/5.4.1/armv7-ar/thumb/softfp/crti.o
LOAD d:/env_released_1.1.3/env/tools/gnu_gcc/arm_gcc/mingw/bin/../lib/gcc/arm-none-eabi/5.4.1/armv7-ar/thumb/softfp/crtbegin.o
LOAD d:/env_released_1.1.3/env/tools/gnu_gcc/arm_gcc/mingw/bin/../lib/gcc/arm-none-eabi/5.4.1/../../../../arm-none-eabi/lib/armv7-ar/thumb/softfp/crt0.o
LOAD build\applications\application.o
LOAD build\applications\startup.o
LOAD build\drivers\board.o
LOAD build\drivers\led.o
LOAD build\drivers\iomux\iomux_config.o
LOAD build\drivers\iomux\uart_iomux_config.o
LOAD build\platform\drivers\epit.o
LOAD build\platform\drivers\gpt.o
LOAD build\platform\drivers\imx_timer.o
LOAD build\platform\drivers\imx_i2c.o
LOAD build\platform\drivers\imx_uart.o
LOAD build\platform\cpu\armv7_cache.o
LOAD build\platform\cpu\ccm_pll2.o
LOAD build\platform\cpu\cortex_a_gcc.o
LOAD build\kernel\src\clock.o
LOAD build\kernel\src\components.o
LOAD build\kernel\src\device.o
LOAD build\kernel\src\idle.o
LOAD build\kernel\src\ipc.o
LOAD build\kernel\src\irq.o
LOAD build\kernel\src\kservice.o
LOAD build\kernel\src\mem.o
LOAD build\kernel\src\mempool.o
LOAD build\kernel\src\object.o
LOAD build\kernel\src\scheduler.o
LOAD build\kernel\src\signal.o
LOAD build\kernel\src\thread.o
LOAD build\kernel\src\timer.o
LOAD build\kernel\libcpu\arm\common\backtrace.o
LOAD build\kernel\libcpu\arm\common\div0.o
LOAD build\kernel\libcpu\arm\common\showmem.o
LOAD build\kernel\libcpu\arm\cortex-a\cache.o
LOAD build\kernel\libcpu\arm\cortex-a\cpu.o
LOAD build\kernel\libcpu\arm\cortex-a\gic.o
LOAD build\kernel\libcpu\arm\cortex-a\interrupt.o
LOAD build\kernel\libcpu\arm\cortex-a\mmu.o
LOAD build\kernel\libcpu\arm\cortex-a\pmu.o
LOAD build\kernel\libcpu\arm\cortex-a\stack.o
LOAD build\kernel\libcpu\arm\cortex-a\trap.o
LOAD build\kernel\libcpu\arm\cortex-a\context_gcc.o
LOAD build\kernel\libcpu\arm\cortex-a\cp15_gcc.o
LOAD build\kernel\libcpu\arm\cortex-a\start_gcc.o
LOAD build\kernel\libcpu\arm\cortex-a\vector_gcc.o
LOAD build\kernel\components\dfs\src\dfs.o
LOAD build\kernel\components\dfs\src\dfs_file.o
LOAD build\kernel\components\dfs\src\dfs_fs.o
LOAD build\kernel\components\dfs\src\dfs_posix.o
LOAD build\kernel\components\dfs\src\poll.o
LOAD build\kernel\components\dfs\src\select.o
LOAD build\kernel\components\dfs\filesystems\devfs\devfs.o
LOAD build\kernel\components\drivers\misc\pin.o
LOAD build\kernel\components\drivers\serial\serial.o
LOAD build\kernel\components\drivers\src\completion.o
LOAD build\kernel\components\drivers\src\dataqueue.o
LOAD build\kernel\components\drivers\src\pipe.o
LOAD build\kernel\components\drivers\src\ringblk_buf.o
LOAD build\kernel\components\drivers\src\ringbuffer.o
LOAD build\kernel\components\drivers\src\waitqueue.o
LOAD build\kernel\components\drivers\src\workqueue.o
LOAD build\kernel\components\finsh\shell.o
LOAD build\kernel\components\finsh\cmd.o
LOAD build\kernel\components\finsh\msh.o
LOAD build\kernel\components\finsh\msh_file.o
LOAD build\kernel\components\finsh\finsh_compiler.o
LOAD build\kernel\components\finsh\finsh_error.o
LOAD build\kernel\components\finsh\finsh_heap.o
LOAD build\kernel\components\finsh\finsh_init.o
LOAD build\kernel\components\finsh\finsh_node.o
LOAD build\kernel\components\finsh\finsh_ops.o
LOAD build\kernel\components\finsh\finsh_parser.o
LOAD build\kernel\components\finsh\finsh_var.o
LOAD build\kernel\components\finsh\finsh_vm.o
LOAD build\kernel\components\finsh\finsh_token.o
LOAD build\kernel\components\libc\compilers\newlib\libc.o
LOAD build\kernel\components\libc\compilers\newlib\libc_syms.o
LOAD build\kernel\components\libc\compilers\newlib\stdio.o
LOAD build\kernel\components\libc\compilers\newlib\syscalls.o
LOAD build\kernel\components\libc\compilers\newlib\time.o
LOAD d:/env_released_1.1.3/env/tools/gnu_gcc/arm_gcc/mingw/bin/../lib/gcc/arm-none-eabi/5.4.1/../../../../arm-none-eabi/lib/armv7-ar/thumb/softfp\libc.a
LOAD d:/env_released_1.1.3/env/tools/gnu_gcc/arm_gcc/mingw/bin/../lib/gcc/arm-none-eabi/5.4.1/../../../../arm-none-eabi/lib/armv7-ar/thumb/softfp\libm.a
START GROUP
LOAD d:/env_released_1.1.3/env/tools/gnu_gcc/arm_gcc/mingw/bin/../lib/gcc/arm-none-eabi/5.4.1/armv7-ar/thumb/softfp\libgcc.a
LOAD d:/env_released_1.1.3/env/tools/gnu_gcc/arm_gcc/mingw/bin/../lib/gcc/arm-none-eabi/5.4.1/../../../../arm-none-eabi/lib/armv7-ar/thumb/softfp\libc.a
END GROUP
LOAD d:/env_released_1.1.3/env/tools/gnu_gcc/arm_gcc/mingw/bin/../lib/gcc/arm-none-eabi/5.4.1/armv7-ar/thumb/softfp/crtend.o
LOAD d:/env_released_1.1.3/env/tools/gnu_gcc/arm_gcc/mingw/bin/../lib/gcc/arm-none-eabi/5.4.1/armv7-ar/thumb/softfp/crtn.o
                0x80100000                . = 0x80100000
                0x80100000                __text_start = .

.text           0x80100000    0x28418
 *(.vectors)
 .vectors       0x80100000       0x40 build\kernel\libcpu\arm\cortex-a\vector_gcc.o
                0x80100000                system_vectors
 *(.text)
 .text          0x80100040      0x12c build\applications\application.o
                0x80100040                show_freq
                0x801000d4                init_thread
                0x8010010c                rt_application_init
 .text          0x8010016c       0x60 build\applications\startup.o
                0x8010016c                rtthread_startup
                0x801001b0                main
 .text          0x801001cc      0x16c build\drivers\board.o
                0x801001f8                rt_hw_timer_init
                0x8010030c                rt_hw_board_init
 .text          0x80100338      0x190 build\drivers\led.o
                0x80100338                led_init
                0x80100450                led_ctl
 .text          0x801004c8      0x974 build\platform\drivers\epit.o
                0x8010055c                epit_reload_counter
                0x801005c0                epit_get_counter_value
                0x8010061c                epit_set_compare_event
                0x80100680                epit_get_compare_event
                0x80100774                epit_counter_disable
                0x80100938                epit_counter_enable
                0x80100b94                epit_setup_interrupt
                0x80100c24                epit_init
 .text          0x80100e3c      0xb70 build\platform\cpu\ccm_pll2.o
                0x80100e3c                set_soc_core_voltage
                0x80100eec                setup_clk
                0x80101050                ccm_init
                0x8010113c                get_main_clock
                0x80101384                get_peri_clock
                0x80101530                ccm_ccgr_config
                0x8010159c                clock_gating_config
 .text          0x801019ac      0x164 build\platform\cpu\cortex_a_gcc.o
                0x801019ac                arm_set_interrupt_state
                0x801019d0                cpu_get_current
                0x801019dc                enable_neon_fpu
                0x801019f8                disable_strict_align_check
                0x80101a0c                disable_L1_cache
                0x80101a2c                get_arm_private_peripheral_base
                0x80101a34                arm_unified_tlb_invalidate
                0x80101a44                arm_unified_tlb_invalidate_is
                0x80101a54                arm_branch_prediction_enable
                0x80101a64                arm_branch_prediction_disable
                0x80101a74                arm_branch_target_cache_invalidate
                0x80101a80                arm_branch_target_cache_invalidate_is
                0x80101a8c                scu_enable
                0x80101aa0                scu_join_smp
                0x80101ab0                scu_leave_smp
                0x80101ac0                scu_get_cpus_in_smp
                0x80101ad4                scu_enable_maintenance_broadcast
                0x80101ae4                scu_disable_maintenance_broadcast
                0x80101af4                scu_secure_invalidate
 .text          0x80101b10      0x1fc build\kernel\src\clock.o
                0x80101b10                rt_system_tick_init
                0x80101b28                rt_tick_get
                0x80101b4c                rt_tick_set
                0x80101b88                rt_tick_increase
                0x80101c18                rt_tick_from_millisecond
 .text          0x80101d0c      0x118 build\kernel\src\components.o
                0x80101d7c                rt_components_board_init
                0x80101dd0                rt_components_init
 .text          0x80101e24      0xb68 build\kernel\src\device.o
                0x80101ebc                rt_device_register
                0x80101f6c                rt_device_unregister
                0x8010201c                rt_device_init_all
                0x80102038                rt_device_find
                0x80102128                rt_device_create
                0x801021b0                rt_device_destroy
                0x80102264                rt_device_init
                0x80102328                rt_device_open
                0x80102514                rt_device_close
                0x80102620                rt_device_read
                0x801026fc                rt_device_write
                0x801027d8                rt_device_control
                0x80102884                rt_device_set_rx_indicate
                0x80102908                rt_device_set_tx_complete
 .text          0x8010298c      0x464 build\kernel\src\idle.o
                0x801029f0                rt_thread_idle_sethook
                0x80102a84                rt_thread_idle_delhook
                0x80102b60                rt_thread_idle_excute
                0x80102cfc                rt_thread_idle_init
                0x80102dc4                rt_thread_idle_gethandler
 .text          0x80102df0     0x3b34 build\kernel\src\ipc.o
                0x8010309c                rt_sem_init
                0x8010314c                rt_sem_detach
                0x8010320c                rt_sem_create
                0x801032f4                rt_sem_delete
                0x80103400                rt_sem_take
                0x8010364c                rt_sem_trytake
                0x80103678                rt_sem_release
                0x80103784                rt_sem_control
                0x80103858                rt_mutex_init
                0x80103904                rt_mutex_detach
                0x801039c4                rt_mutex_create
                0x80103aa4                rt_mutex_delete
                0x80103bb0                rt_mutex_take
                0x80103ec0                rt_mutex_release
                0x80104164                rt_mutex_control
                0x801041e0                rt_event_init
                0x80104268                rt_event_detach
                0x80104328                rt_event_create
                0x801043e4                rt_event_delete
                0x801044f0                rt_event_send
                0x80104728                rt_event_recv
                0x80104aa4                rt_event_control
                0x80104b6c                rt_mb_init
                0x80104c38                rt_mb_detach
                0x80104d08                rt_mb_create
                0x80104e44                rt_mb_delete
                0x80104f70                rt_mb_send_wait
                0x801052e4                rt_mb_send
                0x80105318                rt_mb_recv
                0x801056e4                rt_mb_control
                0x801057d4                rt_mq_init
                0x80105940                rt_mq_detach
                0x80105a10                rt_mq_create
                0x80105be0                rt_mq_delete
                0x80105d0c                rt_mq_send_wait
                0x80106124                rt_mq_send
                0x80106160                rt_mq_urgent
                0x80106388                rt_mq_recv
                0x801067e0                rt_mq_control
 .text          0x80106924      0x17c build\kernel\src\irq.o
                0x80106924                rt_interrupt_enter_sethook
                0x80106954                rt_interrupt_leave_sethook
                0x80106984                rt_interrupt_enter
                0x801069f4                rt_interrupt_leave
                0x80106a64                rt_interrupt_get_nest
 .text          0x80106aa0     0x1de8 build\kernel\src\kservice.o
                0x80106aa0                rt_get_errno
                0x80106b04                rt_set_errno
                0x80106b74                _rt_errno
                0x80106bd0                rt_memset
                0x80106d30                rt_memcpy
                0x80106ec8                rt_memmove
                0x80106fc4                rt_memcmp
                0x8010706c                rt_strstr
                0x80107118                rt_strcasecmp
                0x801071d4                rt_strncpy
                0x80107294                rt_strncmp
                0x80107324                rt_strcmp
                0x801073a4                rt_strnlen
                0x80107418                rt_strlen
                0x8010746c                rt_strdup
                0x801074d0                rt_show_version
                0x801079a4                rt_vsnprintf
                0x8010826c                rt_snprintf
                0x801082bc                rt_vsprintf
                0x801082f8                rt_sprintf
                0x80108340                rt_console_get_device
                0x80108364                rt_console_set_device
                0x801083f0                rt_hw_console_output
                0x80108410                rt_kputs
                0x801084d4                rt_kprintf
                0x801085c8                rt_malloc_align
                0x801086c0                rt_free_align
                0x801086f4                __rt_ffs
                0x801087cc                rt_assert_set_hook
                0x801087fc                rt_assert_handler
 .text          0x80108888     0x1058 build\kernel\src\mem.o
                0x80108888                rt_malloc_sethook
                0x801088b8                rt_free_sethook
                0x80108aec                rt_system_heap_init
                0x80108ce8                rt_malloc
                0x801091e8                rt_realloc
                0x801094f0                rt_calloc
                0x80109554                rt_free
                0x801097f4                rt_memory_info
                0x8010987c                list_mem
 .text          0x801098e0      0xa04 build\kernel\src\object.o
                0x801099a0                rt_object_attach_sethook
                0x801099d0                rt_object_detach_sethook
                0x80109a00                rt_object_trytake_sethook
                0x80109a30                rt_object_take_sethook
                0x80109a60                rt_object_put_sethook
                0x80109a90                rt_system_object_init
                0x80109aa8                rt_object_get_information
                0x80109b28                rt_object_get_length
                0x80109bdc                rt_object_get_pointers
                0x80109ce8                rt_object_init
                0x80109e44                rt_object_detach
                0x80109ed8                rt_object_allocate
                0x8010a040                rt_object_delete
                0x8010a108                rt_object_is_systemobject
                0x8010a168                rt_object_get_type
                0x8010a1b8                rt_object_find
 .text          0x8010a2e4      0x8f4 build\kernel\src\scheduler.o
                0x8010a41c                rt_scheduler_sethook
                0x8010a5ac                rt_system_scheduler_init
                0x8010a614                rt_system_scheduler_start
                0x8010a664                rt_schedule
                0x8010a918                rt_schedule_insert_thread
                0x8010aa24                rt_schedule_remove_thread
                0x8010aad8                rt_enter_critical
                0x8010ab20                rt_exit_critical
                0x8010abb0                rt_critical_level
 .text          0x8010abd8     0x1098 build\kernel\src\thread.o
                0x8010acd4                rt_thread_suspend_sethook
                0x8010ad04                rt_thread_resume_sethook
                0x8010ad34                rt_thread_inited_sethook
                0x8010ad64                rt_thread_exit
                0x8010afb0                rt_thread_init
                0x8010b068                rt_thread_self
                0x8010b08c                rt_thread_startup
                0x8010b180                rt_thread_detach
                0x8010b2c8                rt_thread_create
                0x8010b374                rt_thread_delete
                0x8010b48c                rt_thread_yield
                0x8010b4a4                rt_thread_sleep
                0x8010b57c                rt_thread_delay
                0x8010b5a4                rt_thread_delay_until
                0x8010b704                rt_thread_mdelay
                0x8010b738                rt_thread_control
                0x8010b88c                rt_thread_suspend
                0x8010b9cc                rt_thread_resume
                0x8010bab8                rt_thread_timeout
                0x8010bb80                rt_thread_find
 .text          0x8010bc70      0xce8 build\kernel\src\timer.o
                0x8010bda8                rt_timer_enter_sethook
                0x8010bdd8                rt_timer_exit_sethook
                0x8010bf90                rt_timer_init
                0x8010c008                rt_timer_detach
                0x8010c0cc                rt_timer_create
                0x8010c138                rt_timer_delete
                0x8010c1fc                rt_timer_start
                0x8010c54c                rt_timer_stop
                0x8010c638                rt_timer_control
                0x8010c76c                rt_timer_check
                0x8010c8c8                rt_timer_next_timeout_tick
                0x8010c8e8                rt_system_timer_init
                0x8010c940                rt_system_timer_thread_init
 .text          0x8010c958       0x58 build\kernel\libcpu\arm\cortex-a\cpu.o
                0x8010c958                rt_hw_cpu_shutdown
 .text          0x8010c9b0     0x1178 build\kernel\libcpu\arm\cortex-a\gic.o
                0x8010c9b0                arm_gic_get_active_irq
                0x8010ca60                arm_gic_ack
                0x8010cbbc                arm_gic_mask
                0x8010ccdc                arm_gic_clear_pending
                0x8010cdfc                arm_gic_clear_active
                0x8010cf1c                arm_gic_set_cpu
                0x8010d0d4                arm_gic_umask
                0x8010d1f4                arm_gic_dump_type
                0x8010d308                arm_gic_dump
                0x8010d544                arm_gic_dist_init
                0x8010d864                arm_gic_cpu_init
                0x8010d910                arm_gic_set_group
 .text          0x8010db28      0x20c build\kernel\libcpu\arm\cortex-a\interrupt.o
                0x8010db80                rt_hw_vector_init
                0x8010dba0                rt_hw_interrupt_init
                0x8010dc08                rt_hw_interrupt_mask
                0x8010dc30                rt_hw_interrupt_umask
                0x8010dc58                rt_hw_interrupt_get_irq
                0x8010dc78                rt_hw_interrupt_ack
                0x8010dca0                rt_hw_interrupt_install
 .text          0x8010dd34      0x590 build\kernel\libcpu\arm\cortex-a\mmu.o
                0x8010dd34                rt_hw_cpu_dump_page_table_2nd
                0x8010dee0                rt_hw_cpu_dump_page_table
                0x8010e124                rt_hw_mmu_setmtt
                0x8010e1dc                rt_hw_set_domain_register
                0x8010e210                rt_hw_init_mmu_table
                0x8010e27c                rt_hw_mmu_init
 .text          0x8010e2c4      0x22c build\kernel\libcpu\arm\cortex-a\stack.o
                0x8010e2c4                rt_hw_stack_init
 .text          0x8010e4f0      0x318 build\kernel\libcpu\arm\cortex-a\trap.o
                0x8010e4f0                rt_hw_show_register
                0x8010e600                rt_hw_trap_undef
                0x8010e638                rt_hw_trap_swi
                0x8010e670                rt_hw_trap_pabt
                0x8010e6a8                rt_hw_trap_dabt
                0x8010e6e0                rt_hw_trap_resv
                0x8010e718                rt_hw_trap_irq
                0x8010e7a0                rt_hw_trap_fiq
 .text          0x8010e808       0x1c build\kernel\libcpu\arm\cortex-a\context_gcc.o
                0x8010e808                rt_hw_interrupt_disable
                0x8010e814                rt_hw_interrupt_enable
                0x8010e81c                rt_hw_context_switch_to
 .text          0x8010e824      0x154 build\kernel\libcpu\arm\cortex-a\cp15_gcc.o
                0x8010e824                rt_cpu_get_smp_id
                0x8010e82c                rt_cpu_vector_set_base
                0x8010e844                rt_hw_cpu_dcache_enable
                0x8010e854                rt_hw_cpu_icache_enable
                0x8010e86c                rt_cpu_dcache_clean_flush
                0x8010e900                rt_cpu_icache_flush
                0x8010e914                rt_hw_cpu_dcache_disable
                0x8010e930                rt_hw_cpu_icache_disable
                0x8010e940                rt_cpu_mmu_disable
                0x8010e958                rt_cpu_mmu_enable
                0x8010e96c                rt_cpu_tlb_set
 .text          0x8010e978       0xcc build\kernel\libcpu\arm\cortex-a\start_gcc.o
                0x8010e978                _reset
 .text          0x8010ea44      0xe24 build\kernel\components\dfs\src\dfs.o
                0x8010ea44                dfs_init
                0x8010eb38                dfs_lock
                0x8010eba0                dfs_unlock
                0x8010edc8                fd_new
                0x8010ee84                fd_get
                0x8010ef68                fd_put
                0x8010f058                fd_is_open
                0x8010f1ec                dfs_subdir
                0x8010f27c                dfs_normalize_path
                0x8010f648                dfs_fdtable_get
                0x8010f674                list_fd
 .text          0x8010f868     0x1468 build\kernel\components\dfs\src\dfs_file.o
                0x8010f868                dfs_file_open
                0x8010faa8                dfs_file_close
                0x8010fb40                dfs_file_ioctl
                0x8010fc44                dfs_file_read
                0x8010fce4                dfs_file_getdents
                0x8010fd68                dfs_file_unlink
                0x8010fec8                dfs_file_write
                0x8010ff3c                dfs_file_flush
                0x8010ffa0                dfs_file_lseek
                0x80110028                dfs_file_stat
                0x80110220                dfs_file_rename
                0x8011039c                dfs_file_ftruncate
                0x8011044c                ls
                0x80110610                rm
                0x80110650                cat
                0x80110ab4                copy
 .text          0x80110cd0      0xf44 build\kernel\components\dfs\src\dfs_fs.o
                0x80110cd0                dfs_register
                0x80110e08                dfs_filesystem_lookup
                0x80110f60                dfs_filesystem_get_mounted_path
                0x80110ff8                dfs_filesystem_get_partition
                0x80111250                dfs_mount
                0x801115fc                dfs_unmount
                0x80111770                dfs_mkfs
                0x80111918                dfs_statfs
                0x80111988                mkfs
                0x801119b4                df
 .text          0x80111c14      0xe08 build\kernel\components\dfs\src\dfs_posix.o
                0x80111c14                open
                0x80111cb8                close
                0x80111d38                read
                0x80111dc8                write
                0x80111e58                lseek
                0x80111f74                rename
                0x80111fc4                unlink
                0x8011200c                stat
                0x8011205c                fstat
                0x80112124                fsync
                0x80112180                fcntl
                0x8011222c                ioctl
                0x80112284                ftruncate
                0x80112330                statfs
                0x80112380                mkdir
                0x80112430                rmdir
                0x80112478                opendir
                0x80112560                readdir
                0x8011268c                telldir
                0x80112708                seekdir
                0x8011278c                rewinddir
                0x8011280c                closedir
                0x8011289c                chdir
                0x80112994                access
                0x801129dc                getcwd
 .text          0x80112a1c      0x924 build\kernel\components\dfs\filesystems\devfs\devfs.o
                0x80112a1c                dfs_device_fs_mount
                0x80112a48                dfs_device_fs_ioctl
                0x80112aec                dfs_device_fs_read
                0x80112ba0                dfs_device_fs_write
                0x80112c54                dfs_device_fs_close
                0x80112d44                dfs_device_fs_open
                0x80112fdc                dfs_device_fs_stat
                0x80113170                dfs_device_fs_getdents
                0x80113320                devfs_init
 .text          0x80113340      0x5fc build\kernel\components\drivers\misc\pin.o
                0x80113530                rt_device_pin_register
                0x80113628                rt_pin_attach_irq
                0x801136d0                rt_pin_detach_irq
                0x8011375c                rt_pin_irq_enable
                0x801137f0                rt_pin_mode
                0x80113860                rt_pin_write
                0x801138d0                rt_pin_read
 .text          0x8011393c     0x172c build\kernel\components\finsh\shell.o
                0x8011393c                finsh_set_prompt
                0x801139f4                finsh_get_prompt
                0x80113b54                finsh_get_prompt_mode
                0x80113ba8                finsh_set_prompt_mode
                0x80113ca0                finsh_set_echo
                0x80113d10                finsh_get_echo
                0x80113dcc                finsh_run_line
                0x801141bc                finsh_thread_entry
                0x80114ed4                finsh_system_function_init
                0x80114f18                finsh_system_var_init
                0x80114f5c                finsh_system_init
 .text          0x80115068     0x1c20 build\kernel\components\finsh\cmd.o
                0x80115108                hello
                0x80115148                version
                0x8011539c                list_thread
                0x801156f0                list_sem
                0x801158d4                list_event
                0x80115a98                list_mutex
                0x80115c14                list_mailbox
                0x80115e18                list_msgqueue
                0x80115ffc                list_mempool
                0x8011621c                list_timer
                0x801163b8                list_device
                0x80116538                list
                0x801167e4                list_prefix
 .text          0x80116c88      0xde8 build\kernel\components\finsh\msh.o
                0x80116c88                msh_is_used
                0x80116d10                msh_help
                0x80116dd8                cmd_ps
                0x80116e00                cmd_free
                0x80117334                msh_exec
                0x801174d4                msh_auto_complete_path
                0x801178a8                msh_auto_complete
 .text          0x80117a70      0xb78 build\kernel\components\finsh\msh_file.o
                0x80117ba0                msh_exec_script
                0x80117e24                cmd_ls
                0x80117e78                cmd_cp
                0x80117ee8                cmd_mv
                0x801180f8                cmd_cat
                0x8011818c                cmd_rm
                0x80118220                cmd_cd
                0x801182b0                cmd_pwd
                0x801182e8                cmd_mkdir
                0x8011834c                cmd_mkfs
                0x80118440                cmd_df
                0x801184f4                cmd_echo
 .text          0x801185e8     0x3bcc build\kernel\components\finsh\finsh_compiler.o
                0x8011c0bc                finsh_compiler_run
 .text          0x8011c1b4       0xbc build\kernel\components\finsh\finsh_error.o
                0x8011c1b4                finsh_error_init
                0x8011c1e0                finsh_error_set
                0x8011c218                finsh_errno
                0x8011c23c                finsh_error_string
 .text          0x8011c270      0x6f0 build\kernel\components\finsh\finsh_heap.o
                0x8011c270                finsh_heap_init
                0x8011c2e4                finsh_heap_allocate
                0x8011c414                finsh_heap_free
 .text          0x8011c960       0xbc build\kernel\components\finsh\finsh_init.o
                0x8011c960                finsh_init
                0x8011c998                finsh_stack_bottom
                0x8011c9bc                finsh_flush
                0x8011c9ec                finsh_reset
 .text          0x8011ca1c      0x430 build\kernel\components\finsh\finsh_node.o
                0x8011ca1c                finsh_node_init
                0x8011ca44                finsh_node_allocate
                0x8011cb10                finsh_node_new_id
                0x8011cc48                finsh_node_new_char
                0x8011cca0                finsh_node_new_int
                0x8011ccf4                finsh_node_new_long
                0x8011cd48                finsh_node_new_string
                0x8011cdf8                finsh_node_new_ptr
 .text          0x8011ce4c     0x1c78 build\kernel\components\finsh\finsh_ops.o
                0x8011ce4c                OP_no_op
                0x8011ce64                OP_add_byte
                0x8011cedc                OP_add_word
                0x8011cf60                OP_add_dword
                0x8011cfd4                OP_sub_byte
                0x8011d04c                OP_sub_word
                0x8011d0d0                OP_sub_dword
                0x8011d144                OP_div_byte
                0x8011d1c0                OP_div_word
                0x8011d240                OP_div_dword
                0x8011d2b8                OP_mod_byte
                0x8011d334                OP_mod_word
                0x8011d3b4                OP_mod_dword
                0x8011d42c                OP_mul_byte
                0x8011d4a4                OP_mul_word
                0x8011d528                OP_mul_dword
                0x8011d59c                OP_and_byte
                0x8011d614                OP_and_word
                0x8011d68c                OP_and_dword
                0x8011d700                OP_or_byte
                0x8011d778                OP_or_word
                0x8011d7f0                OP_or_dword
                0x8011d864                OP_xor_byte
                0x8011d8dc                OP_xor_word
                0x8011d954                OP_xor_dword
                0x8011d9c8                OP_bw_byte
                0x8011da10                OP_bw_word
                0x8011da58                OP_bw_dword
                0x8011da9c                OP_shl_byte
                0x8011db18                OP_shl_word
                0x8011db94                OP_shl_dword
                0x8011dc08                OP_shr_byte
                0x8011dc84                OP_shr_word
                0x8011dd00                OP_shr_dword
                0x8011dd74                OP_ld_byte
                0x8011dde4                OP_ld_word
                0x8011de7c                OP_ld_dword
                0x8011df44                OP_ld_value_byte
                0x8011e01c                OP_ld_value_byte_stack
                0x8011e06c                OP_ld_value_word
                0x8011e144                OP_ld_value_word_stack
                0x8011e194                OP_ld_value_dword
                0x8011e26c                OP_ld_value_dword_stack
                0x8011e2bc                OP_st_byte
                0x8011e320                OP_st_word
                0x8011e384                OP_st_dword
                0x8011e3e8                OP_pop
                0x8011e41c                OP_call
 .text          0x8011eac4     0x1748 build\kernel\components\finsh\finsh_parser.o
                0x8011ff68                finsh_parser_run
                0x801201dc                finsh_parser_init
 .text          0x8012020c      0x4c8 build\kernel\components\finsh\finsh_var.o
                0x8012020c                finsh_var_init
                0x80120234                finsh_var_insert
                0x80120394                finsh_var_delete
                0x80120468                finsh_var_lookup
                0x80120528                finsh_sysvar_append
                0x801205ec                finsh_sysvar_lookup
 .text          0x801206d4      0x25c build\kernel\components\finsh\finsh_vm.o
                0x801206d4                finsh_vm_run
                0x80120798                finsh_syscall_append
                0x80120848                finsh_syscall_lookup
 .text          0x80120930     0x12b4 build\kernel\components\finsh\finsh_token.o
                0x80120930                finsh_token_init
                0x8012096c                finsh_token_token
                0x801209b8                finsh_token_get_token
                0x801209f0                token_get_string
 .text          0x80121be4       0x58 build\kernel\components\libc\compilers\newlib\libc.o
                0x80121be4                libc_system_init
 .text          0x80121c3c      0x23c build\kernel\components\libc\compilers\newlib\stdio.o
                0x80121c3c                libc_stdio_set_console
                0x80121e34                libc_stdio_get_console
 .text          0x80121e78      0x93c build\kernel\components\libc\compilers\newlib\syscalls.o
                0x80121e78                __errno
                0x80121e90                _close_r
                0x80121ebc                _execve_r
                0x80121ef8                _fcntl_r
                0x80121f34                _fork_r
                0x80121f64                _fstat_r
                0x80121f9c                _getpid_r
                0x80121fc0                _isatty_r
                0x80122014                _kill_r
                0x8012204c                _link_r
                0x80122084                _lseek_r
                0x801220c4                _mkdir_r
                0x80122100                _open_r
                0x80122140                _read_r
                0x80122180                _rename_r
                0x801221b8                _sbrk_r
                0x801221e0                _stat_r
                0x80122218                _times_r
                0x8012224c                _unlink_r
                0x8012227c                _wait_r
                0x801222b0                _write_r
                0x801223c8                libc_get_time
                0x801224e0                _gettimeofday_r
                0x80122570                _malloc_r
                0x801225b8                _realloc_r
                0x80122608                _calloc_r
                0x80122658                _free_r
                0x80122680                exit
                0x801226c8                _system
                0x801226e8                __libc_init_array
                0x80122700                abort
                0x8012274c                getuid
                0x80122768                umask
                0x8012278c                flock
 .text          0x801227b4       0xec d:/env_released_1.1.3/env/tools/gnu_gcc/arm_gcc/mingw/bin/../lib/gcc/arm-none-eabi/5.4.1/../../../../arm-none-eabi/lib/armv7-ar/thumb/softfp\libc.a(lib_a-memcpy.o)
                0x801227b4                memcpy
 .text          0x801228a0      0x1bc d:/env_released_1.1.3/env/tools/gnu_gcc/arm_gcc/mingw/bin/../lib/gcc/arm-none-eabi/5.4.1/../../../../arm-none-eabi/lib/armv7-ar/thumb/softfp\libc.a(lib_a-strcmp.o)
                0x801228a0                strcmp
 *fill*         0x80122a5c        0x4 00000000
 .text          0x80122a60      0x278 d:/env_released_1.1.3/env/tools/gnu_gcc/arm_gcc/mingw/bin/../lib/gcc/arm-none-eabi/5.4.1/armv7-ar/thumb/softfp\libgcc.a(_udivsi3.o)
                0x80122a60                __aeabi_uidiv
                0x80122a60                __udivsi3
                0x80122cbc                __aeabi_uidivmod
 .text          0x80122cd8      0x2b0 d:/env_released_1.1.3/env/tools/gnu_gcc/arm_gcc/mingw/bin/../lib/gcc/arm-none-eabi/5.4.1/armv7-ar/thumb/softfp\libgcc.a(_divsi3.o)
                0x80122cd8                __divsi3
                0x80122cd8                __aeabi_idiv
                0x80122f6c                __aeabi_idivmod
 .text          0x80122f88        0x4 d:/env_released_1.1.3/env/tools/gnu_gcc/arm_gcc/mingw/bin/../lib/gcc/arm-none-eabi/5.4.1/armv7-ar/thumb/softfp\libgcc.a(_dvmd_tls.o)
                0x80122f88                __aeabi_idiv0
                0x80122f88                __aeabi_ldiv0
 .text          0x80122f8c       0x30 d:/env_released_1.1.3/env/tools/gnu_gcc/arm_gcc/mingw/bin/../lib/gcc/arm-none-eabi/5.4.1/armv7-ar/thumb/softfp\libgcc.a(_aeabi_uldivmod.o)
                0x80122f8c                __aeabi_uldivmod
 .text          0x80122fbc      0x114 d:/env_released_1.1.3/env/tools/gnu_gcc/arm_gcc/mingw/bin/../lib/gcc/arm-none-eabi/5.4.1/armv7-ar/thumb/softfp\libgcc.a(_udivmoddi4.o)
                0x80122fbc                __udivmoddi4
 *(.text.*)
 .text.isr      0x801230d0       0x68 build\kernel\libcpu\arm\cortex-a\context_gcc.o
                0x801230d0                rt_hw_context_switch
                0x801230f4                rt_hw_context_switch_interrupt
                0x80123120                rt_hw_context_switch_exit
 *fill*         0x80123138        0x8 00000000
 .text.isr      0x80123140      0x1d8 build\kernel\libcpu\arm\cortex-a\start_gcc.o
                0x80123140                vector_fiq
                0x80123160                vector_irq
                0x801231e0                vector_swi
                0x80123220                vector_undef
                0x80123260                vector_pabt
                0x801232a0                vector_dabt
                0x801232e0                vector_resv
 .text.atoi     0x80123318        0x8 d:/env_released_1.1.3/env/tools/gnu_gcc/arm_gcc/mingw/bin/../lib/gcc/arm-none-eabi/5.4.1/../../../../arm-none-eabi/lib/armv7-ar/thumb/softfp\libc.a(lib_a-atoi.o)
                0x80123318                atoi
 .text._fclose_r
                0x80123320       0x84 d:/env_released_1.1.3/env/tools/gnu_gcc/arm_gcc/mingw/bin/../lib/gcc/arm-none-eabi/5.4.1/../../../../arm-none-eabi/lib/armv7-ar/thumb/softfp\libc.a(lib_a-fclose.o)
                0x80123320                _fclose_r
 .text.fclose   0x801233a4       0x10 d:/env_released_1.1.3/env/tools/gnu_gcc/arm_gcc/mingw/bin/../lib/gcc/arm-none-eabi/5.4.1/../../../../arm-none-eabi/lib/armv7-ar/thumb/softfp\libc.a(lib_a-fclose.o)
                0x801233a4                fclose
 .text.__sflush_r
                0x801233b4      0x150 d:/env_released_1.1.3/env/tools/gnu_gcc/arm_gcc/mingw/bin/../lib/gcc/arm-none-eabi/5.4.1/../../../../arm-none-eabi/lib/armv7-ar/thumb/softfp\libc.a(lib_a-fflush.o)
                0x801233b4                __sflush_r
 .text._fflush_r
                0x80123504       0x2c d:/env_released_1.1.3/env/tools/gnu_gcc/arm_gcc/mingw/bin/../lib/gcc/arm-none-eabi/5.4.1/../../../../arm-none-eabi/lib/armv7-ar/thumb/softfp\libc.a(lib_a-fflush.o)
                0x80123504                _fflush_r
 .text.fflush   0x80123530       0x28 d:/env_released_1.1.3/env/tools/gnu_gcc/arm_gcc/mingw/bin/../lib/gcc/arm-none-eabi/5.4.1/../../../../arm-none-eabi/lib/armv7-ar/thumb/softfp\libc.a(lib_a-fflush.o)
                0x80123530                fflush
 .text.fileno   0x80123558       0x34 d:/env_released_1.1.3/env/tools/gnu_gcc/arm_gcc/mingw/bin/../lib/gcc/arm-none-eabi/5.4.1/../../../../arm-none-eabi/lib/armv7-ar/thumb/softfp\libc.a(lib_a-fileno.o)
                0x80123558                fileno
 .text._cleanup_r
                0x8012358c        0xc d:/env_released_1.1.3/env/tools/gnu_gcc/arm_gcc/mingw/bin/../lib/gcc/arm-none-eabi/5.4.1/../../../../arm-none-eabi/lib/armv7-ar/thumb/softfp\libc.a(lib_a-findfp.o)
                0x8012358c                _cleanup_r
 .text.__sinit.part.1
                0x80123598      0x100 d:/env_released_1.1.3/env/tools/gnu_gcc/arm_gcc/mingw/bin/../lib/gcc/arm-none-eabi/5.4.1/../../../../arm-none-eabi/lib/armv7-ar/thumb/softfp\libc.a(lib_a-findfp.o)
 .text.__sfmoreglue
                0x80123698       0x30 d:/env_released_1.1.3/env/tools/gnu_gcc/arm_gcc/mingw/bin/../lib/gcc/arm-none-eabi/5.4.1/../../../../arm-none-eabi/lib/armv7-ar/thumb/softfp\libc.a(lib_a-findfp.o)
                0x80123698                __sfmoreglue
 .text.__sfp    0x801236c8       0x88 d:/env_released_1.1.3/env/tools/gnu_gcc/arm_gcc/mingw/bin/../lib/gcc/arm-none-eabi/5.4.1/../../../../arm-none-eabi/lib/armv7-ar/thumb/softfp\libc.a(lib_a-findfp.o)
                0x801236c8                __sfp
 .text.__sinit  0x80123750        0xc d:/env_released_1.1.3/env/tools/gnu_gcc/arm_gcc/mingw/bin/../lib/gcc/arm-none-eabi/5.4.1/../../../../arm-none-eabi/lib/armv7-ar/thumb/softfp\libc.a(lib_a-findfp.o)
                0x80123750                __sinit
 .text.__sfp_lock_acquire
                0x8012375c        0x4 d:/env_released_1.1.3/env/tools/gnu_gcc/arm_gcc/mingw/bin/../lib/gcc/arm-none-eabi/5.4.1/../../../../arm-none-eabi/lib/armv7-ar/thumb/softfp\libc.a(lib_a-findfp.o)
                0x8012375c                __sfp_lock_acquire
 .text.__sfp_lock_release
                0x80123760        0x4 d:/env_released_1.1.3/env/tools/gnu_gcc/arm_gcc/mingw/bin/../lib/gcc/arm-none-eabi/5.4.1/../../../../arm-none-eabi/lib/armv7-ar/thumb/softfp\libc.a(lib_a-findfp.o)
                0x80123760                __sfp_lock_release
 .text._fopen_r
                0x80123764       0x94 d:/env_released_1.1.3/env/tools/gnu_gcc/arm_gcc/mingw/bin/../lib/gcc/arm-none-eabi/5.4.1/../../../../arm-none-eabi/lib/armv7-ar/thumb/softfp\libc.a(lib_a-fopen.o)
                0x80123764                _fopen_r
 .text.fopen    0x801237f8       0x14 d:/env_released_1.1.3/env/tools/gnu_gcc/arm_gcc/mingw/bin/../lib/gcc/arm-none-eabi/5.4.1/../../../../arm-none-eabi/lib/armv7-ar/thumb/softfp\libc.a(lib_a-fopen.o)
                0x801237f8                fopen
 .text._fseek_r
                0x8012380c        0x4 d:/env_released_1.1.3/env/tools/gnu_gcc/arm_gcc/mingw/bin/../lib/gcc/arm-none-eabi/5.4.1/../../../../arm-none-eabi/lib/armv7-ar/thumb/softfp\libc.a(lib_a-fseek.o)
                0x8012380c                _fseek_r
 .text._fseeko_r
                0x80123810      0x2d4 d:/env_released_1.1.3/env/tools/gnu_gcc/arm_gcc/mingw/bin/../lib/gcc/arm-none-eabi/5.4.1/../../../../arm-none-eabi/lib/armv7-ar/thumb/softfp\libc.a(lib_a-fseeko.o)
                0x80123810                _fseeko_r
 .text._fwalk   0x80123ae4       0x48 d:/env_released_1.1.3/env/tools/gnu_gcc/arm_gcc/mingw/bin/../lib/gcc/arm-none-eabi/5.4.1/../../../../arm-none-eabi/lib/armv7-ar/thumb/softfp\libc.a(lib_a-fwalk.o)
                0x80123ae4                _fwalk
 .text._fwalk_reent
                0x80123b2c       0x50 d:/env_released_1.1.3/env/tools/gnu_gcc/arm_gcc/mingw/bin/../lib/gcc/arm-none-eabi/5.4.1/../../../../arm-none-eabi/lib/armv7-ar/thumb/softfp\libc.a(lib_a-fwalk.o)
                0x80123b2c                _fwalk_reent
 .text.__swhatbuf_r
                0x80123b7c       0x60 d:/env_released_1.1.3/env/tools/gnu_gcc/arm_gcc/mingw/bin/../lib/gcc/arm-none-eabi/5.4.1/../../../../arm-none-eabi/lib/armv7-ar/thumb/softfp\libc.a(lib_a-makebuf.o)
                0x80123b7c                __swhatbuf_r
 .text.__smakebuf_r
                0x80123bdc       0x90 d:/env_released_1.1.3/env/tools/gnu_gcc/arm_gcc/mingw/bin/../lib/gcc/arm-none-eabi/5.4.1/../../../../arm-none-eabi/lib/armv7-ar/thumb/softfp\libc.a(lib_a-makebuf.o)
                0x80123bdc                __smakebuf_r
 .text.memcmp   0x80123c6c       0x60 d:/env_released_1.1.3/env/tools/gnu_gcc/arm_gcc/mingw/bin/../lib/gcc/arm-none-eabi/5.4.1/../../../../arm-none-eabi/lib/armv7-ar/thumb/softfp\libc.a(lib_a-memcmp.o)
                0x80123c6c                memcmp
 .text.memset   0x80123ccc       0xa4 d:/env_released_1.1.3/env/tools/gnu_gcc/arm_gcc/mingw/bin/../lib/gcc/arm-none-eabi/5.4.1/../../../../arm-none-eabi/lib/armv7-ar/thumb/softfp\libc.a(lib_a-memset.o)
                0x80123ccc                memset
 .text.putenv   0x80123d70       0x10 d:/env_released_1.1.3/env/tools/gnu_gcc/arm_gcc/mingw/bin/../lib/gcc/arm-none-eabi/5.4.1/../../../../arm-none-eabi/lib/armv7-ar/thumb/softfp\libc.a(lib_a-putenv.o)
                0x80123d70                putenv
 .text._putenv_r
                0x80123d80       0x44 d:/env_released_1.1.3/env/tools/gnu_gcc/arm_gcc/mingw/bin/../lib/gcc/arm-none-eabi/5.4.1/../../../../arm-none-eabi/lib/armv7-ar/thumb/softfp\libc.a(lib_a-putenv_r.o)
                0x80123d80                _putenv_r
 .text._puts_r  0x80123dc4       0x6c d:/env_released_1.1.3/env/tools/gnu_gcc/arm_gcc/mingw/bin/../lib/gcc/arm-none-eabi/5.4.1/../../../../arm-none-eabi/lib/armv7-ar/thumb/softfp\libc.a(lib_a-puts.o)
                0x80123dc4                _puts_r
 .text.puts     0x80123e30       0x10 d:/env_released_1.1.3/env/tools/gnu_gcc/arm_gcc/mingw/bin/../lib/gcc/arm-none-eabi/5.4.1/../../../../arm-none-eabi/lib/armv7-ar/thumb/softfp\libc.a(lib_a-puts.o)
                0x80123e30                puts
 .text.lflush   0x80123e40       0x14 d:/env_released_1.1.3/env/tools/gnu_gcc/arm_gcc/mingw/bin/../lib/gcc/arm-none-eabi/5.4.1/../../../../arm-none-eabi/lib/armv7-ar/thumb/softfp\libc.a(lib_a-refill.o)
 .text.__srefill_r
                0x80123e54      0x11c d:/env_released_1.1.3/env/tools/gnu_gcc/arm_gcc/mingw/bin/../lib/gcc/arm-none-eabi/5.4.1/../../../../arm-none-eabi/lib/armv7-ar/thumb/softfp\libc.a(lib_a-refill.o)
                0x80123e54                __srefill_r
 .text.__srget_r
                0x80123f70       0x34 d:/env_released_1.1.3/env/tools/gnu_gcc/arm_gcc/mingw/bin/../lib/gcc/arm-none-eabi/5.4.1/../../../../arm-none-eabi/lib/armv7-ar/thumb/softfp\libc.a(lib_a-rget.o)
                0x80123f70                __srget_r
 .text._setenv_r
                0x80123fa4      0x188 d:/env_released_1.1.3/env/tools/gnu_gcc/arm_gcc/mingw/bin/../lib/gcc/arm-none-eabi/5.4.1/../../../../arm-none-eabi/lib/armv7-ar/thumb/softfp\libc.a(lib_a-setenv_r.o)
                0x80123fa4                _setenv_r
 .text.setvbuf  0x8012412c      0x154 d:/env_released_1.1.3/env/tools/gnu_gcc/arm_gcc/mingw/bin/../lib/gcc/arm-none-eabi/5.4.1/../../../../arm-none-eabi/lib/armv7-ar/thumb/softfp\libc.a(lib_a-setvbuf.o)
                0x8012412c                setvbuf
 .text.snprintf
                0x80124280       0x8c d:/env_released_1.1.3/env/tools/gnu_gcc/arm_gcc/mingw/bin/../lib/gcc/arm-none-eabi/5.4.1/../../../../arm-none-eabi/lib/armv7-ar/thumb/softfp\libc.a(lib_a-snprintf.o)
                0x80124280                snprintf
 .text.__sread  0x8012430c       0x24 d:/env_released_1.1.3/env/tools/gnu_gcc/arm_gcc/mingw/bin/../lib/gcc/arm-none-eabi/5.4.1/../../../../arm-none-eabi/lib/armv7-ar/thumb/softfp\libc.a(lib_a-stdio.o)
                0x8012430c                __sread
 .text.__swrite
                0x80124330       0x3c d:/env_released_1.1.3/env/tools/gnu_gcc/arm_gcc/mingw/bin/../lib/gcc/arm-none-eabi/5.4.1/../../../../arm-none-eabi/lib/armv7-ar/thumb/softfp\libc.a(lib_a-stdio.o)
                0x80124330                __swrite
 .text.__sseek  0x8012436c       0x20 d:/env_released_1.1.3/env/tools/gnu_gcc/arm_gcc/mingw/bin/../lib/gcc/arm-none-eabi/5.4.1/../../../../arm-none-eabi/lib/armv7-ar/thumb/softfp\libc.a(lib_a-stdio.o)
                0x8012436c                __sseek
 .text.__sclose
                0x8012438c        0x8 d:/env_released_1.1.3/env/tools/gnu_gcc/arm_gcc/mingw/bin/../lib/gcc/arm-none-eabi/5.4.1/../../../../arm-none-eabi/lib/armv7-ar/thumb/softfp\libc.a(lib_a-stdio.o)
                0x8012438c                __sclose
 .text.strchr   0x80124394       0xec d:/env_released_1.1.3/env/tools/gnu_gcc/arm_gcc/mingw/bin/../lib/gcc/arm-none-eabi/5.4.1/../../../../arm-none-eabi/lib/armv7-ar/thumb/softfp\libc.a(lib_a-strchr.o)
                0x80124394                strchr
 .text.strcpy   0x80124480       0xbc d:/env_released_1.1.3/env/tools/gnu_gcc/arm_gcc/mingw/bin/../lib/gcc/arm-none-eabi/5.4.1/../../../../arm-none-eabi/lib/armv7-ar/thumb/softfp\libc.a(lib_a-strcpy.o)
                0x80124480                strcpy
 .text._strdup_r
                0x8012453c       0x28 d:/env_released_1.1.3/env/tools/gnu_gcc/arm_gcc/mingw/bin/../lib/gcc/arm-none-eabi/5.4.1/../../../../arm-none-eabi/lib/armv7-ar/thumb/softfp\libc.a(lib_a-strdup_r.o)
                0x8012453c                _strdup_r
 .text.strlen   0x80124564       0x5c d:/env_released_1.1.3/env/tools/gnu_gcc/arm_gcc/mingw/bin/../lib/gcc/arm-none-eabi/5.4.1/../../../../arm-none-eabi/lib/armv7-ar/thumb/softfp\libc.a(lib_a-strlen-stub.o)
                0x80124564                strlen
 .text.strncmp  0x801245c0       0xa0 d:/env_released_1.1.3/env/tools/gnu_gcc/arm_gcc/mingw/bin/../lib/gcc/arm-none-eabi/5.4.1/../../../../arm-none-eabi/lib/armv7-ar/thumb/softfp\libc.a(lib_a-strncmp.o)
                0x801245c0                strncmp
 .text.strncpy  0x80124660       0x70 d:/env_released_1.1.3/env/tools/gnu_gcc/arm_gcc/mingw/bin/../lib/gcc/arm-none-eabi/5.4.1/../../../../arm-none-eabi/lib/armv7-ar/thumb/softfp\libc.a(lib_a-strncpy.o)
                0x80124660                strncpy
 .text.strrchr  0x801246d0       0x24 d:/env_released_1.1.3/env/tools/gnu_gcc/arm_gcc/mingw/bin/../lib/gcc/arm-none-eabi/5.4.1/../../../../arm-none-eabi/lib/armv7-ar/thumb/softfp\libc.a(lib_a-strrchr.o)
                0x801246d0                strrchr
 .text.critical_factorization
                0x801246f4       0xb8 d:/env_released_1.1.3/env/tools/gnu_gcc/arm_gcc/mingw/bin/../lib/gcc/arm-none-eabi/5.4.1/../../../../arm-none-eabi/lib/armv7-ar/thumb/softfp\libc.a(lib_a-strstr.o)
 .text.two_way_long_needle
                0x801247ac      0x214 d:/env_released_1.1.3/env/tools/gnu_gcc/arm_gcc/mingw/bin/../lib/gcc/arm-none-eabi/5.4.1/../../../../arm-none-eabi/lib/armv7-ar/thumb/softfp\libc.a(lib_a-strstr.o)
 .text.strstr   0x801249c0      0x220 d:/env_released_1.1.3/env/tools/gnu_gcc/arm_gcc/mingw/bin/../lib/gcc/arm-none-eabi/5.4.1/../../../../arm-none-eabi/lib/armv7-ar/thumb/softfp\libc.a(lib_a-strstr.o)
                0x801249c0                strstr
 .text._strtol_l.isra.0
                0x80124be0      0x144 d:/env_released_1.1.3/env/tools/gnu_gcc/arm_gcc/mingw/bin/../lib/gcc/arm-none-eabi/5.4.1/../../../../arm-none-eabi/lib/armv7-ar/thumb/softfp\libc.a(lib_a-strtol.o)
 .text.strtol   0x80124d24       0x30 d:/env_released_1.1.3/env/tools/gnu_gcc/arm_gcc/mingw/bin/../lib/gcc/arm-none-eabi/5.4.1/../../../../arm-none-eabi/lib/armv7-ar/thumb/softfp\libc.a(lib_a-strtol.o)
                0x80124d24                strtol
 *fill*         0x80124d54        0x4 00000000
 .text._svfprintf_r
                0x80124d58     0x1770 d:/env_released_1.1.3/env/tools/gnu_gcc/arm_gcc/mingw/bin/../lib/gcc/arm-none-eabi/5.4.1/../../../../arm-none-eabi/lib/armv7-ar/thumb/softfp\libc.a(lib_a-svfprintf.o)
                0x80124d58                _svfprintf_r
 .text.__swsetup_r
                0x801264c8       0xc8 d:/env_released_1.1.3/env/tools/gnu_gcc/arm_gcc/mingw/bin/../lib/gcc/arm-none-eabi/5.4.1/../../../../arm-none-eabi/lib/armv7-ar/thumb/softfp\libc.a(lib_a-wsetup.o)
                0x801264c8                __swsetup_r
 .text.quorem   0x80126590      0x140 d:/env_released_1.1.3/env/tools/gnu_gcc/arm_gcc/mingw/bin/../lib/gcc/arm-none-eabi/5.4.1/../../../../arm-none-eabi/lib/armv7-ar/thumb/softfp\libc.a(lib_a-dtoa.o)
 .text._dtoa_r  0x801266d0      0xd1c d:/env_released_1.1.3/env/tools/gnu_gcc/arm_gcc/mingw/bin/../lib/gcc/arm-none-eabi/5.4.1/../../../../arm-none-eabi/lib/armv7-ar/thumb/softfp\libc.a(lib_a-dtoa.o)
                0x801266d0                _dtoa_r
 .text.__env_lock
                0x801273ec        0x4 d:/env_released_1.1.3/env/tools/gnu_gcc/arm_gcc/mingw/bin/../lib/gcc/arm-none-eabi/5.4.1/../../../../arm-none-eabi/lib/armv7-ar/thumb/softfp\libc.a(lib_a-envlock.o)
                0x801273ec                __env_lock
 .text.__env_unlock
                0x801273f0        0x4 d:/env_released_1.1.3/env/tools/gnu_gcc/arm_gcc/mingw/bin/../lib/gcc/arm-none-eabi/5.4.1/../../../../arm-none-eabi/lib/armv7-ar/thumb/softfp\libc.a(lib_a-envlock.o)
                0x801273f0                __env_unlock
 .text.__sflags
                0x801273f4       0x78 d:/env_released_1.1.3/env/tools/gnu_gcc/arm_gcc/mingw/bin/../lib/gcc/arm-none-eabi/5.4.1/../../../../arm-none-eabi/lib/armv7-ar/thumb/softfp\libc.a(lib_a-flags.o)
                0x801273f4                __sflags
 .text.__sfvwrite_r
                0x8012746c      0x324 d:/env_released_1.1.3/env/tools/gnu_gcc/arm_gcc/mingw/bin/../lib/gcc/arm-none-eabi/5.4.1/../../../../arm-none-eabi/lib/armv7-ar/thumb/softfp\libc.a(lib_a-fvwrite.o)
                0x8012746c                __sfvwrite_r
 .text._findenv_r
                0x80127790       0x88 d:/env_released_1.1.3/env/tools/gnu_gcc/arm_gcc/mingw/bin/../lib/gcc/arm-none-eabi/5.4.1/../../../../arm-none-eabi/lib/armv7-ar/thumb/softfp\libc.a(lib_a-getenv_r.o)
                0x80127790                _findenv_r
 .text.__locale_ctype_ptr_l
                0x80127818        0x8 d:/env_released_1.1.3/env/tools/gnu_gcc/arm_gcc/mingw/bin/../lib/gcc/arm-none-eabi/5.4.1/../../../../arm-none-eabi/lib/armv7-ar/thumb/softfp\libc.a(lib_a-locale.o)
                0x80127818                __locale_ctype_ptr_l
 .text._localeconv_r
                0x80127820       0x20 d:/env_released_1.1.3/env/tools/gnu_gcc/arm_gcc/mingw/bin/../lib/gcc/arm-none-eabi/5.4.1/../../../../arm-none-eabi/lib/armv7-ar/thumb/softfp\libc.a(lib_a-localeconv.o)
                0x80127820                _localeconv_r
 .text.malloc   0x80127840       0x10 d:/env_released_1.1.3/env/tools/gnu_gcc/arm_gcc/mingw/bin/../lib/gcc/arm-none-eabi/5.4.1/../../../../arm-none-eabi/lib/armv7-ar/thumb/softfp\libc.a(lib_a-malloc.o)
                0x80127840                malloc
 .text.__ascii_mbtowc
                0x80127850       0x2c d:/env_released_1.1.3/env/tools/gnu_gcc/arm_gcc/mingw/bin/../lib/gcc/arm-none-eabi/5.4.1/../../../../arm-none-eabi/lib/armv7-ar/thumb/softfp\libc.a(lib_a-mbtowc_r.o)
                0x80127850                __ascii_mbtowc
 .text.memchr   0x8012787c       0x8c d:/env_released_1.1.3/env/tools/gnu_gcc/arm_gcc/mingw/bin/../lib/gcc/arm-none-eabi/5.4.1/../../../../arm-none-eabi/lib/armv7-ar/thumb/softfp\libc.a(lib_a-memchr-stub.o)
                0x8012787c                memchr
 .text.memmove  0x80127908       0xc4 d:/env_released_1.1.3/env/tools/gnu_gcc/arm_gcc/mingw/bin/../lib/gcc/arm-none-eabi/5.4.1/../../../../arm-none-eabi/lib/armv7-ar/thumb/softfp\libc.a(lib_a-memmove.o)
                0x80127908                memmove
 .text._Balloc  0x801279cc       0x50 d:/env_released_1.1.3/env/tools/gnu_gcc/arm_gcc/mingw/bin/../lib/gcc/arm-none-eabi/5.4.1/../../../../arm-none-eabi/lib/armv7-ar/thumb/softfp\libc.a(lib_a-mprec.o)
                0x801279cc                _Balloc
 .text._Bfree   0x80127a1c       0x14 d:/env_released_1.1.3/env/tools/gnu_gcc/arm_gcc/mingw/bin/../lib/gcc/arm-none-eabi/5.4.1/../../../../arm-none-eabi/lib/armv7-ar/thumb/softfp\libc.a(lib_a-mprec.o)
                0x80127a1c                _Bfree
 .text.__multadd
                0x80127a30       0x88 d:/env_released_1.1.3/env/tools/gnu_gcc/arm_gcc/mingw/bin/../lib/gcc/arm-none-eabi/5.4.1/../../../../arm-none-eabi/lib/armv7-ar/thumb/softfp\libc.a(lib_a-mprec.o)
                0x80127a30                __multadd
 .text.__hi0bits
                0x80127ab8       0x40 d:/env_released_1.1.3/env/tools/gnu_gcc/arm_gcc/mingw/bin/../lib/gcc/arm-none-eabi/5.4.1/../../../../arm-none-eabi/lib/armv7-ar/thumb/softfp\libc.a(lib_a-mprec.o)
                0x80127ab8                __hi0bits
 .text.__lo0bits
                0x80127af8       0x58 d:/env_released_1.1.3/env/tools/gnu_gcc/arm_gcc/mingw/bin/../lib/gcc/arm-none-eabi/5.4.1/../../../../arm-none-eabi/lib/armv7-ar/thumb/softfp\libc.a(lib_a-mprec.o)
                0x80127af8                __lo0bits
 .text.__i2b    0x80127b50       0x14 d:/env_released_1.1.3/env/tools/gnu_gcc/arm_gcc/mingw/bin/../lib/gcc/arm-none-eabi/5.4.1/../../../../arm-none-eabi/lib/armv7-ar/thumb/softfp\libc.a(lib_a-mprec.o)
                0x80127b50                __i2b
 .text.__multiply
                0x80127b64      0x14c d:/env_released_1.1.3/env/tools/gnu_gcc/arm_gcc/mingw/bin/../lib/gcc/arm-none-eabi/5.4.1/../../../../arm-none-eabi/lib/armv7-ar/thumb/softfp\libc.a(lib_a-mprec.o)
                0x80127b64                __multiply
 .text.__pow5mult
                0x80127cb0       0xa4 d:/env_released_1.1.3/env/tools/gnu_gcc/arm_gcc/mingw/bin/../lib/gcc/arm-none-eabi/5.4.1/../../../../arm-none-eabi/lib/armv7-ar/thumb/softfp\libc.a(lib_a-mprec.o)
                0x80127cb0                __pow5mult
 .text.__lshift
                0x80127d54       0xb0 d:/env_released_1.1.3/env/tools/gnu_gcc/arm_gcc/mingw/bin/../lib/gcc/arm-none-eabi/5.4.1/../../../../arm-none-eabi/lib/armv7-ar/thumb/softfp\libc.a(lib_a-mprec.o)
                0x80127d54                __lshift
 .text.__mcmp   0x80127e04       0x44 d:/env_released_1.1.3/env/tools/gnu_gcc/arm_gcc/mingw/bin/../lib/gcc/arm-none-eabi/5.4.1/../../../../arm-none-eabi/lib/armv7-ar/thumb/softfp\libc.a(lib_a-mprec.o)
                0x80127e04                __mcmp
 .text.__mdiff  0x80127e48      0x124 d:/env_released_1.1.3/env/tools/gnu_gcc/arm_gcc/mingw/bin/../lib/gcc/arm-none-eabi/5.4.1/../../../../arm-none-eabi/lib/armv7-ar/thumb/softfp\libc.a(lib_a-mprec.o)
                0x80127e48                __mdiff
 .text.__d2b    0x80127f6c       0xb8 d:/env_released_1.1.3/env/tools/gnu_gcc/arm_gcc/mingw/bin/../lib/gcc/arm-none-eabi/5.4.1/../../../../arm-none-eabi/lib/armv7-ar/thumb/softfp\libc.a(lib_a-mprec.o)
                0x80127f6c                __d2b
 .text.__ssprint_r
                0x80128024      0x108 d:/env_released_1.1.3/env/tools/gnu_gcc/arm_gcc/mingw/bin/../lib/gcc/arm-none-eabi/5.4.1/../../../../arm-none-eabi/lib/armv7-ar/thumb/softfp\libc.a(lib_a-svfiprintf.o)
                0x80128024                __ssprint_r
 .text.__ascii_wctomb
                0x8012812c       0x18 d:/env_released_1.1.3/env/tools/gnu_gcc/arm_gcc/mingw/bin/../lib/gcc/arm-none-eabi/5.4.1/../../../../arm-none-eabi/lib/armv7-ar/thumb/softfp\libc.a(lib_a-wctomb_r.o)
                0x8012812c                __ascii_wctomb
 *fill*         0x80128144        0x4 00000000
 .text.__ascii_wctomb.__stub
                0x80128148       0x18 linker stubs
                0x80128160                . = ALIGN (0x4)
                0x80128160                __fsymtab_start = .
 *(FSymTab)
 FSymTab        0x80128160        0xc build\kernel\src\mem.o
                0x80128160                __fsym_list_mem
 FSymTab        0x8012816c        0xc build\kernel\libcpu\arm\cortex-a\gic.o
                0x8012816c                __fsym_gic
 FSymTab        0x80128178        0xc build\kernel\components\dfs\src\dfs.o
                0x80128178                __fsym___cmd_list_fd
 FSymTab        0x80128184       0x30 build\kernel\components\dfs\src\dfs_file.o
                0x80128184                __fsym_ls
                0x80128190                __fsym_rm
                0x8012819c                __fsym_cat
                0x801281a8                __fsym_copy
 FSymTab        0x801281b4       0x18 build\kernel\components\dfs\src\dfs_fs.o
                0x801281b4                __fsym_mkfs
                0x801281c0                __fsym_df
 FSymTab        0x801281cc       0x18 build\kernel\components\dfs\src\dfs_posix.o
                0x801281cc                __fsym_mkdir
                0x801281d8                __fsym_cd
 FSymTab        0x801281e4       0x24 build\kernel\components\drivers\misc\pin.o
                0x801281e4                __fsym_pinMode
                0x801281f0                __fsym_pinWrite
                0x801281fc                __fsym_pinRead
 FSymTab        0x80128208      0x120 build\kernel\components\finsh\cmd.o
                0x80128208                __fsym_hello
                0x80128214                __fsym_clear
                0x80128220                __fsym___cmd_clear
                0x8012822c                __fsym_version
                0x80128238                __fsym___cmd_version
                0x80128244                __fsym_list_thread
                0x80128250                __fsym___cmd_list_thread
                0x8012825c                __fsym_list_sem
                0x80128268                __fsym___cmd_list_sem
                0x80128274                __fsym_list_event
                0x80128280                __fsym___cmd_list_event
                0x8012828c                __fsym_list_mutex
                0x80128298                __fsym___cmd_list_mutex
                0x801282a4                __fsym_list_mailbox
                0x801282b0                __fsym___cmd_list_mailbox
                0x801282bc                __fsym_list_msgqueue
                0x801282c8                __fsym___cmd_list_msgqueue
                0x801282d4                __fsym_list_mempool
                0x801282e0                __fsym___cmd_list_mempool
                0x801282ec                __fsym_list_timer
                0x801282f8                __fsym___cmd_list_timer
                0x80128304                __fsym_list_device
                0x80128310                __fsym___cmd_list_device
                0x8012831c                __fsym_list
 FSymTab        0x80128328       0x3c build\kernel\components\finsh\msh.o
                0x80128328                __fsym___cmd_exit
                0x80128334                __fsym_msh
                0x80128340                __fsym___cmd_help
                0x8012834c                __fsym___cmd_ps
                0x80128358                __fsym___cmd_free
 FSymTab        0x80128364       0x84 build\kernel\components\finsh\msh_file.o
                0x80128364                __fsym___cmd_ls
                0x80128370                __fsym___cmd_cp
                0x8012837c                __fsym___cmd_mv
                0x80128388                __fsym___cmd_cat
                0x80128394                __fsym___cmd_rm
                0x801283a0                __fsym___cmd_cd
                0x801283ac                __fsym___cmd_pwd
                0x801283b8                __fsym___cmd_mkdir
                0x801283c4                __fsym___cmd_mkfs
                0x801283d0                __fsym___cmd_df
                0x801283dc                __fsym___cmd_echo
                0x801283e8                __fsymtab_end = .
                0x801283e8                . = ALIGN (0x4)
                0x801283e8                __vsymtab_start = .
 *(VSymTab)
 VSymTab        0x801283e8       0x10 build\kernel\components\finsh\cmd.o
                0x801283e8                __vsym_dummy
                0x801283f8                __vsymtab_end = .
                0x801283f8                . = ALIGN (0x4)
                0x801283f8                . = ALIGN (0x4)
                0x801283f8                __rtmsymtab_start = .
 *(RTMSymTab)
                0x801283f8                __rtmsymtab_end = .
                0x801283f8                . = ALIGN (0x4)
                0x801283f8                __rt_init_start = .
 *(SORT(.rti_fn*))
 .rti_fn.0      0x801283f8        0x4 build\kernel\src\components.o
                0x801283f8                __rt_init_rti_start
 .rti_fn.0.end  0x801283fc        0x4 build\kernel\src\components.o
                0x801283fc                __rt_init_rti_board_start
 .rti_fn.1      0x80128400        0x4 build\drivers\board.o
                0x80128400                __rt_init_rt_hw_timer_init
 .rti_fn.1.end  0x80128404        0x4 build\kernel\src\components.o
                0x80128404                __rt_init_rti_board_end
 .rti_fn.2      0x80128408        0x4 build\kernel\components\dfs\src\dfs.o
                0x80128408                __rt_init_dfs_init
 .rti_fn.4      0x8012840c        0x4 build\kernel\components\libc\compilers\newlib\libc.o
                0x8012840c                __rt_init_libc_system_init
 .rti_fn.6      0x80128410        0x4 build\kernel\components\finsh\shell.o
                0x80128410                __rt_init_finsh_system_init
 .rti_fn.6.end  0x80128414        0x4 build\kernel\src\components.o
                0x80128414                __rt_init_rti_end
                0x80128418                __rt_init_end = .
                0x80128418                __text_end = .
                0x80128418                __rodata_start = .

.glue_7         0x80128418        0x0
 .glue_7        0x80128418        0x0 linker stubs

.glue_7t        0x80128418        0x0
 .glue_7t       0x80128418        0x0 linker stubs

.vfp11_veneer   0x80128418        0x0
 .vfp11_veneer  0x80128418        0x0 linker stubs

.v4_bx          0x80128418        0x0
 .v4_bx         0x80128418        0x0 linker stubs

.init           0x80128418        0x4
 .init          0x80128418        0x4 d:/env_released_1.1.3/env/tools/gnu_gcc/arm_gcc/mingw/bin/../lib/gcc/arm-none-eabi/5.4.1/armv7-ar/thumb/softfp/crti.o
                0x80128418                _init

.fini           0x8012841c        0x4
 .fini          0x8012841c        0x4 d:/env_released_1.1.3/env/tools/gnu_gcc/arm_gcc/mingw/bin/../lib/gcc/arm-none-eabi/5.4.1/armv7-ar/thumb/softfp/crti.o
                0x8012841c                _fini

.iplt           0x80128420        0x0
 .iplt          0x80128420        0x0 d:/env_released_1.1.3/env/tools/gnu_gcc/arm_gcc/mingw/bin/../lib/gcc/arm-none-eabi/5.4.1/armv7-ar/thumb/softfp/crtbegin.o

.rodata         0x80128420     0x37c5
 *(.rodata)
 .rodata        0x80128420       0x5d build\applications\application.o
 *fill*         0x8012847d        0x3 
 .rodata        0x80128480       0x11 build\drivers\board.o
                0x80128480                platform_mem_desc_size
 *fill*         0x80128491        0x3 
 .rodata        0x80128494        0x8 build\platform\drivers\epit.o
 .rodata        0x8012849c       0x45 build\platform\cpu\ccm_pll2.o
                0x8012849c                PLL2_OUTPUT
                0x801284ac                PLL3_OUTPUT
                0x801284c0                PLL4_OUTPUT
                0x801284c4                PLL5_OUTPUT
 *fill*         0x801284e1        0x3 
 .rodata        0x801284e4      0x206 build\kernel\src\device.o
 *fill*         0x801286ea        0x2 
 .rodata        0x801286ec       0x4a build\kernel\src\idle.o
 *fill*         0x80128736        0x2 
 .rodata        0x80128738      0x6aa build\kernel\src\ipc.o
 *fill*         0x80128de2        0x2 
 .rodata        0x80128de4      0x1ed build\kernel\src\kservice.o
                0x80128e74                __lowest_bit_bitmap
 *fill*         0x80128fd1        0x3 
 .rodata        0x80128fd4      0x33c build\kernel\src\mem.o
 .rodata        0x80129310      0x11f build\kernel\src\object.o
 *fill*         0x8012942f        0x1 
 .rodata        0x80129430       0xba build\kernel\src\scheduler.o
 *fill*         0x801294ea        0x2 
 .rodata        0x801294ec      0x29b build\kernel\src\thread.o
 *fill*         0x80129787        0x1 
 .rodata        0x80129788      0x139 build\kernel\src\timer.o
 *fill*         0x801298c1        0x3 
 .rodata        0x801298c4       0x27 build\kernel\libcpu\arm\cortex-a\cpu.o
 *fill*         0x801298eb        0x1 
 .rodata        0x801298ec      0x1c2 build\kernel\libcpu\arm\cortex-a\gic.o
 *fill*         0x80129aae        0x2 
 .rodata        0x80129ab0      0x104 build\kernel\libcpu\arm\cortex-a\mmu.o
 .rodata        0x80129bb4      0x13c build\kernel\libcpu\arm\cortex-a\trap.o
 .rodata        0x80129cf0      0x157 build\kernel\components\dfs\src\dfs.o
 *fill*         0x80129e47        0x1 
 .rodata        0x80129e48      0x1cc build\kernel\components\dfs\src\dfs_file.o
 .rodata        0x8012a014      0x1f9 build\kernel\components\dfs\src\dfs_fs.o
 *fill*         0x8012a20d        0x3 
 .rodata        0x8012a210        0x4 build\kernel\components\dfs\src\dfs_posix.o
 .rodata        0x8012a214      0x123 build\kernel\components\dfs\filesystems\devfs\devfs.o
 *fill*         0x8012a337        0x1 
 .rodata        0x8012a338       0xb4 build\kernel\components\drivers\misc\pin.o
 .rodata        0x8012a3ec       0xf3 build\kernel\components\finsh\shell.o
 *fill*         0x8012a4df        0x1 
 .rodata        0x8012a4e0      0x6d8 build\kernel\components\finsh\cmd.o
 .rodata        0x8012abb8       0x92 build\kernel\components\finsh\msh.o
 *fill*         0x8012ac4a        0x2 
 .rodata        0x8012ac4c      0x229 build\kernel\components\finsh\msh_file.o
 *fill*         0x8012ae75        0x3 
 .rodata        0x8012ae78       0xf2 build\kernel\components\finsh\finsh_error.o
 *fill*         0x8012af6a        0x2 
 .rodata        0x8012af6c       0xc4 build\kernel\components\finsh\finsh_ops.o
                0x8012af6c                op_table
 .rodata        0x8012b030       0x80 build\kernel\components\finsh\finsh_token.o
 .rodata        0x8012b0b0       0x17 build\kernel\components\libc\compilers\newlib\libc.o
 *fill*         0x8012b0c7        0x1 
 .rodata        0x8012b0c8       0x13 build\kernel\components\libc\compilers\newlib\stdio.o
 *fill*         0x8012b0db        0x1 
 .rodata        0x8012b0dc       0x5d build\kernel\components\libc\compilers\newlib\syscalls.o
 *(.rodata.*)
 *fill*         0x8012b139        0x3 
 .rodata.name   0x8012b13c       0x2a build\kernel\src\mem.o
                0x8012b13c                __fsym_list_mem_name
                0x8012b148                __fsym_list_mem_desc
 *fill*         0x8012b166        0x2 
 .rodata.name   0x8012b168       0x14 build\kernel\libcpu\arm\cortex-a\gic.o
                0x8012b168                __fsym_gic_name
                0x8012b16c                __fsym_gic_desc
 .rodata.name   0x8012b17c       0x25 build\kernel\components\dfs\src\dfs.o
                0x8012b17c                __fsym___cmd_list_fd_name
                0x8012b18c                __fsym___cmd_list_fd_desc
 *fill*         0x8012b1a1        0x3 
 .rodata.name   0x8012b1a4       0x65 build\kernel\components\dfs\src\dfs_file.o
                0x8012b1a4                __fsym_ls_name
                0x8012b1a8                __fsym_ls_desc
                0x8012b1c0                __fsym_rm_name
                0x8012b1c4                __fsym_rm_desc
                0x8012b1e0                __fsym_cat_name
                0x8012b1e4                __fsym_cat_desc
                0x8012b1f0                __fsym_copy_name
                0x8012b1f8                __fsym_copy_desc
 *fill*         0x8012b209        0x3 
 .rodata.name   0x8012b20c       0x2e build\kernel\components\dfs\src\dfs_fs.o
                0x8012b20c                __fsym_mkfs_name
                0x8012b214                __fsym_mkfs_desc
                0x8012b228                __fsym_df_name
                0x8012b22c                __fsym_df_desc
 *fill*         0x8012b23a        0x2 
 .rodata.name   0x8012b23c       0x41 build\kernel\components\dfs\src\dfs_posix.o
                0x8012b23c                __fsym_mkdir_name
                0x8012b244                __fsym_mkdir_desc
                0x8012b258                __fsym_cd_name
                0x8012b25c                __fsym_cd_desc
 *fill*         0x8012b27d        0x3 
 .rodata.name   0x8012b280       0x6e build\kernel\components\drivers\misc\pin.o
                0x8012b280                __fsym_pinMode_name
                0x8012b288                __fsym_pinMode_desc
                0x8012b2a0                __fsym_pinWrite_name
                0x8012b2ac                __fsym_pinWrite_desc
                0x8012b2c8                __fsym_pinRead_name
                0x8012b2d0                __fsym_pinRead_desc
 *fill*         0x8012b2ee        0x2 
 .rodata.name   0x8012b2f0      0x3e9 build\kernel\components\finsh\cmd.o
                0x8012b2f0                __fsym_hello_name
                0x8012b2f8                __fsym_hello_desc
                0x8012b308                __fsym_clear_name
                0x8012b310                __fsym_clear_desc
                0x8012b32c                __fsym___cmd_clear_name
                0x8012b338                __fsym___cmd_clear_desc
                0x8012b354                __fsym_version_name
                0x8012b35c                __fsym_version_desc
                0x8012b380                __fsym___cmd_version_name
                0x8012b390                __fsym___cmd_version_desc
                0x8012b3b4                __fsym_list_thread_name
                0x8012b3c0                __fsym_list_thread_desc
                0x8012b3cc                __fsym___cmd_list_thread_name
                0x8012b3e0                __fsym___cmd_list_thread_desc
                0x8012b3ec                __fsym_list_sem_name
                0x8012b3f8                __fsym_list_sem_desc
                0x8012b414                __fsym___cmd_list_sem_name
                0x8012b424                __fsym___cmd_list_sem_desc
                0x8012b440                __fsym_list_event_name
                0x8012b44c                __fsym_list_event_desc
                0x8012b464                __fsym___cmd_list_event_name
                0x8012b478                __fsym___cmd_list_event_desc
                0x8012b490                __fsym_list_mutex_name
                0x8012b49c                __fsym_list_mutex_desc
                0x8012b4b4                __fsym___cmd_list_mutex_name
                0x8012b4c8                __fsym___cmd_list_mutex_desc
                0x8012b4e0                __fsym_list_mailbox_name
                0x8012b4f0                __fsym_list_mailbox_desc
                0x8012b508                __fsym___cmd_list_mailbox_name
                0x8012b51c                __fsym___cmd_list_mailbox_desc
                0x8012b534                __fsym_list_msgqueue_name
                0x8012b544                __fsym_list_msgqueue_desc
                0x8012b564                __fsym___cmd_list_msgqueue_name
                0x8012b578                __fsym___cmd_list_msgqueue_desc
                0x8012b598                __fsym_list_mempool_name
                0x8012b5a8                __fsym_list_mempool_desc
                0x8012b5c4                __fsym___cmd_list_mempool_name
                0x8012b5d8                __fsym___cmd_list_mempool_desc
                0x8012b5f4                __fsym_list_timer_name
                0x8012b600                __fsym_list_timer_desc
                0x8012b618                __fsym___cmd_list_timer_name
                0x8012b62c                __fsym___cmd_list_timer_desc
                0x8012b644                __fsym_list_device_name
                0x8012b650                __fsym_list_device_desc
                0x8012b668                __fsym___cmd_list_device_name
                0x8012b67c                __fsym___cmd_list_device_desc
                0x8012b694                __fsym_list_name
                0x8012b69c                __fsym_list_desc
                0x8012b6b8                __vsym_dummy_name
                0x8012b6c0                __vsym_dummy_desc
 *fill*         0x8012b6d9        0x3 
 .rodata.name   0x8012b6dc       0xc1 build\kernel\components\finsh\msh.o
                0x8012b6dc                __fsym___cmd_exit_name
                0x8012b6e8                __fsym___cmd_exit_desc
                0x8012b708                __fsym_msh_name
                0x8012b70c                __fsym_msh_desc
                0x8012b720                __fsym___cmd_help_name
                0x8012b72c                __fsym___cmd_help_desc
                0x8012b744                __fsym___cmd_ps_name
                0x8012b750                __fsym___cmd_ps_desc
                0x8012b76c                __fsym___cmd_free_name
                0x8012b778                __fsym___cmd_free_desc
 *fill*         0x8012b79d        0x3 
 .rodata.name   0x8012b7a0      0x1b8 build\kernel\components\finsh\msh_file.o
                0x8012b7a0                __fsym___cmd_ls_name
                0x8012b7ac                __fsym___cmd_ls_desc
                0x8012b7d0                __fsym___cmd_cp_name
                0x8012b7dc                __fsym___cmd_cp_desc
                0x8012b7f4                __fsym___cmd_mv_name
                0x8012b800                __fsym___cmd_mv_desc
                0x8012b818                __fsym___cmd_cat_name
                0x8012b824                __fsym___cmd_cat_desc
                0x8012b838                __fsym___cmd_rm_name
                0x8012b844                __fsym___cmd_rm_desc
                0x8012b860                __fsym___cmd_cd_name
                0x8012b86c                __fsym___cmd_cd_desc
                0x8012b890                __fsym___cmd_pwd_name
                0x8012b89c                __fsym___cmd_pwd_desc
                0x8012b8d0                __fsym___cmd_mkdir_name
                0x8012b8dc                __fsym___cmd_mkdir_desc
                0x8012b8f4                __fsym___cmd_mkfs_name
                0x8012b900                __fsym___cmd_mkfs_desc
                0x8012b920                __fsym___cmd_df_name
                0x8012b92c                __fsym___cmd_df_desc
                0x8012b938                __fsym___cmd_echo_name
                0x8012b944                __fsym___cmd_echo_desc
 .rodata._global_impure_ptr
                0x8012b958        0x4 d:/env_released_1.1.3/env/tools/gnu_gcc/arm_gcc/mingw/bin/../lib/gcc/arm-none-eabi/5.4.1/../../../../arm-none-eabi/lib/armv7-ar/thumb/softfp\libc.a(lib_a-impure.o)
                0x8012b958                _global_impure_ptr
 .rodata.str1.4
                0x8012b95c        0x2 d:/env_released_1.1.3/env/tools/gnu_gcc/arm_gcc/mingw/bin/../lib/gcc/arm-none-eabi/5.4.1/../../../../arm-none-eabi/lib/armv7-ar/thumb/softfp\libc.a(lib_a-puts.o)
 *fill*         0x8012b95e        0x2 
 .rodata.zeroes.7258
                0x8012b960       0x10 d:/env_released_1.1.3/env/tools/gnu_gcc/arm_gcc/mingw/bin/../lib/gcc/arm-none-eabi/5.4.1/../../../../arm-none-eabi/lib/armv7-ar/thumb/softfp\libc.a(lib_a-svfprintf.o)
 .rodata.str1.4
                0x8012b970       0x42 d:/env_released_1.1.3/env/tools/gnu_gcc/arm_gcc/mingw/bin/../lib/gcc/arm-none-eabi/5.4.1/../../../../arm-none-eabi/lib/armv7-ar/thumb/softfp\libc.a(lib_a-svfprintf.o)
 *fill*         0x8012b9b2        0x2 
 .rodata.blanks.7257
                0x8012b9b4       0x10 d:/env_released_1.1.3/env/tools/gnu_gcc/arm_gcc/mingw/bin/../lib/gcc/arm-none-eabi/5.4.1/../../../../arm-none-eabi/lib/armv7-ar/thumb/softfp\libc.a(lib_a-svfprintf.o)
 .rodata.str1.4
                0x8012b9c4       0x10 d:/env_released_1.1.3/env/tools/gnu_gcc/arm_gcc/mingw/bin/../lib/gcc/arm-none-eabi/5.4.1/../../../../arm-none-eabi/lib/armv7-ar/thumb/softfp\libc.a(lib_a-dtoa.o)
                                 0x12 (size before relaxing)
 .rodata.str1.4
                0x8012b9d4       0x10 d:/env_released_1.1.3/env/tools/gnu_gcc/arm_gcc/mingw/bin/../lib/gcc/arm-none-eabi/5.4.1/../../../../arm-none-eabi/lib/armv7-ar/thumb/softfp\libc.a(lib_a-locale.o)
                                 0x12 (size before relaxing)
 *fill*         0x8012b9e4        0x4 
 .rodata.__mprec_tens
                0x8012b9e8       0xc8 d:/env_released_1.1.3/env/tools/gnu_gcc/arm_gcc/mingw/bin/../lib/gcc/arm-none-eabi/5.4.1/../../../../arm-none-eabi/lib/armv7-ar/thumb/softfp\libc.a(lib_a-mprec.o)
                0x8012b9e8                __mprec_tens
 .rodata.__mprec_bigtens
                0x8012bab0       0x28 d:/env_released_1.1.3/env/tools/gnu_gcc/arm_gcc/mingw/bin/../lib/gcc/arm-none-eabi/5.4.1/../../../../arm-none-eabi/lib/armv7-ar/thumb/softfp\libc.a(lib_a-mprec.o)
                0x8012bab0                __mprec_bigtens
 .rodata.p05.6087
                0x8012bad8        0xc d:/env_released_1.1.3/env/tools/gnu_gcc/arm_gcc/mingw/bin/../lib/gcc/arm-none-eabi/5.4.1/../../../../arm-none-eabi/lib/armv7-ar/thumb/softfp\libc.a(lib_a-mprec.o)
 .rodata._ctype_
                0x8012bae4      0x101 d:/env_released_1.1.3/env/tools/gnu_gcc/arm_gcc/mingw/bin/../lib/gcc/arm-none-eabi/5.4.1/../../../../arm-none-eabi/lib/armv7-ar/thumb/softfp\libc.a(lib_a-ctype_.o)
                0x8012bae4                _ctype_
                0x8012bbe5                __rodata_end = .

.ARM.exidx      0x8012bbe8        0x8
 .ARM.exidx     0x8012bbe8        0x8 d:/env_released_1.1.3/env/tools/gnu_gcc/arm_gcc/mingw/bin/../lib/gcc/arm-none-eabi/5.4.1/armv7-ar/thumb/softfp\libgcc.a(_udivmoddi4.o)

.rel.dyn        0x8012bbf0        0x0
 .rel.iplt      0x8012bbf0        0x0 d:/env_released_1.1.3/env/tools/gnu_gcc/arm_gcc/mingw/bin/../lib/gcc/arm-none-eabi/5.4.1/armv7-ar/thumb/softfp/crtbegin.o
                0x8012bbf0                . = ALIGN (0x4)

.ctors          0x8012bbf0        0x0
                0x8012bbf0                PROVIDE (__ctors_start__, .)
 *(SORT(.ctors.*))
 *(.ctors)
                0x8012bbf0                PROVIDE (__ctors_end__, .)

.dtors          0x8012bbf0        0x0
                [!provide]                PROVIDE (__dtors_start__, .)
 *(SORT(.dtors.*))
 *(.dtors)
                [!provide]                PROVIDE (__dtors_end__, .)
                0x8012c000                . = ALIGN (0x4000)

.l1_page_table  0x8012c000     0x4000
                0x8012c000                __l1_page_table_start = .
                0x80130000                . = (. + 0x4000)
 *fill*         0x8012c000     0x4000 
                0x80130000                . = ALIGN (0x8)
                0x80130000                __data_start = .

.data           0x80130000     0x1394
 *(.data)
 .data          0x80130000       0x20 build\drivers\board.o
                0x80130000                platform_mem_desc
 .data          0x80130020        0x4 build\platform\cpu\ccm_pll2.o
                0x80130020                g_arm_clk
 .data          0x80130024       0x90 build\kernel\src\object.o
 .data          0x801300b4      0x100 build\kernel\components\dfs\src\dfs.o
                0x801300b4                working_directory
 .data          0x801301b4        0x4 build\kernel\components\finsh\msh.o
 .data          0x801301b8       0x3c build\kernel\components\finsh\finsh_error.o
 *(.data.*)
 *fill*         0x801301f4        0x4 
 .data.share.isr
                0x801301f8      0xc00 build\kernel\libcpu\arm\cortex-a\start_gcc.o
                0x801301f8                stack_start
                0x80130df8                stack_top
 .data.impure_data
                0x80130df8      0x428 d:/env_released_1.1.3/env/tools/gnu_gcc/arm_gcc/mingw/bin/../lib/gcc/arm-none-eabi/5.4.1/../../../../arm-none-eabi/lib/armv7-ar/thumb/softfp\libc.a(lib_a-impure.o)
 .data._impure_ptr
                0x80131220        0x4 d:/env_released_1.1.3/env/tools/gnu_gcc/arm_gcc/mingw/bin/../lib/gcc/arm-none-eabi/5.4.1/../../../../arm-none-eabi/lib/armv7-ar/thumb/softfp\libc.a(lib_a-impure.o)
                0x80131220                _impure_ptr
 .data.environ  0x80131224        0x4 d:/env_released_1.1.3/env/tools/gnu_gcc/arm_gcc/mingw/bin/../lib/gcc/arm-none-eabi/5.4.1/../../../../arm-none-eabi/lib/armv7-ar/thumb/softfp\libc.a(lib_a-environ.o)
                0x80131224                environ
 .data.__global_locale
                0x80131228      0x16c d:/env_released_1.1.3/env/tools/gnu_gcc/arm_gcc/mingw/bin/../lib/gcc/arm-none-eabi/5.4.1/../../../../arm-none-eabi/lib/armv7-ar/thumb/softfp\libc.a(lib_a-locale.o)
                0x80131228                __global_locale
                0x80131394                __data_end = .

.igot.plt       0x80131394        0x0
 .igot.plt      0x80131394        0x0 d:/env_released_1.1.3/env/tools/gnu_gcc/arm_gcc/mingw/bin/../lib/gcc/arm-none-eabi/5.4.1/armv7-ar/thumb/softfp/crtbegin.o
                0x80131398                . = ALIGN (0x8)
                0x80131398                __bss_start = .

.bss            0x80134000     0x8cd4
 *(.bss)
 .bss           0x80134000       0x10 build\drivers\led.o
 .bss           0x80134010        0x4 build\kernel\src\clock.o
 .bss           0x80134014      0x190 build\kernel\src\idle.o
 .bss           0x801341a4        0x9 build\kernel\src\irq.o
                0x801341ac                rt_interrupt_nest
 *fill*         0x801341ad        0x3 
 .bss           0x801341b0       0x88 build\kernel\src\kservice.o
 .bss           0x80134238       0x40 build\kernel\src\mem.o
 .bss           0x80134278        0x8 build\kernel\src\object.o
 .bss           0x80134280        0x8 build\kernel\src\scheduler.o
 .bss           0x80134288        0xc build\kernel\src\thread.o
 .bss           0x80134294       0x14 build\kernel\src\timer.o
 .bss           0x801342a8       0x10 build\kernel\libcpu\arm\cortex-a\gic.o
 .bss           0x801342b8        0xc build\kernel\libcpu\arm\cortex-a\interrupt.o
                0x801342b8                rt_interrupt_from_thread
                0x801342bc                rt_interrupt_to_thread
                0x801342c0                rt_thread_switch_interrupt_flag
 *fill*         0x801342c4     0x3d3c 
 .bss           0x80138000     0x4000 build\kernel\libcpu\arm\cortex-a\mmu.o
 .bss           0x8013c000       0x30 build\kernel\components\dfs\src\dfs.o
 .bss           0x8013c030      0x128 build\kernel\components\dfs\src\dfs_file.o
 .bss           0x8013c158       0x54 build\kernel\components\drivers\misc\pin.o
 .bss           0x8013c1ac       0x95 build\kernel\components\finsh\shell.o
                0x8013c1ac                _syscall_table_begin
                0x8013c1b0                _syscall_table_end
                0x8013c1b4                _sysvar_table_begin
                0x8013c1b8                _sysvar_table_end
 *fill*         0x8013c241        0x3 
 .bss           0x8013c244        0x4 build\kernel\components\finsh\cmd.o
 .bss           0x8013c248        0x8 build\kernel\components\finsh\finsh_heap.o
 .bss           0x8013c250        0x4 build\kernel\components\finsh\finsh_vm.o
                0x8013c250                global_syscall_list
 .bss           0x8013c254        0x4 build\kernel\components\libc\compilers\newlib\stdio.o
 .bss           0x8013c258        0xc build\kernel\components\libc\compilers\newlib\syscalls.o
                0x8013c258                _timevalue
 *(.bss.*)
 .bss.alloced.4731
                0x8013c264        0x4 d:/env_released_1.1.3/env/tools/gnu_gcc/arm_gcc/mingw/bin/../lib/gcc/arm-none-eabi/5.4.1/../../../../arm-none-eabi/lib/armv7-ar/thumb/softfp\libc.a(lib_a-setenv_r.o)
 .bss.initial_env
                0x8013c268        0x4 d:/env_released_1.1.3/env/tools/gnu_gcc/arm_gcc/mingw/bin/../lib/gcc/arm-none-eabi/5.4.1/../../../../arm-none-eabi/lib/armv7-ar/thumb/softfp\libc.a(lib_a-environ.o)
 *(COMMON)
 COMMON         0x8013c26c        0x4 build\kernel\src\kservice.o
                0x8013c26c                rt_assert_hook
 COMMON         0x8013c270        0xc build\kernel\src\object.o
                0x8013c270                rt_object_put_hook
                0x8013c274                rt_object_take_hook
                0x8013c278                rt_object_trytake_hook
 COMMON         0x8013c27c      0x114 build\kernel\src\scheduler.o
                0x8013c27c                rt_thread_priority_table
                0x8013c37c                rt_current_priority
                0x8013c380                rt_current_thread
                0x8013c384                rt_thread_ready_priority_group
                0x8013c388                rt_thread_defunct
 COMMON         0x8013c390      0x500 build\kernel\libcpu\arm\cortex-a\interrupt.o
                0x8013c390                isr_table
 COMMON         0x8013c890       0x28 build\kernel\components\dfs\src\dfs.o
                0x8013c890                filesystem_table
                0x8013c8b0                filesystem_operation_table
 COMMON         0x8013c8b8        0x4 build\kernel\components\finsh\shell.o
                0x8013c8b8                shell
 COMMON         0x8013c8bc        0x8 build\kernel\components\finsh\finsh_compiler.o
                0x8013c8bc                finsh_compile_pc
                0x8013c8c0                finsh_compile_sp
 COMMON         0x8013c8c4        0x1 build\kernel\components\finsh\finsh_error.o
                0x8013c8c4                global_errno
 *fill*         0x8013c8c5        0x3 
 COMMON         0x8013c8c8       0x80 build\kernel\components\finsh\finsh_heap.o
                0x8013c8c8                finsh_heap
 COMMON         0x8013c948      0x140 build\kernel\components\finsh\finsh_node.o
                0x8013c948                global_node_table
 COMMON         0x8013ca88       0xc4 build\kernel\components\finsh\finsh_var.o
                0x8013ca88                global_sysvar_list
                0x8013ca8c                global_variable
 COMMON         0x8013cb4c      0x188 build\kernel\components\finsh\finsh_vm.o
                0x8013cb4c                text_segment
                0x8013cbcc                finsh_vm_stack
                0x8013cccc                finsh_pc
                0x8013ccd0                finsh_sp
                0x8013ccd4                . = ALIGN (0x4)
                0x8013ccd4                . = ALIGN (0x4)
                0x8013ccd4                __bss_end = .

.stab
 *(.stab)

.stabstr
 *(.stabstr)

.stab.excl
 *(.stab.excl)

.stab.exclstr
 *(.stab.exclstr)

.stab.index
 *(.stab.index)

.stab.indexstr
 *(.stab.indexstr)

.comment        0x00000000       0x6e
 *(.comment)
 .comment       0x00000000       0x6e build\applications\application.o
                                 0x6f (size before relaxing)
 .comment       0x0000006e       0x6f build\applications\startup.o
 .comment       0x0000006e       0x6f build\drivers\board.o
 .comment       0x0000006e       0x6f build\drivers\led.o
 .comment       0x0000006e       0x6f build\platform\drivers\epit.o
 .comment       0x0000006e       0x6f build\platform\cpu\ccm_pll2.o
 .comment       0x0000006e       0x6f build\kernel\src\clock.o
 .comment       0x0000006e       0x6f build\kernel\src\components.o
 .comment       0x0000006e       0x6f build\kernel\src\device.o
 .comment       0x0000006e       0x6f build\kernel\src\idle.o
 .comment       0x0000006e       0x6f build\kernel\src\ipc.o
 .comment       0x0000006e       0x6f build\kernel\src\irq.o
 .comment       0x0000006e       0x6f build\kernel\src\kservice.o
 .comment       0x0000006e       0x6f build\kernel\src\mem.o
 .comment       0x0000006e       0x6f build\kernel\src\object.o
 .comment       0x0000006e       0x6f build\kernel\src\scheduler.o
 .comment       0x0000006e       0x6f build\kernel\src\thread.o
 .comment       0x0000006e       0x6f build\kernel\src\timer.o
 .comment       0x0000006e       0x6f build\kernel\libcpu\arm\cortex-a\cpu.o
 .comment       0x0000006e       0x6f build\kernel\libcpu\arm\cortex-a\gic.o
 .comment       0x0000006e       0x6f build\kernel\libcpu\arm\cortex-a\interrupt.o
 .comment       0x0000006e       0x6f build\kernel\libcpu\arm\cortex-a\mmu.o
 .comment       0x0000006e       0x6f build\kernel\libcpu\arm\cortex-a\stack.o
 .comment       0x0000006e       0x6f build\kernel\libcpu\arm\cortex-a\trap.o
 .comment       0x0000006e       0x6f build\kernel\components\dfs\src\dfs.o
 .comment       0x0000006e       0x6f build\kernel\components\dfs\src\dfs_file.o
 .comment       0x0000006e       0x6f build\kernel\components\dfs\src\dfs_fs.o
 .comment       0x0000006e       0x6f build\kernel\components\dfs\src\dfs_posix.o
 .comment       0x0000006e       0x6f build\kernel\components\dfs\filesystems\devfs\devfs.o
 .comment       0x0000006e       0x6f build\kernel\components\drivers\misc\pin.o
 .comment       0x0000006e       0x6f build\kernel\components\finsh\shell.o
 .comment       0x0000006e       0x6f build\kernel\components\finsh\cmd.o
 .comment       0x0000006e       0x6f build\kernel\components\finsh\msh.o